[0.080s] Invoking command in '/home/diablo/diablo_ws/build/diablo_ctrl': AMENT_PREFIX_PATH=/home/diablo/diablo_ws/install/diablo_body:/home/diablo/diablo_ws/install/diablo_utils:/home/diablo/diablo_ws/install/motion_msgs:/home/diablo/diablo_ws/install/ception_msgs:${AMENT_PREFIX_PATH} CMAKE_PREFIX_PATH=/home/diablo/diablo_ws/install/diablo_body:/home/diablo/diablo_ws/install/diablo_utils:/home/diablo/diablo_ws/install/motion_msgs:/home/diablo/diablo_ws/install/ception_msgs:/opt/ros/humble LD_LIBRARY_PATH=/home/diablo/diablo_ws/install/diablo_body/lib:/home/diablo/diablo_ws/install/diablo_utils/lib:/home/diablo/diablo_ws/install/motion_msgs/lib:/home/diablo/diablo_ws/install/ception_msgs/lib:${LD_LIBRARY_PATH} PYTHONPATH=/home/diablo/diablo_ws/install/motion_msgs/local/lib/python3.10/dist-packages:/home/diablo/diablo_ws/install/ception_msgs/local/lib/python3.10/dist-packages:${PYTHONPATH} /usr/bin/cmake /home/diablo/diablo_ws/src/diablo_ros2/diablo_interaction/diablo_ctrl -DAMENT_CMAKE_SYMLINK_INSTALL=1 -DCMAKE_INSTALL_PREFIX=/home/diablo/diablo_ws/install/diablo_ctrl
[0.784s] -- The C compiler identification is GNU 11.4.0
[1.058s] -- The CXX compiler identification is GNU 11.4.0
[1.107s] -- Detecting C compiler ABI info
[1.465s] -- Detecting C compiler ABI info - done
[1.493s] -- Check for working C compiler: /usr/bin/cc - skipped
[1.497s] -- Detecting C compile features
[1.500s] -- Detecting C compile features - done
[1.515s] -- Detecting CXX compiler ABI info
[1.886s] -- Detecting CXX compiler ABI info - done
[1.915s] -- Check for working CXX compiler: /usr/bin/c++ - skipped
[1.916s] -- Detecting CXX compile features
[1.918s] -- Detecting CXX compile features - done
[1.943s] -- Found rclcpp: 16.0.17 (/opt/ros/humble/share/rclcpp/cmake)
[2.669s] -- Found Python3: /usr/bin/python3 (found version "3.10.12") found components: Interpreter 
[2.985s] -- Override CMake install command with custom implementation using symlinks instead of copying resources
[3.695s] -- Found rosidl_generator_c: 3.1.8 (/opt/ros/humble/share/rosidl_generator_c/cmake)
[3.746s] -- Found rosidl_adapter: 3.1.8 (/opt/ros/humble/share/rosidl_adapter/cmake)
[3.818s] -- Found rosidl_generator_cpp: 3.1.8 (/opt/ros/humble/share/rosidl_generator_cpp/cmake)
[3.909s] -- Using all available rosidl_typesupport_c: rosidl_typesupport_fastrtps_c;rosidl_typesupport_introspection_c
[4.029s] -- Using all available rosidl_typesupport_cpp: rosidl_typesupport_fastrtps_cpp;rosidl_typesupport_introspection_cpp
[4.374s] -- Found rmw_implementation_cmake: 6.1.2 (/opt/ros/humble/share/rmw_implementation_cmake/cmake)
[4.403s] -- Found rmw_fastrtps_cpp: 6.2.9 (/opt/ros/humble/share/rmw_fastrtps_cpp/cmake)
[4.923s] -- Found OpenSSL: /usr/lib/aarch64-linux-gnu/libcrypto.so (found version "3.0.2")  
[5.052s] -- Found FastRTPS: /opt/ros/humble/include  
[5.261s] -- Using RMW implementation 'rmw_fastrtps_cpp' as default
[5.344s] -- Looking for pthread.h
[5.690s] -- Looking for pthread.h - found
[5.692s] -- Performing Test CMAKE_HAVE_LIBC_PTHREAD
[6.054s] -- Performing Test CMAKE_HAVE_LIBC_PTHREAD - Success
[6.059s] -- Found Threads: TRUE  
[6.366s] -- Found diablo_body: 1.0.0 (/home/diablo/diablo_ws/install/diablo_body/share/diablo_body/cmake)
[6.760s] -- Found ament_lint_auto: 0.12.14 (/opt/ros/humble/share/ament_lint_auto/cmake)
[7.268s] -- Added test 'copyright' to check source files copyright and LICENSE
[7.278s] -- Added test 'cppcheck' to perform static code analysis on C / C++ code
[7.279s] -- Configured cppcheck include dirs: /home/diablo/diablo_ws/src/diablo_ros2/diablo_interaction/diablo_ctrl/include
[7.279s] -- Configured cppcheck exclude dirs and/or files: 
[7.287s] -- Added test 'cpplint' to check C / C++ code against the Google style
[7.288s] -- Configured cpplint exclude dirs and/or files: 
[7.293s] -- Added test 'lint_cmake' to check CMake code style
[7.303s] -- Added test 'uncrustify' to check C / C++ code style
[7.303s] -- Configured uncrustify additional arguments: 
[7.307s] -- Added test 'xmllint' to check XML markup files
[7.327s] -- Configuring done
[7.475s] -- Generating done
[7.492s] -- Build files have been written to: /home/diablo/diablo_ws/build/diablo_ctrl
[7.530s] Invoked command in '/home/diablo/diablo_ws/build/diablo_ctrl' returned '0': AMENT_PREFIX_PATH=/home/diablo/diablo_ws/install/diablo_body:/home/diablo/diablo_ws/install/diablo_utils:/home/diablo/diablo_ws/install/motion_msgs:/home/diablo/diablo_ws/install/ception_msgs:${AMENT_PREFIX_PATH} CMAKE_PREFIX_PATH=/home/diablo/diablo_ws/install/diablo_body:/home/diablo/diablo_ws/install/diablo_utils:/home/diablo/diablo_ws/install/motion_msgs:/home/diablo/diablo_ws/install/ception_msgs:/opt/ros/humble LD_LIBRARY_PATH=/home/diablo/diablo_ws/install/diablo_body/lib:/home/diablo/diablo_ws/install/diablo_utils/lib:/home/diablo/diablo_ws/install/motion_msgs/lib:/home/diablo/diablo_ws/install/ception_msgs/lib:${LD_LIBRARY_PATH} PYTHONPATH=/home/diablo/diablo_ws/install/motion_msgs/local/lib/python3.10/dist-packages:/home/diablo/diablo_ws/install/ception_msgs/local/lib/python3.10/dist-packages:${PYTHONPATH} /usr/bin/cmake /home/diablo/diablo_ws/src/diablo_ros2/diablo_interaction/diablo_ctrl -DAMENT_CMAKE_SYMLINK_INSTALL=1 -DCMAKE_INSTALL_PREFIX=/home/diablo/diablo_ws/install/diablo_ctrl
[7.538s] Invoking command in '/home/diablo/diablo_ws/build/diablo_ctrl': AMENT_PREFIX_PATH=/home/diablo/diablo_ws/install/diablo_body:/home/diablo/diablo_ws/install/diablo_utils:/home/diablo/diablo_ws/install/motion_msgs:/home/diablo/diablo_ws/install/ception_msgs:${AMENT_PREFIX_PATH} CMAKE_PREFIX_PATH=/home/diablo/diablo_ws/install/diablo_body:/home/diablo/diablo_ws/install/diablo_utils:/home/diablo/diablo_ws/install/motion_msgs:/home/diablo/diablo_ws/install/ception_msgs:/opt/ros/humble LD_LIBRARY_PATH=/home/diablo/diablo_ws/install/diablo_body/lib:/home/diablo/diablo_ws/install/diablo_utils/lib:/home/diablo/diablo_ws/install/motion_msgs/lib:/home/diablo/diablo_ws/install/ception_msgs/lib:${LD_LIBRARY_PATH} PYTHONPATH=/home/diablo/diablo_ws/install/motion_msgs/local/lib/python3.10/dist-packages:/home/diablo/diablo_ws/install/ception_msgs/local/lib/python3.10/dist-packages:${PYTHONPATH} /usr/bin/cmake --build /home/diablo/diablo_ws/build/diablo_ctrl
[7.771s] [ 50%] [32mBuilding CXX object CMakeFiles/diablo_ctrl_node.dir/src/diablo_ctrl.cpp.o[0m
[39.587s] [100%] [32m[1mLinking CXX executable diablo_ctrl_node[0m
[42.366s] [100%] Built target diablo_ctrl_node
[42.414s] Invoked command in '/home/diablo/diablo_ws/build/diablo_ctrl' returned '0': AMENT_PREFIX_PATH=/home/diablo/diablo_ws/install/diablo_body:/home/diablo/diablo_ws/install/diablo_utils:/home/diablo/diablo_ws/install/motion_msgs:/home/diablo/diablo_ws/install/ception_msgs:${AMENT_PREFIX_PATH} CMAKE_PREFIX_PATH=/home/diablo/diablo_ws/install/diablo_body:/home/diablo/diablo_ws/install/diablo_utils:/home/diablo/diablo_ws/install/motion_msgs:/home/diablo/diablo_ws/install/ception_msgs:/opt/ros/humble LD_LIBRARY_PATH=/home/diablo/diablo_ws/install/diablo_body/lib:/home/diablo/diablo_ws/install/diablo_utils/lib:/home/diablo/diablo_ws/install/motion_msgs/lib:/home/diablo/diablo_ws/install/ception_msgs/lib:${LD_LIBRARY_PATH} PYTHONPATH=/home/diablo/diablo_ws/install/motion_msgs/local/lib/python3.10/dist-packages:/home/diablo/diablo_ws/install/ception_msgs/local/lib/python3.10/dist-packages:${PYTHONPATH} /usr/bin/cmake --build /home/diablo/diablo_ws/build/diablo_ctrl
[42.427s] Invoking command in '/home/diablo/diablo_ws/build/diablo_ctrl': AMENT_PREFIX_PATH=/home/diablo/diablo_ws/install/diablo_body:/home/diablo/diablo_ws/install/diablo_utils:/home/diablo/diablo_ws/install/motion_msgs:/home/diablo/diablo_ws/install/ception_msgs:${AMENT_PREFIX_PATH} CMAKE_PREFIX_PATH=/home/diablo/diablo_ws/install/diablo_body:/home/diablo/diablo_ws/install/diablo_utils:/home/diablo/diablo_ws/install/motion_msgs:/home/diablo/diablo_ws/install/ception_msgs:/opt/ros/humble LD_LIBRARY_PATH=/home/diablo/diablo_ws/install/diablo_body/lib:/home/diablo/diablo_ws/install/diablo_utils/lib:/home/diablo/diablo_ws/install/motion_msgs/lib:/home/diablo/diablo_ws/install/ception_msgs/lib:${LD_LIBRARY_PATH} PYTHONPATH=/home/diablo/diablo_ws/install/motion_msgs/local/lib/python3.10/dist-packages:/home/diablo/diablo_ws/install/ception_msgs/local/lib/python3.10/dist-packages:${PYTHONPATH} /usr/bin/cmake --install /home/diablo/diablo_ws/build/diablo_ctrl
[42.454s] -- Install configuration: ""
[42.456s] -- Execute custom install script
[42.458s] -- Symlinking: /home/diablo/diablo_ws/install/diablo_ctrl/lib/diablo_ctrl/diablo_ctrl_node
[42.491s] -- Symlinking: /home/diablo/diablo_ws/install/diablo_ctrl/include/diablo_ctrl/diablo_ctrl.hpp
[42.527s] -- Symlinking: /home/diablo/diablo_ws/install/diablo_ctrl/share/ament_index/resource_index/package_run_dependencies/diablo_ctrl
[42.563s] -- Symlinking: /home/diablo/diablo_ws/install/diablo_ctrl/share/ament_index/resource_index/parent_prefix_path/diablo_ctrl
[42.598s] -- Symlinking: /home/diablo/diablo_ws/install/diablo_ctrl/share/diablo_ctrl/environment/ament_prefix_path.sh
[42.633s] -- Symlinking: /home/diablo/diablo_ws/install/diablo_ctrl/share/diablo_ctrl/environment/ament_prefix_path.dsv
[42.668s] -- Symlinking: /home/diablo/diablo_ws/install/diablo_ctrl/share/diablo_ctrl/environment/path.sh
[42.702s] -- Symlinking: /home/diablo/diablo_ws/install/diablo_ctrl/share/diablo_ctrl/environment/path.dsv
[42.738s] -- Symlinking: /home/diablo/diablo_ws/install/diablo_ctrl/share/diablo_ctrl/local_setup.bash
[42.773s] -- Symlinking: /home/diablo/diablo_ws/install/diablo_ctrl/share/diablo_ctrl/local_setup.sh
[42.811s] -- Symlinking: /home/diablo/diablo_ws/install/diablo_ctrl/share/diablo_ctrl/local_setup.zsh
[42.846s] -- Symlinking: /home/diablo/diablo_ws/install/diablo_ctrl/share/diablo_ctrl/local_setup.dsv
[42.881s] -- Symlinking: /home/diablo/diablo_ws/install/diablo_ctrl/share/diablo_ctrl/package.dsv
[42.919s] -- Symlinking: /home/diablo/diablo_ws/install/diablo_ctrl/share/ament_index/resource_index/packages/diablo_ctrl
[42.956s] -- Symlinking: /home/diablo/diablo_ws/install/diablo_ctrl/share/diablo_ctrl/cmake/ament_cmake_export_include_directories-extras.cmake
[42.991s] -- Symlinking: /home/diablo/diablo_ws/install/diablo_ctrl/share/diablo_ctrl/cmake/ament_cmake_export_dependencies-extras.cmake
[43.027s] -- Symlinking: /home/diablo/diablo_ws/install/diablo_ctrl/share/diablo_ctrl/cmake/diablo_ctrlConfig.cmake
[43.061s] -- Symlinking: /home/diablo/diablo_ws/install/diablo_ctrl/share/diablo_ctrl/cmake/diablo_ctrlConfig-version.cmake
[43.098s] -- Symlinking: /home/diablo/diablo_ws/install/diablo_ctrl/share/diablo_ctrl/package.xml
[43.142s] Invoked command in '/home/diablo/diablo_ws/build/diablo_ctrl' returned '0': AMENT_PREFIX_PATH=/home/diablo/diablo_ws/install/diablo_body:/home/diablo/diablo_ws/install/diablo_utils:/home/diablo/diablo_ws/install/motion_msgs:/home/diablo/diablo_ws/install/ception_msgs:${AMENT_PREFIX_PATH} CMAKE_PREFIX_PATH=/home/diablo/diablo_ws/install/diablo_body:/home/diablo/diablo_ws/install/diablo_utils:/home/diablo/diablo_ws/install/motion_msgs:/home/diablo/diablo_ws/install/ception_msgs:/opt/ros/humble LD_LIBRARY_PATH=/home/diablo/diablo_ws/install/diablo_body/lib:/home/diablo/diablo_ws/install/diablo_utils/lib:/home/diablo/diablo_ws/install/motion_msgs/lib:/home/diablo/diablo_ws/install/ception_msgs/lib:${LD_LIBRARY_PATH} PYTHONPATH=/home/diablo/diablo_ws/install/motion_msgs/local/lib/python3.10/dist-packages:/home/diablo/diablo_ws/install/ception_msgs/local/lib/python3.10/dist-packages:${PYTHONPATH} /usr/bin/cmake --install /home/diablo/diablo_ws/build/diablo_ctrl
