[0.053s] Invoking command in '/home/diablo/diablo_ws/build/diablo_utils': AMENT_PREFIX_PATH=/home/diablo/diablo_ws/install/motion_msgs:${AMENT_PREFIX_PATH} CMAKE_PREFIX_PATH=/home/diablo/diablo_ws/install/motion_msgs:/opt/ros/humble LD_LIBRARY_PATH=/home/diablo/diablo_ws/install/motion_msgs/lib:${LD_LIBRARY_PATH} PYTHONPATH=/home/diablo/diablo_ws/install/motion_msgs/local/lib/python3.10/dist-packages:${PYTHONPATH} /usr/bin/cmake --build /home/diablo/diablo_ws/build/diablo_utils
[0.355s] [100%] Built target diablo_utils_core
[0.393s] Invoked command in '/home/diablo/diablo_ws/build/diablo_utils' returned '0': AMENT_PREFIX_PATH=/home/diablo/diablo_ws/install/motion_msgs:${AMENT_PREFIX_PATH} CMAKE_PREFIX_PATH=/home/diablo/diablo_ws/install/motion_msgs:/opt/ros/humble LD_LIBRARY_PATH=/home/diablo/diablo_ws/install/motion_msgs/lib:${LD_LIBRARY_PATH} PYTHONPATH=/home/diablo/diablo_ws/install/motion_msgs/local/lib/python3.10/dist-packages:${PYTHONPATH} /usr/bin/cmake --build /home/diablo/diablo_ws/build/diablo_utils
[0.404s] Invoking command in '/home/diablo/diablo_ws/build/diablo_utils': AMENT_PREFIX_PATH=/home/diablo/diablo_ws/install/motion_msgs:${AMENT_PREFIX_PATH} CMAKE_PREFIX_PATH=/home/diablo/diablo_ws/install/motion_msgs:/opt/ros/humble LD_LIBRARY_PATH=/home/diablo/diablo_ws/install/motion_msgs/lib:${LD_LIBRARY_PATH} PYTHONPATH=/home/diablo/diablo_ws/install/motion_msgs/local/lib/python3.10/dist-packages:${PYTHONPATH} /usr/bin/cmake --install /home/diablo/diablo_ws/build/diablo_utils
[0.432s] -- Install configuration: ""
[0.435s] -- Execute custom install script
[0.440s] -- Up-to-date symlink: /home/diablo/diablo_ws/install/diablo_utils/include//diablo_utils/VulcanSerial/Exception.hpp
[0.442s] -- Up-to-date symlink: /home/diablo/diablo_ws/install/diablo_utils/include//diablo_utils/VulcanSerial/SerialPort.hpp
[0.444s] -- Up-to-date symlink: /home/diablo/diablo_ws/install/diablo_utils/include//diablo_utils/diablo_tools/onboard_sdk_uart_protocol.h
[0.445s] -- Up-to-date symlink: /home/diablo/diablo_ws/install/diablo_utils/include//diablo_utils/diablo_tools/osdk_crc.hpp
[0.447s] -- Up-to-date symlink: /home/diablo/diablo_ws/install/diablo_utils/include//diablo_utils/diablo_tools/osdk_ddj_m15.hpp
[0.448s] -- Up-to-date symlink: /home/diablo/diablo_ws/install/diablo_utils/include//diablo_utils/diablo_tools/osdk_hal.hpp
[0.450s] -- Up-to-date symlink: /home/diablo/diablo_ws/install/diablo_utils/include//diablo_utils/diablo_tools/osdk_header.hpp
[0.451s] -- Up-to-date symlink: /home/diablo/diablo_ws/install/diablo_utils/include//diablo_utils/diablo_tools/osdk_movement.hpp
[0.453s] -- Up-to-date symlink: /home/diablo/diablo_ws/install/diablo_utils/include//diablo_utils/diablo_tools/osdk_telemetry.hpp
[0.454s] -- Up-to-date symlink: /home/diablo/diablo_ws/install/diablo_utils/include//diablo_utils/diablo_tools/osdk_vehicle.hpp
[0.456s] -- Up-to-date symlink: /home/diablo/diablo_ws/install/diablo_utils/include//diablo_utils/diablo_tools/osdk_virtual_rc.hpp
[0.459s] -- Up-to-date symlink: /home/diablo/diablo_ws/install/diablo_utils/lib/libdiablo_utils_core.so
[0.462s] -- Up-to-date symlink: /home/diablo/diablo_ws/install/diablo_utils/share/diablo_utils/environment/library_path.sh
[0.463s] -- Up-to-date symlink: /home/diablo/diablo_ws/install/diablo_utils/share/diablo_utils/environment/library_path.dsv
[0.466s] -- Up-to-date symlink: /home/diablo/diablo_ws/install/diablo_utils/share/ament_index/resource_index/package_run_dependencies/diablo_utils
[0.468s] -- Up-to-date symlink: /home/diablo/diablo_ws/install/diablo_utils/share/ament_index/resource_index/parent_prefix_path/diablo_utils
[0.470s] -- Up-to-date symlink: /home/diablo/diablo_ws/install/diablo_utils/share/diablo_utils/environment/ament_prefix_path.sh
[0.472s] -- Up-to-date symlink: /home/diablo/diablo_ws/install/diablo_utils/share/diablo_utils/environment/ament_prefix_path.dsv
[0.473s] -- Up-to-date symlink: /home/diablo/diablo_ws/install/diablo_utils/share/diablo_utils/environment/path.sh
[0.475s] -- Up-to-date symlink: /home/diablo/diablo_ws/install/diablo_utils/share/diablo_utils/environment/path.dsv
[0.476s] -- Up-to-date symlink: /home/diablo/diablo_ws/install/diablo_utils/share/diablo_utils/local_setup.bash
[0.478s] -- Up-to-date symlink: /home/diablo/diablo_ws/install/diablo_utils/share/diablo_utils/local_setup.sh
[0.479s] -- Up-to-date symlink: /home/diablo/diablo_ws/install/diablo_utils/share/diablo_utils/local_setup.zsh
[0.481s] -- Up-to-date symlink: /home/diablo/diablo_ws/install/diablo_utils/share/diablo_utils/local_setup.dsv
[0.482s] -- Symlinking: /home/diablo/diablo_ws/install/diablo_utils/share/diablo_utils/package.dsv
[0.516s] -- Up-to-date symlink: /home/diablo/diablo_ws/install/diablo_utils/share/ament_index/resource_index/packages/diablo_utils
[0.518s] -- Up-to-date symlink: /home/diablo/diablo_ws/install/diablo_utils/share/diablo_utils/cmake/ament_cmake_export_include_directories-extras.cmake
[0.519s] -- Up-to-date symlink: /home/diablo/diablo_ws/install/diablo_utils/share/diablo_utils/cmake/ament_cmake_export_libraries-extras.cmake
[0.521s] -- Up-to-date symlink: /home/diablo/diablo_ws/install/diablo_utils/share/diablo_utils/cmake/ament_cmake_export_dependencies-extras.cmake
[0.523s] -- Up-to-date symlink: /home/diablo/diablo_ws/install/diablo_utils/share/diablo_utils/cmake/diablo_utilsConfig.cmake
[0.524s] -- Up-to-date symlink: /home/diablo/diablo_ws/install/diablo_utils/share/diablo_utils/cmake/diablo_utilsConfig-version.cmake
[0.526s] -- Up-to-date symlink: /home/diablo/diablo_ws/install/diablo_utils/share/diablo_utils/package.xml
[0.534s] Invoked command in '/home/diablo/diablo_ws/build/diablo_utils' returned '0': AMENT_PREFIX_PATH=/home/diablo/diablo_ws/install/motion_msgs:${AMENT_PREFIX_PATH} CMAKE_PREFIX_PATH=/home/diablo/diablo_ws/install/motion_msgs:/opt/ros/humble LD_LIBRARY_PATH=/home/diablo/diablo_ws/install/motion_msgs/lib:${LD_LIBRARY_PATH} PYTHONPATH=/home/diablo/diablo_ws/install/motion_msgs/local/lib/python3.10/dist-packages:${PYTHONPATH} /usr/bin/cmake --install /home/diablo/diablo_ws/build/diablo_utils
