[0.456s] DEBUG:colcon:Command line arguments: ['/usr/bin/colcon', 'build', '--packages-select', 'diablo_test', '--parallel-workers', '1']
[0.456s] DEBUG:colcon:Parsed command line arguments: Namespace(log_base=None, log_level=None, verb_name='build', build_base='build', install_base='install', merge_install=False, symlink_install=False, test_result_base=None, continue_on_error=False, executor='parallel', parallel_workers=1, event_handlers=None, ignore_user_meta=False, metas=['./colcon.meta'], base_paths=['.'], packages_ignore=None, packages_ignore_regex=None, paths=None, packages_up_to=None, packages_up_to_regex=None, packages_above=None, packages_above_and_dependencies=None, packages_above_depth=None, packages_select_by_dep=None, packages_skip_by_dep=None, packages_skip_up_to=None, packages_select_build_failed=False, packages_skip_build_finished=False, packages_select_test_failures=False, packages_skip_test_passed=False, packages_select=['diablo_test'], packages_skip=None, packages_select_regex=None, packages_skip_regex=None, packages_start=None, packages_end=None, allow_overriding=[], cmake_args=None, cmake_target=None, cmake_target_skip_unavailable=False, cmake_clean_cache=False, cmake_clean_first=False, cmake_force_configure=False, ament_cmake_args=None, catkin_cmake_args=None, catkin_skip_building_tests=False, mixin_files=None, mixin=None, verb_parser=<colcon_mixin.mixin.mixin_argument.MixinArgumentDecorator object at 0xffff8598ceb0>, verb_extension=<colcon_core.verb.build.BuildVerb object at 0xffff85a89e10>, main=<bound method BuildVerb.main of <colcon_core.verb.build.BuildVerb object at 0xffff85a89e10>>, mixin_verb=('build',))
[1.476s] Level 1:colcon.colcon_core.package_discovery:discover_packages(colcon_meta) check parameters
[1.476s] Level 1:colcon.colcon_core.package_discovery:discover_packages(recursive) check parameters
[1.477s] Level 1:colcon.colcon_core.package_discovery:discover_packages(ignore) check parameters
[1.477s] Level 1:colcon.colcon_core.package_discovery:discover_packages(path) check parameters
[1.477s] Level 1:colcon.colcon_core.package_discovery:discover_packages(colcon_meta) discover
[1.477s] Level 1:colcon.colcon_core.package_discovery:discover_packages(recursive) discover
[1.477s] INFO:colcon.colcon_core.package_discovery:Crawling recursively for packages in '/home/diablo/diablo_ws'
[1.478s] Level 1:colcon.colcon_core.package_identification:_identify(.) by extensions ['ignore', 'ignore_ament_install']
[1.478s] Level 1:colcon.colcon_core.package_identification:_identify(.) by extension 'ignore'
[1.478s] Level 1:colcon.colcon_core.package_identification:_identify(.) by extension 'ignore_ament_install'
[1.479s] Level 1:colcon.colcon_core.package_identification:_identify(.) by extensions ['colcon_pkg']
[1.479s] Level 1:colcon.colcon_core.package_identification:_identify(.) by extension 'colcon_pkg'
[1.479s] Level 1:colcon.colcon_core.package_identification:_identify(.) by extensions ['colcon_meta']
[1.479s] Level 1:colcon.colcon_core.package_identification:_identify(.) by extension 'colcon_meta'
[1.479s] Level 1:colcon.colcon_core.package_identification:_identify(.) by extensions ['ros']
[1.479s] Level 1:colcon.colcon_core.package_identification:_identify(.) by extension 'ros'
[1.548s] Level 1:colcon.colcon_core.package_identification:_identify(.) by extensions ['cmake', 'python']
[1.549s] Level 1:colcon.colcon_core.package_identification:_identify(.) by extension 'cmake'
[1.549s] Level 1:colcon.colcon_core.package_identification:_identify(.) by extension 'python'
[1.549s] Level 1:colcon.colcon_core.package_identification:_identify(.) by extensions ['python_setup_py']
[1.549s] Level 1:colcon.colcon_core.package_identification:_identify(.) by extension 'python_setup_py'
[1.550s] Level 1:colcon.colcon_core.package_identification:_identify(build) by extensions ['ignore', 'ignore_ament_install']
[1.550s] Level 1:colcon.colcon_core.package_identification:_identify(build) by extension 'ignore'
[1.550s] Level 1:colcon.colcon_core.package_identification:_identify(build) ignored
[1.551s] Level 1:colcon.colcon_core.package_identification:_identify(install) by extensions ['ignore', 'ignore_ament_install']
[1.551s] Level 1:colcon.colcon_core.package_identification:_identify(install) by extension 'ignore'
[1.552s] Level 1:colcon.colcon_core.package_identification:_identify(install) ignored
[1.552s] Level 1:colcon.colcon_core.package_identification:_identify(log) by extensions ['ignore', 'ignore_ament_install']
[1.552s] Level 1:colcon.colcon_core.package_identification:_identify(log) by extension 'ignore'
[1.552s] Level 1:colcon.colcon_core.package_identification:_identify(log) ignored
[1.553s] Level 1:colcon.colcon_core.package_identification:_identify(src) by extensions ['ignore', 'ignore_ament_install']
[1.553s] Level 1:colcon.colcon_core.package_identification:_identify(src) by extension 'ignore'
[1.553s] Level 1:colcon.colcon_core.package_identification:_identify(src) by extension 'ignore_ament_install'
[1.554s] Level 1:colcon.colcon_core.package_identification:_identify(src) by extensions ['colcon_pkg']
[1.554s] Level 1:colcon.colcon_core.package_identification:_identify(src) by extension 'colcon_pkg'
[1.554s] Level 1:colcon.colcon_core.package_identification:_identify(src) by extensions ['colcon_meta']
[1.554s] Level 1:colcon.colcon_core.package_identification:_identify(src) by extension 'colcon_meta'
[1.554s] Level 1:colcon.colcon_core.package_identification:_identify(src) by extensions ['ros']
[1.554s] Level 1:colcon.colcon_core.package_identification:_identify(src) by extension 'ros'
[1.555s] Level 1:colcon.colcon_core.package_identification:_identify(src) by extensions ['cmake', 'python']
[1.555s] Level 1:colcon.colcon_core.package_identification:_identify(src) by extension 'cmake'
[1.555s] Level 1:colcon.colcon_core.package_identification:_identify(src) by extension 'python'
[1.555s] Level 1:colcon.colcon_core.package_identification:_identify(src) by extensions ['python_setup_py']
[1.555s] Level 1:colcon.colcon_core.package_identification:_identify(src) by extension 'python_setup_py'
[1.556s] Level 1:colcon.colcon_core.package_identification:_identify(src/EasyNavigation) by extensions ['ignore', 'ignore_ament_install']
[1.556s] Level 1:colcon.colcon_core.package_identification:_identify(src/EasyNavigation) by extension 'ignore'
[1.556s] Level 1:colcon.colcon_core.package_identification:_identify(src/EasyNavigation) by extension 'ignore_ament_install'
[1.556s] Level 1:colcon.colcon_core.package_identification:_identify(src/EasyNavigation) by extensions ['colcon_pkg']
[1.557s] Level 1:colcon.colcon_core.package_identification:_identify(src/EasyNavigation) by extension 'colcon_pkg'
[1.557s] Level 1:colcon.colcon_core.package_identification:_identify(src/EasyNavigation) by extensions ['colcon_meta']
[1.557s] Level 1:colcon.colcon_core.package_identification:_identify(src/EasyNavigation) by extension 'colcon_meta'
[1.557s] Level 1:colcon.colcon_core.package_identification:_identify(src/EasyNavigation) by extensions ['ros']
[1.557s] Level 1:colcon.colcon_core.package_identification:_identify(src/EasyNavigation) by extension 'ros'
[1.558s] Level 1:colcon.colcon_core.package_identification:_identify(src/EasyNavigation) by extensions ['cmake', 'python']
[1.558s] Level 1:colcon.colcon_core.package_identification:_identify(src/EasyNavigation) by extension 'cmake'
[1.558s] Level 1:colcon.colcon_core.package_identification:_identify(src/EasyNavigation) by extension 'python'
[1.558s] Level 1:colcon.colcon_core.package_identification:_identify(src/EasyNavigation) by extensions ['python_setup_py']
[1.558s] Level 1:colcon.colcon_core.package_identification:_identify(src/EasyNavigation) by extension 'python_setup_py'
[1.559s] Level 1:colcon.colcon_core.package_identification:_identify(src/NavMap) by extensions ['ignore', 'ignore_ament_install']
[1.559s] Level 1:colcon.colcon_core.package_identification:_identify(src/NavMap) by extension 'ignore'
[1.559s] Level 1:colcon.colcon_core.package_identification:_identify(src/NavMap) by extension 'ignore_ament_install'
[1.559s] Level 1:colcon.colcon_core.package_identification:_identify(src/NavMap) by extensions ['colcon_pkg']
[1.559s] Level 1:colcon.colcon_core.package_identification:_identify(src/NavMap) by extension 'colcon_pkg'
[1.560s] Level 1:colcon.colcon_core.package_identification:_identify(src/NavMap) by extensions ['colcon_meta']
[1.560s] Level 1:colcon.colcon_core.package_identification:_identify(src/NavMap) by extension 'colcon_meta'
[1.560s] Level 1:colcon.colcon_core.package_identification:_identify(src/NavMap) by extensions ['ros']
[1.560s] Level 1:colcon.colcon_core.package_identification:_identify(src/NavMap) by extension 'ros'
[1.560s] Level 1:colcon.colcon_core.package_identification:_identify(src/NavMap) by extensions ['cmake', 'python']
[1.561s] Level 1:colcon.colcon_core.package_identification:_identify(src/NavMap) by extension 'cmake'
[1.561s] Level 1:colcon.colcon_core.package_identification:_identify(src/NavMap) by extension 'python'
[1.561s] Level 1:colcon.colcon_core.package_identification:_identify(src/NavMap) by extensions ['python_setup_py']
[1.561s] Level 1:colcon.colcon_core.package_identification:_identify(src/NavMap) by extension 'python_setup_py'
[1.562s] Level 1:colcon.colcon_core.package_identification:_identify(src/diablo_ros2) by extensions ['ignore', 'ignore_ament_install']
[1.562s] Level 1:colcon.colcon_core.package_identification:_identify(src/diablo_ros2) by extension 'ignore'
[1.562s] Level 1:colcon.colcon_core.package_identification:_identify(src/diablo_ros2) by extension 'ignore_ament_install'
[1.562s] Level 1:colcon.colcon_core.package_identification:_identify(src/diablo_ros2) by extensions ['colcon_pkg']
[1.562s] Level 1:colcon.colcon_core.package_identification:_identify(src/diablo_ros2) by extension 'colcon_pkg'
[1.563s] Level 1:colcon.colcon_core.package_identification:_identify(src/diablo_ros2) by extensions ['colcon_meta']
[1.563s] Level 1:colcon.colcon_core.package_identification:_identify(src/diablo_ros2) by extension 'colcon_meta'
[1.563s] Level 1:colcon.colcon_core.package_identification:_identify(src/diablo_ros2) by extensions ['ros']
[1.563s] Level 1:colcon.colcon_core.package_identification:_identify(src/diablo_ros2) by extension 'ros'
[1.563s] Level 1:colcon.colcon_core.package_identification:_identify(src/diablo_ros2) by extensions ['cmake', 'python']
[1.563s] Level 1:colcon.colcon_core.package_identification:_identify(src/diablo_ros2) by extension 'cmake'
[1.564s] Level 1:colcon.colcon_core.package_identification:_identify(src/diablo_ros2) by extension 'python'
[1.564s] Level 1:colcon.colcon_core.package_identification:_identify(src/diablo_ros2) by extensions ['python_setup_py']
[1.564s] Level 1:colcon.colcon_core.package_identification:_identify(src/diablo_ros2) by extension 'python_setup_py'
[1.564s] Level 1:colcon.colcon_core.package_identification:_identify(src/diablo_ros2/diablo_ception) by extensions ['ignore', 'ignore_ament_install']
[1.565s] Level 1:colcon.colcon_core.package_identification:_identify(src/diablo_ros2/diablo_ception) by extension 'ignore'
[1.565s] Level 1:colcon.colcon_core.package_identification:_identify(src/diablo_ros2/diablo_ception) by extension 'ignore_ament_install'
[1.565s] Level 1:colcon.colcon_core.package_identification:_identify(src/diablo_ros2/diablo_ception) by extensions ['colcon_pkg']
[1.565s] Level 1:colcon.colcon_core.package_identification:_identify(src/diablo_ros2/diablo_ception) by extension 'colcon_pkg'
[1.565s] Level 1:colcon.colcon_core.package_identification:_identify(src/diablo_ros2/diablo_ception) by extensions ['colcon_meta']
[1.565s] Level 1:colcon.colcon_core.package_identification:_identify(src/diablo_ros2/diablo_ception) by extension 'colcon_meta'
[1.566s] Level 1:colcon.colcon_core.package_identification:_identify(src/diablo_ros2/diablo_ception) by extensions ['ros']
[1.566s] Level 1:colcon.colcon_core.package_identification:_identify(src/diablo_ros2/diablo_ception) by extension 'ros'
[1.566s] Level 1:colcon.colcon_core.package_identification:_identify(src/diablo_ros2/diablo_ception) by extensions ['cmake', 'python']
[1.566s] Level 1:colcon.colcon_core.package_identification:_identify(src/diablo_ros2/diablo_ception) by extension 'cmake'
[1.566s] Level 1:colcon.colcon_core.package_identification:_identify(src/diablo_ros2/diablo_ception) by extension 'python'
[1.567s] Level 1:colcon.colcon_core.package_identification:_identify(src/diablo_ros2/diablo_ception) by extensions ['python_setup_py']
[1.567s] Level 1:colcon.colcon_core.package_identification:_identify(src/diablo_ros2/diablo_ception) by extension 'python_setup_py'
[1.567s] Level 1:colcon.colcon_core.package_identification:_identify(src/diablo_ros2/diablo_ception/diablo_body) by extensions ['ignore', 'ignore_ament_install']
[1.568s] Level 1:colcon.colcon_core.package_identification:_identify(src/diablo_ros2/diablo_ception/diablo_body) by extension 'ignore'
[1.568s] Level 1:colcon.colcon_core.package_identification:_identify(src/diablo_ros2/diablo_ception/diablo_body) by extension 'ignore_ament_install'
[1.568s] Level 1:colcon.colcon_core.package_identification:_identify(src/diablo_ros2/diablo_ception/diablo_body) by extensions ['colcon_pkg']
[1.568s] Level 1:colcon.colcon_core.package_identification:_identify(src/diablo_ros2/diablo_ception/diablo_body) by extension 'colcon_pkg'
[1.568s] Level 1:colcon.colcon_core.package_identification:_identify(src/diablo_ros2/diablo_ception/diablo_body) by extensions ['colcon_meta']
[1.568s] Level 1:colcon.colcon_core.package_identification:_identify(src/diablo_ros2/diablo_ception/diablo_body) by extension 'colcon_meta'
[1.569s] Level 1:colcon.colcon_core.package_identification:_identify(src/diablo_ros2/diablo_ception/diablo_body) by extensions ['ros']
[1.569s] Level 1:colcon.colcon_core.package_identification:_identify(src/diablo_ros2/diablo_ception/diablo_body) by extension 'ros'
[1.582s] DEBUG:colcon.colcon_core.package_identification:Package 'src/diablo_ros2/diablo_ception/diablo_body' with type 'ros.ament_cmake' and name 'diablo_body'
[1.583s] Level 1:colcon.colcon_core.package_identification:_identify(src/diablo_ros2/diablo_common) by extensions ['ignore', 'ignore_ament_install']
[1.583s] Level 1:colcon.colcon_core.package_identification:_identify(src/diablo_ros2/diablo_common) by extension 'ignore'
[1.584s] Level 1:colcon.colcon_core.package_identification:_identify(src/diablo_ros2/diablo_common) by extension 'ignore_ament_install'
[1.584s] Level 1:colcon.colcon_core.package_identification:_identify(src/diablo_ros2/diablo_common) by extensions ['colcon_pkg']
[1.584s] Level 1:colcon.colcon_core.package_identification:_identify(src/diablo_ros2/diablo_common) by extension 'colcon_pkg'
[1.584s] Level 1:colcon.colcon_core.package_identification:_identify(src/diablo_ros2/diablo_common) by extensions ['colcon_meta']
[1.584s] Level 1:colcon.colcon_core.package_identification:_identify(src/diablo_ros2/diablo_common) by extension 'colcon_meta'
[1.585s] Level 1:colcon.colcon_core.package_identification:_identify(src/diablo_ros2/diablo_common) by extensions ['ros']
[1.585s] Level 1:colcon.colcon_core.package_identification:_identify(src/diablo_ros2/diablo_common) by extension 'ros'
[1.585s] Level 1:colcon.colcon_core.package_identification:_identify(src/diablo_ros2/diablo_common) by extensions ['cmake', 'python']
[1.585s] Level 1:colcon.colcon_core.package_identification:_identify(src/diablo_ros2/diablo_common) by extension 'cmake'
[1.586s] Level 1:colcon.colcon_core.package_identification:_identify(src/diablo_ros2/diablo_common) by extension 'python'
[1.586s] Level 1:colcon.colcon_core.package_identification:_identify(src/diablo_ros2/diablo_common) by extensions ['python_setup_py']
[1.586s] Level 1:colcon.colcon_core.package_identification:_identify(src/diablo_ros2/diablo_common) by extension 'python_setup_py'
[1.587s] Level 1:colcon.colcon_core.package_identification:_identify(src/diablo_ros2/diablo_common/diablo_utils) by extensions ['ignore', 'ignore_ament_install']
[1.587s] Level 1:colcon.colcon_core.package_identification:_identify(src/diablo_ros2/diablo_common/diablo_utils) by extension 'ignore'
[1.587s] Level 1:colcon.colcon_core.package_identification:_identify(src/diablo_ros2/diablo_common/diablo_utils) by extension 'ignore_ament_install'
[1.587s] Level 1:colcon.colcon_core.package_identification:_identify(src/diablo_ros2/diablo_common/diablo_utils) by extensions ['colcon_pkg']
[1.588s] Level 1:colcon.colcon_core.package_identification:_identify(src/diablo_ros2/diablo_common/diablo_utils) by extension 'colcon_pkg'
[1.588s] Level 1:colcon.colcon_core.package_identification:_identify(src/diablo_ros2/diablo_common/diablo_utils) by extensions ['colcon_meta']
[1.588s] Level 1:colcon.colcon_core.package_identification:_identify(src/diablo_ros2/diablo_common/diablo_utils) by extension 'colcon_meta'
[1.588s] Level 1:colcon.colcon_core.package_identification:_identify(src/diablo_ros2/diablo_common/diablo_utils) by extensions ['ros']
[1.588s] Level 1:colcon.colcon_core.package_identification:_identify(src/diablo_ros2/diablo_common/diablo_utils) by extension 'ros'
[1.591s] DEBUG:colcon.colcon_core.package_identification:Package 'src/diablo_ros2/diablo_common/diablo_utils' with type 'ros.ament_cmake' and name 'diablo_utils'
[1.592s] Level 1:colcon.colcon_core.package_identification:_identify(src/diablo_ros2/diablo_interaction) by extensions ['ignore', 'ignore_ament_install']
[1.592s] Level 1:colcon.colcon_core.package_identification:_identify(src/diablo_ros2/diablo_interaction) by extension 'ignore'
[1.592s] Level 1:colcon.colcon_core.package_identification:_identify(src/diablo_ros2/diablo_interaction) by extension 'ignore_ament_install'
[1.593s] Level 1:colcon.colcon_core.package_identification:_identify(src/diablo_ros2/diablo_interaction) by extensions ['colcon_pkg']
[1.593s] Level 1:colcon.colcon_core.package_identification:_identify(src/diablo_ros2/diablo_interaction) by extension 'colcon_pkg'
[1.593s] Level 1:colcon.colcon_core.package_identification:_identify(src/diablo_ros2/diablo_interaction) by extensions ['colcon_meta']
[1.593s] Level 1:colcon.colcon_core.package_identification:_identify(src/diablo_ros2/diablo_interaction) by extension 'colcon_meta'
[1.594s] Level 1:colcon.colcon_core.package_identification:_identify(src/diablo_ros2/diablo_interaction) by extensions ['ros']
[1.594s] Level 1:colcon.colcon_core.package_identification:_identify(src/diablo_ros2/diablo_interaction) by extension 'ros'
[1.594s] Level 1:colcon.colcon_core.package_identification:_identify(src/diablo_ros2/diablo_interaction) by extensions ['cmake', 'python']
[1.594s] Level 1:colcon.colcon_core.package_identification:_identify(src/diablo_ros2/diablo_interaction) by extension 'cmake'
[1.595s] Level 1:colcon.colcon_core.package_identification:_identify(src/diablo_ros2/diablo_interaction) by extension 'python'
[1.595s] Level 1:colcon.colcon_core.package_identification:_identify(src/diablo_ros2/diablo_interaction) by extensions ['python_setup_py']
[1.595s] Level 1:colcon.colcon_core.package_identification:_identify(src/diablo_ros2/diablo_interaction) by extension 'python_setup_py'
[1.595s] Level 1:colcon.colcon_core.package_identification:_identify(src/diablo_ros2/diablo_interaction/diablo_ctrl) by extensions ['ignore', 'ignore_ament_install']
[1.596s] Level 1:colcon.colcon_core.package_identification:_identify(src/diablo_ros2/diablo_interaction/diablo_ctrl) by extension 'ignore'
[1.596s] Level 1:colcon.colcon_core.package_identification:_identify(src/diablo_ros2/diablo_interaction/diablo_ctrl) by extension 'ignore_ament_install'
[1.596s] Level 1:colcon.colcon_core.package_identification:_identify(src/diablo_ros2/diablo_interaction/diablo_ctrl) by extensions ['colcon_pkg']
[1.596s] Level 1:colcon.colcon_core.package_identification:_identify(src/diablo_ros2/diablo_interaction/diablo_ctrl) by extension 'colcon_pkg'
[1.597s] Level 1:colcon.colcon_core.package_identification:_identify(src/diablo_ros2/diablo_interaction/diablo_ctrl) by extensions ['colcon_meta']
[1.597s] Level 1:colcon.colcon_core.package_identification:_identify(src/diablo_ros2/diablo_interaction/diablo_ctrl) by extension 'colcon_meta'
[1.597s] Level 1:colcon.colcon_core.package_identification:_identify(src/diablo_ros2/diablo_interaction/diablo_ctrl) by extensions ['ros']
[1.597s] Level 1:colcon.colcon_core.package_identification:_identify(src/diablo_ros2/diablo_interaction/diablo_ctrl) by extension 'ros'
[1.601s] DEBUG:colcon.colcon_core.package_identification:Package 'src/diablo_ros2/diablo_interaction/diablo_ctrl' with type 'ros.ament_cmake' and name 'diablo_ctrl'
[1.601s] Level 1:colcon.colcon_core.package_identification:_identify(src/diablo_ros2/diablo_interaction/diablo_teleop) by extensions ['ignore', 'ignore_ament_install']
[1.602s] Level 1:colcon.colcon_core.package_identification:_identify(src/diablo_ros2/diablo_interaction/diablo_teleop) by extension 'ignore'
[1.602s] Level 1:colcon.colcon_core.package_identification:_identify(src/diablo_ros2/diablo_interaction/diablo_teleop) by extension 'ignore_ament_install'
[1.602s] Level 1:colcon.colcon_core.package_identification:_identify(src/diablo_ros2/diablo_interaction/diablo_teleop) by extensions ['colcon_pkg']
[1.602s] Level 1:colcon.colcon_core.package_identification:_identify(src/diablo_ros2/diablo_interaction/diablo_teleop) by extension 'colcon_pkg'
[1.603s] Level 1:colcon.colcon_core.package_identification:_identify(src/diablo_ros2/diablo_interaction/diablo_teleop) by extensions ['colcon_meta']
[1.603s] Level 1:colcon.colcon_core.package_identification:_identify(src/diablo_ros2/diablo_interaction/diablo_teleop) by extension 'colcon_meta'
[1.603s] Level 1:colcon.colcon_core.package_identification:_identify(src/diablo_ros2/diablo_interaction/diablo_teleop) by extensions ['ros']
[1.603s] Level 1:colcon.colcon_core.package_identification:_identify(src/diablo_ros2/diablo_interaction/diablo_teleop) by extension 'ros'
[1.606s] DEBUG:colcon.colcon_core.package_identification:Package 'src/diablo_ros2/diablo_interaction/diablo_teleop' with type 'ros.ament_python' and name 'diablo_teleop'
[1.606s] Level 1:colcon.colcon_core.package_identification:_identify(src/diablo_ros2/diablo_interfaces) by extensions ['ignore', 'ignore_ament_install']
[1.607s] Level 1:colcon.colcon_core.package_identification:_identify(src/diablo_ros2/diablo_interfaces) by extension 'ignore'
[1.607s] Level 1:colcon.colcon_core.package_identification:_identify(src/diablo_ros2/diablo_interfaces) by extension 'ignore_ament_install'
[1.607s] Level 1:colcon.colcon_core.package_identification:_identify(src/diablo_ros2/diablo_interfaces) by extensions ['colcon_pkg']
[1.607s] Level 1:colcon.colcon_core.package_identification:_identify(src/diablo_ros2/diablo_interfaces) by extension 'colcon_pkg'
[1.607s] Level 1:colcon.colcon_core.package_identification:_identify(src/diablo_ros2/diablo_interfaces) by extensions ['colcon_meta']
[1.608s] Level 1:colcon.colcon_core.package_identification:_identify(src/diablo_ros2/diablo_interfaces) by extension 'colcon_meta'
[1.608s] Level 1:colcon.colcon_core.package_identification:_identify(src/diablo_ros2/diablo_interfaces) by extensions ['ros']
[1.608s] Level 1:colcon.colcon_core.package_identification:_identify(src/diablo_ros2/diablo_interfaces) by extension 'ros'
[1.608s] Level 1:colcon.colcon_core.package_identification:_identify(src/diablo_ros2/diablo_interfaces) by extensions ['cmake', 'python']
[1.608s] Level 1:colcon.colcon_core.package_identification:_identify(src/diablo_ros2/diablo_interfaces) by extension 'cmake'
[1.609s] Level 1:colcon.colcon_core.package_identification:_identify(src/diablo_ros2/diablo_interfaces) by extension 'python'
[1.609s] Level 1:colcon.colcon_core.package_identification:_identify(src/diablo_ros2/diablo_interfaces) by extensions ['python_setup_py']
[1.609s] Level 1:colcon.colcon_core.package_identification:_identify(src/diablo_ros2/diablo_interfaces) by extension 'python_setup_py'
[1.609s] Level 1:colcon.colcon_core.package_identification:_identify(src/diablo_ros2/diablo_interfaces/ception_msgs) by extensions ['ignore', 'ignore_ament_install']
[1.610s] Level 1:colcon.colcon_core.package_identification:_identify(src/diablo_ros2/diablo_interfaces/ception_msgs) by extension 'ignore'
[1.610s] Level 1:colcon.colcon_core.package_identification:_identify(src/diablo_ros2/diablo_interfaces/ception_msgs) by extension 'ignore_ament_install'
[1.610s] Level 1:colcon.colcon_core.package_identification:_identify(src/diablo_ros2/diablo_interfaces/ception_msgs) by extensions ['colcon_pkg']
[1.610s] Level 1:colcon.colcon_core.package_identification:_identify(src/diablo_ros2/diablo_interfaces/ception_msgs) by extension 'colcon_pkg'
[1.610s] Level 1:colcon.colcon_core.package_identification:_identify(src/diablo_ros2/diablo_interfaces/ception_msgs) by extensions ['colcon_meta']
[1.611s] Level 1:colcon.colcon_core.package_identification:_identify(src/diablo_ros2/diablo_interfaces/ception_msgs) by extension 'colcon_meta'
[1.611s] Level 1:colcon.colcon_core.package_identification:_identify(src/diablo_ros2/diablo_interfaces/ception_msgs) by extensions ['ros']
[1.611s] Level 1:colcon.colcon_core.package_identification:_identify(src/diablo_ros2/diablo_interfaces/ception_msgs) by extension 'ros'
[1.613s] DEBUG:colcon.colcon_core.package_identification:Package 'src/diablo_ros2/diablo_interfaces/ception_msgs' with type 'ros.ament_cmake' and name 'ception_msgs'
[1.614s] Level 1:colcon.colcon_core.package_identification:_identify(src/diablo_ros2/diablo_interfaces/motion_msgs) by extensions ['ignore', 'ignore_ament_install']
[1.614s] Level 1:colcon.colcon_core.package_identification:_identify(src/diablo_ros2/diablo_interfaces/motion_msgs) by extension 'ignore'
[1.615s] Level 1:colcon.colcon_core.package_identification:_identify(src/diablo_ros2/diablo_interfaces/motion_msgs) by extension 'ignore_ament_install'
[1.615s] Level 1:colcon.colcon_core.package_identification:_identify(src/diablo_ros2/diablo_interfaces/motion_msgs) by extensions ['colcon_pkg']
[1.615s] Level 1:colcon.colcon_core.package_identification:_identify(src/diablo_ros2/diablo_interfaces/motion_msgs) by extension 'colcon_pkg'
[1.615s] Level 1:colcon.colcon_core.package_identification:_identify(src/diablo_ros2/diablo_interfaces/motion_msgs) by extensions ['colcon_meta']
[1.615s] Level 1:colcon.colcon_core.package_identification:_identify(src/diablo_ros2/diablo_interfaces/motion_msgs) by extension 'colcon_meta'
[1.616s] Level 1:colcon.colcon_core.package_identification:_identify(src/diablo_ros2/diablo_interfaces/motion_msgs) by extensions ['ros']
[1.616s] Level 1:colcon.colcon_core.package_identification:_identify(src/diablo_ros2/diablo_interfaces/motion_msgs) by extension 'ros'
[1.618s] DEBUG:colcon.colcon_core.package_identification:Package 'src/diablo_ros2/diablo_interfaces/motion_msgs' with type 'ros.ament_cmake' and name 'motion_msgs'
[1.619s] Level 1:colcon.colcon_core.package_identification:_identify(src/diablo_ros2/diablo_visualise) by extensions ['ignore', 'ignore_ament_install']
[1.619s] Level 1:colcon.colcon_core.package_identification:_identify(src/diablo_ros2/diablo_visualise) by extension 'ignore'
[1.620s] Level 1:colcon.colcon_core.package_identification:_identify(src/diablo_ros2/diablo_visualise) by extension 'ignore_ament_install'
[1.620s] Level 1:colcon.colcon_core.package_identification:_identify(src/diablo_ros2/diablo_visualise) by extensions ['colcon_pkg']
[1.620s] Level 1:colcon.colcon_core.package_identification:_identify(src/diablo_ros2/diablo_visualise) by extension 'colcon_pkg'
[1.620s] Level 1:colcon.colcon_core.package_identification:_identify(src/diablo_ros2/diablo_visualise) by extensions ['colcon_meta']
[1.620s] Level 1:colcon.colcon_core.package_identification:_identify(src/diablo_ros2/diablo_visualise) by extension 'colcon_meta'
[1.620s] Level 1:colcon.colcon_core.package_identification:_identify(src/diablo_ros2/diablo_visualise) by extensions ['ros']
[1.621s] Level 1:colcon.colcon_core.package_identification:_identify(src/diablo_ros2/diablo_visualise) by extension 'ros'
[1.621s] Level 1:colcon.colcon_core.package_identification:_identify(src/diablo_ros2/diablo_visualise) by extensions ['cmake', 'python']
[1.621s] Level 1:colcon.colcon_core.package_identification:_identify(src/diablo_ros2/diablo_visualise) by extension 'cmake'
[1.621s] Level 1:colcon.colcon_core.package_identification:_identify(src/diablo_ros2/diablo_visualise) by extension 'python'
[1.621s] Level 1:colcon.colcon_core.package_identification:_identify(src/diablo_ros2/diablo_visualise) by extensions ['python_setup_py']
[1.622s] Level 1:colcon.colcon_core.package_identification:_identify(src/diablo_ros2/diablo_visualise) by extension 'python_setup_py'
[1.622s] Level 1:colcon.colcon_core.package_identification:_identify(src/diablo_ros2/diablo_visualise/diablo_rviz2_plugin) by extensions ['ignore', 'ignore_ament_install']
[1.622s] Level 1:colcon.colcon_core.package_identification:_identify(src/diablo_ros2/diablo_visualise/diablo_rviz2_plugin) by extension 'ignore'
[1.623s] Level 1:colcon.colcon_core.package_identification:_identify(src/diablo_ros2/diablo_visualise/diablo_rviz2_plugin) by extension 'ignore_ament_install'
[1.623s] Level 1:colcon.colcon_core.package_identification:_identify(src/diablo_ros2/diablo_visualise/diablo_rviz2_plugin) by extensions ['colcon_pkg']
[1.623s] Level 1:colcon.colcon_core.package_identification:_identify(src/diablo_ros2/diablo_visualise/diablo_rviz2_plugin) by extension 'colcon_pkg'
[1.623s] Level 1:colcon.colcon_core.package_identification:_identify(src/diablo_ros2/diablo_visualise/diablo_rviz2_plugin) by extensions ['colcon_meta']
[1.623s] Level 1:colcon.colcon_core.package_identification:_identify(src/diablo_ros2/diablo_visualise/diablo_rviz2_plugin) by extension 'colcon_meta'
[1.624s] Level 1:colcon.colcon_core.package_identification:_identify(src/diablo_ros2/diablo_visualise/diablo_rviz2_plugin) by extensions ['ros']
[1.624s] Level 1:colcon.colcon_core.package_identification:_identify(src/diablo_ros2/diablo_visualise/diablo_rviz2_plugin) by extension 'ros'
[1.629s] DEBUG:colcon.colcon_core.package_identification:Package 'src/diablo_ros2/diablo_visualise/diablo_rviz2_plugin' with type 'ros.ament_cmake' and name 'diablo_rviz2_control_plugin'
[1.629s] Level 1:colcon.colcon_core.package_identification:_identify(src/diablo_ros2/diablo_visualise/diablo_simpose_trans) by extensions ['ignore', 'ignore_ament_install']
[1.630s] Level 1:colcon.colcon_core.package_identification:_identify(src/diablo_ros2/diablo_visualise/diablo_simpose_trans) by extension 'ignore'
[1.630s] Level 1:colcon.colcon_core.package_identification:_identify(src/diablo_ros2/diablo_visualise/diablo_simpose_trans) by extension 'ignore_ament_install'
[1.630s] Level 1:colcon.colcon_core.package_identification:_identify(src/diablo_ros2/diablo_visualise/diablo_simpose_trans) by extensions ['colcon_pkg']
[1.630s] Level 1:colcon.colcon_core.package_identification:_identify(src/diablo_ros2/diablo_visualise/diablo_simpose_trans) by extension 'colcon_pkg'
[1.631s] Level 1:colcon.colcon_core.package_identification:_identify(src/diablo_ros2/diablo_visualise/diablo_simpose_trans) by extensions ['colcon_meta']
[1.631s] Level 1:colcon.colcon_core.package_identification:_identify(src/diablo_ros2/diablo_visualise/diablo_simpose_trans) by extension 'colcon_meta'
[1.631s] Level 1:colcon.colcon_core.package_identification:_identify(src/diablo_ros2/diablo_visualise/diablo_simpose_trans) by extensions ['ros']
[1.631s] Level 1:colcon.colcon_core.package_identification:_identify(src/diablo_ros2/diablo_visualise/diablo_simpose_trans) by extension 'ros'
[1.634s] DEBUG:colcon.colcon_core.package_identification:Package 'src/diablo_ros2/diablo_visualise/diablo_simpose_trans' with type 'ros.ament_cmake' and name 'diablo_simpose_trans'
[1.635s] Level 1:colcon.colcon_core.package_identification:_identify(src/diablo_ros2/diablo_visualise/diablo_simulation) by extensions ['ignore', 'ignore_ament_install']
[1.635s] Level 1:colcon.colcon_core.package_identification:_identify(src/diablo_ros2/diablo_visualise/diablo_simulation) by extension 'ignore'
[1.636s] Level 1:colcon.colcon_core.package_identification:_identify(src/diablo_ros2/diablo_visualise/diablo_simulation) by extension 'ignore_ament_install'
[1.636s] Level 1:colcon.colcon_core.package_identification:_identify(src/diablo_ros2/diablo_visualise/diablo_simulation) by extensions ['colcon_pkg']
[1.636s] Level 1:colcon.colcon_core.package_identification:_identify(src/diablo_ros2/diablo_visualise/diablo_simulation) by extension 'colcon_pkg'
[1.636s] Level 1:colcon.colcon_core.package_identification:_identify(src/diablo_ros2/diablo_visualise/diablo_simulation) by extensions ['colcon_meta']
[1.636s] Level 1:colcon.colcon_core.package_identification:_identify(src/diablo_ros2/diablo_visualise/diablo_simulation) by extension 'colcon_meta'
[1.637s] Level 1:colcon.colcon_core.package_identification:_identify(src/diablo_ros2/diablo_visualise/diablo_simulation) by extensions ['ros']
[1.637s] Level 1:colcon.colcon_core.package_identification:_identify(src/diablo_ros2/diablo_visualise/diablo_simulation) by extension 'ros'
[1.640s] DEBUG:colcon.colcon_core.package_identification:Package 'src/diablo_ros2/diablo_visualise/diablo_simulation' with type 'ros.ament_python' and name 'diablo_simulation'
[1.641s] Level 1:colcon.colcon_core.package_identification:_identify(src/diablo_ros2/docs) by extensions ['ignore', 'ignore_ament_install']
[1.641s] Level 1:colcon.colcon_core.package_identification:_identify(src/diablo_ros2/docs) by extension 'ignore'
[1.641s] Level 1:colcon.colcon_core.package_identification:_identify(src/diablo_ros2/docs) by extension 'ignore_ament_install'
[1.642s] Level 1:colcon.colcon_core.package_identification:_identify(src/diablo_ros2/docs) by extensions ['colcon_pkg']
[1.642s] Level 1:colcon.colcon_core.package_identification:_identify(src/diablo_ros2/docs) by extension 'colcon_pkg'
[1.642s] Level 1:colcon.colcon_core.package_identification:_identify(src/diablo_ros2/docs) by extensions ['colcon_meta']
[1.642s] Level 1:colcon.colcon_core.package_identification:_identify(src/diablo_ros2/docs) by extension 'colcon_meta'
[1.642s] Level 1:colcon.colcon_core.package_identification:_identify(src/diablo_ros2/docs) by extensions ['ros']
[1.642s] Level 1:colcon.colcon_core.package_identification:_identify(src/diablo_ros2/docs) by extension 'ros'
[1.643s] Level 1:colcon.colcon_core.package_identification:_identify(src/diablo_ros2/docs) by extensions ['cmake', 'python']
[1.643s] Level 1:colcon.colcon_core.package_identification:_identify(src/diablo_ros2/docs) by extension 'cmake'
[1.643s] Level 1:colcon.colcon_core.package_identification:_identify(src/diablo_ros2/docs) by extension 'python'
[1.643s] Level 1:colcon.colcon_core.package_identification:_identify(src/diablo_ros2/docs) by extensions ['python_setup_py']
[1.643s] Level 1:colcon.colcon_core.package_identification:_identify(src/diablo_ros2/docs) by extension 'python_setup_py'
[1.644s] Level 1:colcon.colcon_core.package_identification:_identify(src/diablo_ros2/docs/docs_en) by extensions ['ignore', 'ignore_ament_install']
[1.644s] Level 1:colcon.colcon_core.package_identification:_identify(src/diablo_ros2/docs/docs_en) by extension 'ignore'
[1.644s] Level 1:colcon.colcon_core.package_identification:_identify(src/diablo_ros2/docs/docs_en) by extension 'ignore_ament_install'
[1.645s] Level 1:colcon.colcon_core.package_identification:_identify(src/diablo_ros2/docs/docs_en) by extensions ['colcon_pkg']
[1.645s] Level 1:colcon.colcon_core.package_identification:_identify(src/diablo_ros2/docs/docs_en) by extension 'colcon_pkg'
[1.645s] Level 1:colcon.colcon_core.package_identification:_identify(src/diablo_ros2/docs/docs_en) by extensions ['colcon_meta']
[1.645s] Level 1:colcon.colcon_core.package_identification:_identify(src/diablo_ros2/docs/docs_en) by extension 'colcon_meta'
[1.645s] Level 1:colcon.colcon_core.package_identification:_identify(src/diablo_ros2/docs/docs_en) by extensions ['ros']
[1.645s] Level 1:colcon.colcon_core.package_identification:_identify(src/diablo_ros2/docs/docs_en) by extension 'ros'
[1.646s] Level 1:colcon.colcon_core.package_identification:_identify(src/diablo_ros2/docs/docs_en) by extensions ['cmake', 'python']
[1.646s] Level 1:colcon.colcon_core.package_identification:_identify(src/diablo_ros2/docs/docs_en) by extension 'cmake'
[1.646s] Level 1:colcon.colcon_core.package_identification:_identify(src/diablo_ros2/docs/docs_en) by extension 'python'
[1.646s] Level 1:colcon.colcon_core.package_identification:_identify(src/diablo_ros2/docs/docs_en) by extensions ['python_setup_py']
[1.646s] Level 1:colcon.colcon_core.package_identification:_identify(src/diablo_ros2/docs/docs_en) by extension 'python_setup_py'
[1.647s] Level 1:colcon.colcon_core.package_identification:_identify(src/diablo_ros2/docs/img) by extensions ['ignore', 'ignore_ament_install']
[1.647s] Level 1:colcon.colcon_core.package_identification:_identify(src/diablo_ros2/docs/img) by extension 'ignore'
[1.647s] Level 1:colcon.colcon_core.package_identification:_identify(src/diablo_ros2/docs/img) by extension 'ignore_ament_install'
[1.648s] Level 1:colcon.colcon_core.package_identification:_identify(src/diablo_ros2/docs/img) by extensions ['colcon_pkg']
[1.648s] Level 1:colcon.colcon_core.package_identification:_identify(src/diablo_ros2/docs/img) by extension 'colcon_pkg'
[1.648s] Level 1:colcon.colcon_core.package_identification:_identify(src/diablo_ros2/docs/img) by extensions ['colcon_meta']
[1.648s] Level 1:colcon.colcon_core.package_identification:_identify(src/diablo_ros2/docs/img) by extension 'colcon_meta'
[1.648s] Level 1:colcon.colcon_core.package_identification:_identify(src/diablo_ros2/docs/img) by extensions ['ros']
[1.648s] Level 1:colcon.colcon_core.package_identification:_identify(src/diablo_ros2/docs/img) by extension 'ros'
[1.649s] Level 1:colcon.colcon_core.package_identification:_identify(src/diablo_ros2/docs/img) by extensions ['cmake', 'python']
[1.649s] Level 1:colcon.colcon_core.package_identification:_identify(src/diablo_ros2/docs/img) by extension 'cmake'
[1.649s] Level 1:colcon.colcon_core.package_identification:_identify(src/diablo_ros2/docs/img) by extension 'python'
[1.649s] Level 1:colcon.colcon_core.package_identification:_identify(src/diablo_ros2/docs/img) by extensions ['python_setup_py']
[1.649s] Level 1:colcon.colcon_core.package_identification:_identify(src/diablo_ros2/docs/img) by extension 'python_setup_py'
[1.650s] Level 1:colcon.colcon_core.package_identification:_identify(src/diablo_test) by extensions ['ignore', 'ignore_ament_install']
[1.650s] Level 1:colcon.colcon_core.package_identification:_identify(src/diablo_test) by extension 'ignore'
[1.650s] Level 1:colcon.colcon_core.package_identification:_identify(src/diablo_test) by extension 'ignore_ament_install'
[1.651s] Level 1:colcon.colcon_core.package_identification:_identify(src/diablo_test) by extensions ['colcon_pkg']
[1.651s] Level 1:colcon.colcon_core.package_identification:_identify(src/diablo_test) by extension 'colcon_pkg'
[1.651s] Level 1:colcon.colcon_core.package_identification:_identify(src/diablo_test) by extensions ['colcon_meta']
[1.651s] Level 1:colcon.colcon_core.package_identification:_identify(src/diablo_test) by extension 'colcon_meta'
[1.651s] Level 1:colcon.colcon_core.package_identification:_identify(src/diablo_test) by extensions ['ros']
[1.651s] Level 1:colcon.colcon_core.package_identification:_identify(src/diablo_test) by extension 'ros'
[1.656s] DEBUG:colcon.colcon_core.package_identification:Package 'src/diablo_test' with type 'ros.ament_cmake' and name 'diablo_test'
[1.656s] Level 1:colcon.colcon_core.package_identification:_identify(src/easynav_playground_kobuki) by extensions ['ignore', 'ignore_ament_install']
[1.657s] Level 1:colcon.colcon_core.package_identification:_identify(src/easynav_playground_kobuki) by extension 'ignore'
[1.657s] Level 1:colcon.colcon_core.package_identification:_identify(src/easynav_playground_kobuki) by extension 'ignore_ament_install'
[1.657s] Level 1:colcon.colcon_core.package_identification:_identify(src/easynav_playground_kobuki) by extensions ['colcon_pkg']
[1.657s] Level 1:colcon.colcon_core.package_identification:_identify(src/easynav_playground_kobuki) by extension 'colcon_pkg'
[1.657s] Level 1:colcon.colcon_core.package_identification:_identify(src/easynav_playground_kobuki) by extensions ['colcon_meta']
[1.658s] Level 1:colcon.colcon_core.package_identification:_identify(src/easynav_playground_kobuki) by extension 'colcon_meta'
[1.658s] Level 1:colcon.colcon_core.package_identification:_identify(src/easynav_playground_kobuki) by extensions ['ros']
[1.658s] Level 1:colcon.colcon_core.package_identification:_identify(src/easynav_playground_kobuki) by extension 'ros'
[1.658s] Level 1:colcon.colcon_core.package_identification:_identify(src/easynav_playground_kobuki) by extensions ['cmake', 'python']
[1.658s] Level 1:colcon.colcon_core.package_identification:_identify(src/easynav_playground_kobuki) by extension 'cmake'
[1.659s] Level 1:colcon.colcon_core.package_identification:_identify(src/easynav_playground_kobuki) by extension 'python'
[1.659s] Level 1:colcon.colcon_core.package_identification:_identify(src/easynav_playground_kobuki) by extensions ['python_setup_py']
[1.659s] Level 1:colcon.colcon_core.package_identification:_identify(src/easynav_playground_kobuki) by extension 'python_setup_py'
[1.659s] Level 1:colcon.colcon_core.package_identification:_identify(src/easynav_plugins) by extensions ['ignore', 'ignore_ament_install']
[1.660s] Level 1:colcon.colcon_core.package_identification:_identify(src/easynav_plugins) by extension 'ignore'
[1.660s] Level 1:colcon.colcon_core.package_identification:_identify(src/easynav_plugins) by extension 'ignore_ament_install'
[1.660s] Level 1:colcon.colcon_core.package_identification:_identify(src/easynav_plugins) by extensions ['colcon_pkg']
[1.660s] Level 1:colcon.colcon_core.package_identification:_identify(src/easynav_plugins) by extension 'colcon_pkg'
[1.660s] Level 1:colcon.colcon_core.package_identification:_identify(src/easynav_plugins) by extensions ['colcon_meta']
[1.660s] Level 1:colcon.colcon_core.package_identification:_identify(src/easynav_plugins) by extension 'colcon_meta'
[1.661s] Level 1:colcon.colcon_core.package_identification:_identify(src/easynav_plugins) by extensions ['ros']
[1.661s] Level 1:colcon.colcon_core.package_identification:_identify(src/easynav_plugins) by extension 'ros'
[1.661s] Level 1:colcon.colcon_core.package_identification:_identify(src/easynav_plugins) by extensions ['cmake', 'python']
[1.661s] Level 1:colcon.colcon_core.package_identification:_identify(src/easynav_plugins) by extension 'cmake'
[1.661s] Level 1:colcon.colcon_core.package_identification:_identify(src/easynav_plugins) by extension 'python'
[1.662s] Level 1:colcon.colcon_core.package_identification:_identify(src/easynav_plugins) by extensions ['python_setup_py']
[1.662s] Level 1:colcon.colcon_core.package_identification:_identify(src/easynav_plugins) by extension 'python_setup_py'
[1.662s] Level 1:colcon.colcon_core.package_identification:_identify(src/perception_pcl) by extensions ['ignore', 'ignore_ament_install']
[1.662s] Level 1:colcon.colcon_core.package_identification:_identify(src/perception_pcl) by extension 'ignore'
[1.663s] Level 1:colcon.colcon_core.package_identification:_identify(src/perception_pcl) by extension 'ignore_ament_install'
[1.663s] Level 1:colcon.colcon_core.package_identification:_identify(src/perception_pcl) by extensions ['colcon_pkg']
[1.663s] Level 1:colcon.colcon_core.package_identification:_identify(src/perception_pcl) by extension 'colcon_pkg'
[1.663s] Level 1:colcon.colcon_core.package_identification:_identify(src/perception_pcl) by extensions ['colcon_meta']
[1.663s] Level 1:colcon.colcon_core.package_identification:_identify(src/perception_pcl) by extension 'colcon_meta'
[1.663s] Level 1:colcon.colcon_core.package_identification:_identify(src/perception_pcl) by extensions ['ros']
[1.664s] Level 1:colcon.colcon_core.package_identification:_identify(src/perception_pcl) by extension 'ros'
[1.664s] Level 1:colcon.colcon_core.package_identification:_identify(src/perception_pcl) by extensions ['cmake', 'python']
[1.664s] Level 1:colcon.colcon_core.package_identification:_identify(src/perception_pcl) by extension 'cmake'
[1.664s] Level 1:colcon.colcon_core.package_identification:_identify(src/perception_pcl) by extension 'python'
[1.664s] Level 1:colcon.colcon_core.package_identification:_identify(src/perception_pcl) by extensions ['python_setup_py']
[1.664s] Level 1:colcon.colcon_core.package_identification:_identify(src/perception_pcl) by extension 'python_setup_py'
[1.665s] Level 1:colcon.colcon_core.package_identification:_identify(src/vision_opencv) by extensions ['ignore', 'ignore_ament_install']
[1.665s] Level 1:colcon.colcon_core.package_identification:_identify(src/vision_opencv) by extension 'ignore'
[1.665s] Level 1:colcon.colcon_core.package_identification:_identify(src/vision_opencv) by extension 'ignore_ament_install'
[1.666s] Level 1:colcon.colcon_core.package_identification:_identify(src/vision_opencv) by extensions ['colcon_pkg']
[1.666s] Level 1:colcon.colcon_core.package_identification:_identify(src/vision_opencv) by extension 'colcon_pkg'
[1.666s] Level 1:colcon.colcon_core.package_identification:_identify(src/vision_opencv) by extensions ['colcon_meta']
[1.666s] Level 1:colcon.colcon_core.package_identification:_identify(src/vision_opencv) by extension 'colcon_meta'
[1.666s] Level 1:colcon.colcon_core.package_identification:_identify(src/vision_opencv) by extensions ['ros']
[1.666s] Level 1:colcon.colcon_core.package_identification:_identify(src/vision_opencv) by extension 'ros'
[1.667s] Level 1:colcon.colcon_core.package_identification:_identify(src/vision_opencv) by extensions ['cmake', 'python']
[1.667s] Level 1:colcon.colcon_core.package_identification:_identify(src/vision_opencv) by extension 'cmake'
[1.667s] Level 1:colcon.colcon_core.package_identification:_identify(src/vision_opencv) by extension 'python'
[1.667s] Level 1:colcon.colcon_core.package_identification:_identify(src/vision_opencv) by extensions ['python_setup_py']
[1.667s] Level 1:colcon.colcon_core.package_identification:_identify(src/vision_opencv) by extension 'python_setup_py'
[1.668s] Level 1:colcon.colcon_core.package_identification:_identify(src/yaets) by extensions ['ignore', 'ignore_ament_install']
[1.668s] Level 1:colcon.colcon_core.package_identification:_identify(src/yaets) by extension 'ignore'
[1.668s] Level 1:colcon.colcon_core.package_identification:_identify(src/yaets) by extension 'ignore_ament_install'
[1.668s] Level 1:colcon.colcon_core.package_identification:_identify(src/yaets) by extensions ['colcon_pkg']
[1.669s] Level 1:colcon.colcon_core.package_identification:_identify(src/yaets) by extension 'colcon_pkg'
[1.669s] Level 1:colcon.colcon_core.package_identification:_identify(src/yaets) by extensions ['colcon_meta']
[1.669s] Level 1:colcon.colcon_core.package_identification:_identify(src/yaets) by extension 'colcon_meta'
[1.669s] Level 1:colcon.colcon_core.package_identification:_identify(src/yaets) by extensions ['ros']
[1.669s] Level 1:colcon.colcon_core.package_identification:_identify(src/yaets) by extension 'ros'
[1.670s] Level 1:colcon.colcon_core.package_identification:_identify(src/yaets) by extensions ['cmake', 'python']
[1.670s] Level 1:colcon.colcon_core.package_identification:_identify(src/yaets) by extension 'cmake'
[1.670s] Level 1:colcon.colcon_core.package_identification:_identify(src/yaets) by extension 'python'
[1.670s] Level 1:colcon.colcon_core.package_identification:_identify(src/yaets) by extensions ['python_setup_py']
[1.670s] Level 1:colcon.colcon_core.package_identification:_identify(src/yaets) by extension 'python_setup_py'
[1.670s] Level 1:colcon.colcon_core.package_discovery:discover_packages(recursive) using defaults
[1.671s] Level 1:colcon.colcon_core.package_discovery:discover_packages(ignore) discover
[1.671s] Level 1:colcon.colcon_core.package_discovery:discover_packages(ignore) using defaults
[1.671s] Level 1:colcon.colcon_core.package_discovery:discover_packages(path) discover
[1.671s] Level 1:colcon.colcon_core.package_discovery:discover_packages(path) using defaults
[1.781s] INFO:colcon.colcon_core.package_selection:Skipping not selected package 'ception_msgs' in 'src/diablo_ros2/diablo_interfaces/ception_msgs'
[1.781s] INFO:colcon.colcon_core.package_selection:Skipping not selected package 'diablo_simulation' in 'src/diablo_ros2/diablo_visualise/diablo_simulation'
[1.781s] INFO:colcon.colcon_core.package_selection:Skipping not selected package 'motion_msgs' in 'src/diablo_ros2/diablo_interfaces/motion_msgs'
[1.781s] INFO:colcon.colcon_core.package_selection:Skipping not selected package 'diablo_rviz2_control_plugin' in 'src/diablo_ros2/diablo_visualise/diablo_rviz2_plugin'
[1.781s] INFO:colcon.colcon_core.package_selection:Skipping not selected package 'diablo_teleop' in 'src/diablo_ros2/diablo_interaction/diablo_teleop'
[1.782s] INFO:colcon.colcon_core.package_selection:Skipping not selected package 'diablo_utils' in 'src/diablo_ros2/diablo_common/diablo_utils'
[1.782s] INFO:colcon.colcon_core.package_selection:Skipping not selected package 'diablo_body' in 'src/diablo_ros2/diablo_ception/diablo_body'
[1.782s] INFO:colcon.colcon_core.package_selection:Skipping not selected package 'diablo_ctrl' in 'src/diablo_ros2/diablo_interaction/diablo_ctrl'
[1.782s] INFO:colcon.colcon_core.package_selection:Skipping not selected package 'diablo_simpose_trans' in 'src/diablo_ros2/diablo_visualise/diablo_simpose_trans'
[1.784s] Level 1:colcon.colcon_core.package_discovery:discover_packages(prefix_path) check parameters
[1.785s] Level 1:colcon.colcon_core.package_discovery:discover_packages(prefix_path) discover
[1.800s] DEBUG:colcon.colcon_installed_package_information.package_discovery:Found 7 installed packages in /home/diablo/diablo_ws/install
[1.807s] DEBUG:colcon.colcon_installed_package_information.package_discovery:Found 183 installed packages in /opt/ros/humble
[1.817s] Level 1:colcon.colcon_core.package_discovery:discover_packages(prefix_path) using defaults
[1.996s] Level 5:colcon.colcon_core.verb:set package 'diablo_test' build argument 'cmake_args' from command line to 'None'
[1.996s] Level 5:colcon.colcon_core.verb:set package 'diablo_test' build argument 'cmake_target' from command line to 'None'
[1.996s] Level 5:colcon.colcon_core.verb:set package 'diablo_test' build argument 'cmake_target_skip_unavailable' from command line to 'False'
[1.996s] Level 5:colcon.colcon_core.verb:set package 'diablo_test' build argument 'cmake_clean_cache' from command line to 'False'
[1.996s] Level 5:colcon.colcon_core.verb:set package 'diablo_test' build argument 'cmake_clean_first' from command line to 'False'
[1.996s] Level 5:colcon.colcon_core.verb:set package 'diablo_test' build argument 'cmake_force_configure' from command line to 'False'
[1.997s] Level 5:colcon.colcon_core.verb:set package 'diablo_test' build argument 'ament_cmake_args' from command line to 'None'
[1.997s] Level 5:colcon.colcon_core.verb:set package 'diablo_test' build argument 'catkin_cmake_args' from command line to 'None'
[1.997s] Level 5:colcon.colcon_core.verb:set package 'diablo_test' build argument 'catkin_skip_building_tests' from command line to 'False'
[1.997s] DEBUG:colcon.colcon_core.verb:Building package 'diablo_test' with the following arguments: {'ament_cmake_args': None, 'build_base': '/home/diablo/diablo_ws/build/diablo_test', 'catkin_cmake_args': None, 'catkin_skip_building_tests': False, 'cmake_args': None, 'cmake_clean_cache': False, 'cmake_clean_first': False, 'cmake_force_configure': False, 'cmake_target': None, 'cmake_target_skip_unavailable': False, 'install_base': '/home/diablo/diablo_ws/install/diablo_test', 'merge_install': False, 'path': '/home/diablo/diablo_ws/src/diablo_test', 'symlink_install': False, 'test_result_base': None}
[1.998s] INFO:colcon.colcon_core.executor:Executing jobs using 'parallel' executor
[2.001s] DEBUG:colcon.colcon_parallel_executor.executor.parallel:run_until_complete
[2.001s] INFO:colcon.colcon_ros.task.ament_cmake.build:Building ROS package in '/home/diablo/diablo_ws/src/diablo_test' with build type 'ament_cmake'
[2.002s] INFO:colcon.colcon_cmake.task.cmake.build:Building CMake package in '/home/diablo/diablo_ws/src/diablo_test'
[2.023s] INFO:colcon.colcon_core.plugin_system:Skipping extension 'colcon_core.shell.bat': Not used on non-Windows systems
[2.024s] INFO:colcon.colcon_core.shell:Skip shell extension 'powershell' for command environment: Not usable outside of PowerShell
[2.024s] DEBUG:colcon.colcon_core.shell:Skip shell extension 'dsv' for command environment
[2.096s] DEBUG:colcon.colcon_core.event_handler.log_command:Invoking command in '/home/diablo/diablo_ws/build/diablo_test': CMAKE_PREFIX_PATH=/home/diablo/diablo_ws/install/motion_msgs:/home/diablo/diablo_ws/install/diablo_ctrl:/home/diablo/diablo_ws/install/diablo_body:/home/diablo/diablo_ws/install/diablo_utils:/home/diablo/diablo_ws/install/ception_msgs:/home/diablo/diablo_ws/install/diablo_simulation:/opt/ros/humble LD_LIBRARY_PATH=/home/diablo/diablo_ws/install/motion_msgs/lib:/home/diablo/diablo_ws/install/diablo_body/lib:/home/diablo/diablo_ws/install/diablo_utils/lib:/home/diablo/diablo_ws/install/ception_msgs/lib:/opt/ros/humble/lib/aarch64-linux-gnu:/opt/ros/humble/lib /usr/bin/cmake /home/diablo/diablo_ws/src/diablo_test -DCMAKE_INSTALL_PREFIX=/home/diablo/diablo_ws/install/diablo_test
[5.391s] DEBUG:colcon.colcon_core.event_handler.log_command:Invoked command in '/home/diablo/diablo_ws/build/diablo_test' returned '1': CMAKE_PREFIX_PATH=/home/diablo/diablo_ws/install/motion_msgs:/home/diablo/diablo_ws/install/diablo_ctrl:/home/diablo/diablo_ws/install/diablo_body:/home/diablo/diablo_ws/install/diablo_utils:/home/diablo/diablo_ws/install/ception_msgs:/home/diablo/diablo_ws/install/diablo_simulation:/opt/ros/humble LD_LIBRARY_PATH=/home/diablo/diablo_ws/install/motion_msgs/lib:/home/diablo/diablo_ws/install/diablo_body/lib:/home/diablo/diablo_ws/install/diablo_utils/lib:/home/diablo/diablo_ws/install/ception_msgs/lib:/opt/ros/humble/lib/aarch64-linux-gnu:/opt/ros/humble/lib /usr/bin/cmake /home/diablo/diablo_ws/src/diablo_test -DCMAKE_INSTALL_PREFIX=/home/diablo/diablo_ws/install/diablo_test
[5.397s] Level 1:colcon.colcon_core.environment:create_environment_scripts_only(diablo_test)
[5.420s] Level 1:colcon.colcon_core.environment:checking '/home/diablo/diablo_ws/install/diablo_test' for CMake module files
[5.423s] Level 1:colcon.colcon_core.environment:checking '/home/diablo/diablo_ws/install/diablo_test' for CMake config files
[5.426s] Level 1:colcon.colcon_core.environment:checking '/home/diablo/diablo_ws/install/diablo_test/bin'
[5.426s] Level 1:colcon.colcon_core.environment:checking '/home/diablo/diablo_ws/install/diablo_test/lib/pkgconfig/diablo_test.pc'
[5.427s] Level 1:colcon.colcon_core.environment:checking '/home/diablo/diablo_ws/install/diablo_test/lib/python3.10/site-packages'
[5.429s] Level 1:colcon.colcon_core.environment:checking '/home/diablo/diablo_ws/install/diablo_test/bin'
[5.430s] INFO:colcon.colcon_core.shell:Creating package script '/home/diablo/diablo_ws/install/diablo_test/share/diablo_test/package.ps1'
[5.435s] INFO:colcon.colcon_core.shell:Creating package descriptor '/home/diablo/diablo_ws/install/diablo_test/share/diablo_test/package.dsv'
[5.441s] INFO:colcon.colcon_core.shell:Creating package script '/home/diablo/diablo_ws/install/diablo_test/share/diablo_test/package.sh'
[5.446s] INFO:colcon.colcon_core.shell:Creating package script '/home/diablo/diablo_ws/install/diablo_test/share/diablo_test/package.bash'
[5.451s] INFO:colcon.colcon_core.shell:Creating package script '/home/diablo/diablo_ws/install/diablo_test/share/diablo_test/package.zsh'
[5.456s] Level 1:colcon.colcon_core.environment:create_file_with_runtime_dependencies(/home/diablo/diablo_ws/install/diablo_test/share/colcon-core/packages/diablo_test)
[5.467s] DEBUG:colcon.colcon_parallel_executor.executor.parallel:closing loop
[5.468s] DEBUG:colcon.colcon_parallel_executor.executor.parallel:loop closed
[5.469s] DEBUG:colcon.colcon_parallel_executor.executor.parallel:run_until_complete finished with '1'
[5.469s] DEBUG:colcon.colcon_core.event_reactor:joining thread
[5.501s] INFO:colcon.colcon_core.plugin_system:Skipping extension 'colcon_notification.desktop_notification.notify_send': Could not find 'notify-send'
[5.501s] INFO:colcon.colcon_core.plugin_system:Skipping extension 'colcon_notification.desktop_notification.terminal_notifier': Not used on non-Darwin systems
[5.502s] INFO:colcon.colcon_core.plugin_system:Skipping extension 'colcon_notification.desktop_notification.win32': Not used on non-Windows systems
[5.502s] INFO:colcon.colcon_notification.desktop_notification:Sending desktop notification using 'notify2'
[5.549s] DEBUG:colcon.colcon_notification.desktop_notification.notify2:Failed to initialize notify2: org.freedesktop.DBus.Error.ServiceUnknown: The name org.freedesktop.Notifications was not provided by any .service files
[5.550s] DEBUG:colcon.colcon_core.event_reactor:joined thread
[5.552s] INFO:colcon.colcon_core.shell:Creating prefix script '/home/diablo/diablo_ws/install/local_setup.ps1'
[5.557s] INFO:colcon.colcon_core.shell:Creating prefix util module '/home/diablo/diablo_ws/install/_local_setup_util_ps1.py'
[5.568s] INFO:colcon.colcon_core.shell:Creating prefix chain script '/home/diablo/diablo_ws/install/setup.ps1'
[5.575s] INFO:colcon.colcon_core.shell:Creating prefix script '/home/diablo/diablo_ws/install/local_setup.sh'
[5.579s] INFO:colcon.colcon_core.shell:Creating prefix util module '/home/diablo/diablo_ws/install/_local_setup_util_sh.py'
[5.582s] INFO:colcon.colcon_core.shell:Creating prefix chain script '/home/diablo/diablo_ws/install/setup.sh'
[5.589s] INFO:colcon.colcon_core.shell:Creating prefix script '/home/diablo/diablo_ws/install/local_setup.bash'
[5.592s] INFO:colcon.colcon_core.shell:Creating prefix chain script '/home/diablo/diablo_ws/install/setup.bash'
[5.599s] INFO:colcon.colcon_core.shell:Creating prefix script '/home/diablo/diablo_ws/install/local_setup.zsh'
[5.602s] INFO:colcon.colcon_core.shell:Creating prefix chain script '/home/diablo/diablo_ws/install/setup.zsh'
