[0.047s] Invoking command in '/home/diablo/diablo_ws/build/diablo_utils': AMENT_PREFIX_PATH=/home/diablo/diablo_ws/install/motion_msgs:${AMENT_PREFIX_PATH} CMAKE_PREFIX_PATH=/home/diablo/diablo_ws/install/motion_msgs:/opt/ros/humble LD_LIBRARY_PATH=/home/diablo/diablo_ws/install/motion_msgs/lib:${LD_LIBRARY_PATH} PYTHONPATH=/home/diablo/diablo_ws/install/motion_msgs/local/lib/python3.10/dist-packages:${PYTHONPATH} /usr/bin/cmake /home/diablo/diablo_ws/src/diablo_ros2/diablo_common/diablo_utils -DAMENT_CMAKE_SYMLINK_INSTALL=1 -DCMAKE_INSTALL_PREFIX=/home/diablo/diablo_ws/install/diablo_utils
[0.980s] -- The C compiler identification is GNU 11.4.0
[1.710s] -- The CXX compiler identification is GNU 11.4.0
[1.747s] -- Detecting C compiler ABI info
[2.113s] -- Detecting C compiler ABI info - done
[2.139s] -- Check for working C compiler: /usr/bin/cc - skipped
[2.144s] -- Detecting C compile features
[2.146s] -- Detecting C compile features - done
[2.160s] -- Detecting CXX compiler ABI info
[2.548s] -- Detecting CXX compiler ABI info - done
[2.575s] -- Check for working CXX compiler: /usr/bin/c++ - skipped
[2.576s] -- Detecting CXX compile features
[2.577s] -- Detecting CXX compile features - done
[2.637s] -- Found ament_cmake: 1.3.12 (/opt/ros/humble/share/ament_cmake/cmake)
[3.367s] -- Found Python3: /usr/bin/python3 (found version "3.10.12") found components: Interpreter 
[3.716s] -- Override CMake install command with custom implementation using symlinks instead of copying resources
[3.933s] -- Found motion_msgs: 1.0.0 (/home/diablo/diablo_ws/install/motion_msgs/share/motion_msgs/cmake)
[4.172s] -- Found rosidl_generator_c: 3.1.8 (/opt/ros/humble/share/rosidl_generator_c/cmake)
[4.211s] -- Found rosidl_adapter: 3.1.8 (/opt/ros/humble/share/rosidl_adapter/cmake)
[4.263s] -- Found rosidl_generator_cpp: 3.1.8 (/opt/ros/humble/share/rosidl_generator_cpp/cmake)
[4.332s] -- Using all available rosidl_typesupport_c: rosidl_typesupport_fastrtps_c;rosidl_typesupport_introspection_c
[4.421s] -- Using all available rosidl_typesupport_cpp: rosidl_typesupport_fastrtps_cpp;rosidl_typesupport_introspection_cpp
[4.611s] -- Found rclcpp: 16.0.17 (/opt/ros/humble/share/rclcpp/cmake)
[4.902s] -- Found rmw_implementation_cmake: 6.1.2 (/opt/ros/humble/share/rmw_implementation_cmake/cmake)
[4.927s] -- Found rmw_fastrtps_cpp: 6.2.9 (/opt/ros/humble/share/rmw_fastrtps_cpp/cmake)
[5.454s] -- Found OpenSSL: /usr/lib/aarch64-linux-gnu/libcrypto.so (found version "3.0.2")  
[5.590s] -- Found FastRTPS: /opt/ros/humble/include  
[5.796s] -- Using RMW implementation 'rmw_fastrtps_cpp' as default
[5.877s] -- Looking for pthread.h
[6.306s] -- Looking for pthread.h - found
[6.307s] -- Performing Test CMAKE_HAVE_LIBC_PTHREAD
[6.682s] -- Performing Test CMAKE_HAVE_LIBC_PTHREAD - Success
[6.687s] -- Found Threads: TRUE  
[6.936s] -- Found ament_lint_auto: 0.12.14 (/opt/ros/humble/share/ament_lint_auto/cmake)
[7.415s] -- Found ament_cmake_gtest: 1.3.12 (/opt/ros/humble/share/ament_cmake_gtest/cmake)
[7.445s] -- Added test 'copyright' to check source files copyright and LICENSE
[7.467s] -- Added test 'cppcheck' to perform static code analysis on C / C++ code
[7.468s] -- Configured cppcheck include dirs: /home/diablo/diablo_ws/src/diablo_ros2/diablo_common/diablo_utils/include
[7.469s] -- Configured cppcheck exclude dirs and/or files: 
[7.490s] -- Added test 'cpplint' to check C / C++ code against the Google style
[7.491s] -- Configured cpplint exclude dirs and/or files: 
[7.501s] -- Added test 'lint_cmake' to check CMake code style
[7.526s] -- Added test 'uncrustify' to check C / C++ code style
[7.527s] -- Configured uncrustify additional arguments: 
[7.531s] -- Added test 'xmllint' to check XML markup files
[7.552s] -- Configuring done
[7.616s] -- Generating done
[7.631s] -- Build files have been written to: /home/diablo/diablo_ws/build/diablo_utils
[7.670s] Invoked command in '/home/diablo/diablo_ws/build/diablo_utils' returned '0': AMENT_PREFIX_PATH=/home/diablo/diablo_ws/install/motion_msgs:${AMENT_PREFIX_PATH} CMAKE_PREFIX_PATH=/home/diablo/diablo_ws/install/motion_msgs:/opt/ros/humble LD_LIBRARY_PATH=/home/diablo/diablo_ws/install/motion_msgs/lib:${LD_LIBRARY_PATH} PYTHONPATH=/home/diablo/diablo_ws/install/motion_msgs/local/lib/python3.10/dist-packages:${PYTHONPATH} /usr/bin/cmake /home/diablo/diablo_ws/src/diablo_ros2/diablo_common/diablo_utils -DAMENT_CMAKE_SYMLINK_INSTALL=1 -DCMAKE_INSTALL_PREFIX=/home/diablo/diablo_ws/install/diablo_utils
[7.679s] Invoking command in '/home/diablo/diablo_ws/build/diablo_utils': AMENT_PREFIX_PATH=/home/diablo/diablo_ws/install/motion_msgs:${AMENT_PREFIX_PATH} CMAKE_PREFIX_PATH=/home/diablo/diablo_ws/install/motion_msgs:/opt/ros/humble LD_LIBRARY_PATH=/home/diablo/diablo_ws/install/motion_msgs/lib:${LD_LIBRARY_PATH} PYTHONPATH=/home/diablo/diablo_ws/install/motion_msgs/local/lib/python3.10/dist-packages:${PYTHONPATH} /usr/bin/cmake --build /home/diablo/diablo_ws/build/diablo_utils -- -j4 -l4
[7.905s] [ 25%] [32mBuilding CXX object CMakeFiles/diablo_utils_core.dir/src/diablo_tools/osdk_crc.cpp.o[0m
[7.906s] [ 25%] [32mBuilding CXX object CMakeFiles/diablo_utils_core.dir/src/SerialPort/SerialPort.cpp.o[0m
[7.908s] [ 37%] [32mBuilding CXX object CMakeFiles/diablo_utils_core.dir/src/diablo_tools/osdk_hal.cpp.o[0m
[7.912s] [ 50%] [32mBuilding CXX object CMakeFiles/diablo_utils_core.dir/src/diablo_tools/osdk_log.cpp.o[0m
[10.263s] [ 62%] [32mBuilding CXX object CMakeFiles/diablo_utils_core.dir/src/diablo_tools/osdk_movement.cpp.o[0m
[12.891s] [ 75%] [32mBuilding CXX object CMakeFiles/diablo_utils_core.dir/src/diablo_tools/osdk_telemetry.cpp.o[0m
[13.318s] [ 87%] [32mBuilding CXX object CMakeFiles/diablo_utils_core.dir/src/diablo_tools/osdk_vehicle.cpp.o[0m
[17.206s] [100%] [32m[1mLinking CXX shared library libdiablo_utils_core.so[0m
[17.891s] [100%] Built target diablo_utils_core
[17.960s] Invoked command in '/home/diablo/diablo_ws/build/diablo_utils' returned '0': AMENT_PREFIX_PATH=/home/diablo/diablo_ws/install/motion_msgs:${AMENT_PREFIX_PATH} CMAKE_PREFIX_PATH=/home/diablo/diablo_ws/install/motion_msgs:/opt/ros/humble LD_LIBRARY_PATH=/home/diablo/diablo_ws/install/motion_msgs/lib:${LD_LIBRARY_PATH} PYTHONPATH=/home/diablo/diablo_ws/install/motion_msgs/local/lib/python3.10/dist-packages:${PYTHONPATH} /usr/bin/cmake --build /home/diablo/diablo_ws/build/diablo_utils -- -j4 -l4
[17.982s] Invoking command in '/home/diablo/diablo_ws/build/diablo_utils': AMENT_PREFIX_PATH=/home/diablo/diablo_ws/install/motion_msgs:${AMENT_PREFIX_PATH} CMAKE_PREFIX_PATH=/home/diablo/diablo_ws/install/motion_msgs:/opt/ros/humble LD_LIBRARY_PATH=/home/diablo/diablo_ws/install/motion_msgs/lib:${LD_LIBRARY_PATH} PYTHONPATH=/home/diablo/diablo_ws/install/motion_msgs/local/lib/python3.10/dist-packages:${PYTHONPATH} /usr/bin/cmake --install /home/diablo/diablo_ws/build/diablo_utils
[18.021s] -- Install configuration: ""
[18.030s] -- Execute custom install script
[18.041s] -- Symlinking: /home/diablo/diablo_ws/install/diablo_utils/include//diablo_utils/VulcanSerial/Exception.hpp
[18.080s] -- Symlinking: /home/diablo/diablo_ws/install/diablo_utils/include//diablo_utils/VulcanSerial/SerialPort.hpp
[18.116s] -- Symlinking: /home/diablo/diablo_ws/install/diablo_utils/include//diablo_utils/diablo_tools/onboard_sdk_uart_protocol.h
[18.149s] -- Symlinking: /home/diablo/diablo_ws/install/diablo_utils/include//diablo_utils/diablo_tools/osdk_crc.hpp
[18.181s] -- Symlinking: /home/diablo/diablo_ws/install/diablo_utils/include//diablo_utils/diablo_tools/osdk_ddj_m15.hpp
[18.213s] -- Symlinking: /home/diablo/diablo_ws/install/diablo_utils/include//diablo_utils/diablo_tools/osdk_hal.hpp
[18.246s] -- Symlinking: /home/diablo/diablo_ws/install/diablo_utils/include//diablo_utils/diablo_tools/osdk_header.hpp
[18.279s] -- Symlinking: /home/diablo/diablo_ws/install/diablo_utils/include//diablo_utils/diablo_tools/osdk_movement.hpp
[18.310s] -- Symlinking: /home/diablo/diablo_ws/install/diablo_utils/include//diablo_utils/diablo_tools/osdk_telemetry.hpp
[18.344s] -- Symlinking: /home/diablo/diablo_ws/install/diablo_utils/include//diablo_utils/diablo_tools/osdk_vehicle.hpp
[18.378s] -- Symlinking: /home/diablo/diablo_ws/install/diablo_utils/include//diablo_utils/diablo_tools/osdk_virtual_rc.hpp
[18.416s] -- Symlinking: /home/diablo/diablo_ws/install/diablo_utils/lib/libdiablo_utils_core.so
[18.484s] -- Symlinking: /home/diablo/diablo_ws/install/diablo_utils/share/diablo_utils/environment/library_path.sh
[18.522s] -- Symlinking: /home/diablo/diablo_ws/install/diablo_utils/share/diablo_utils/environment/library_path.dsv
[18.555s] -- Symlinking: /home/diablo/diablo_ws/install/diablo_utils/share/ament_index/resource_index/package_run_dependencies/diablo_utils
[18.589s] -- Symlinking: /home/diablo/diablo_ws/install/diablo_utils/share/ament_index/resource_index/parent_prefix_path/diablo_utils
[18.627s] -- Symlinking: /home/diablo/diablo_ws/install/diablo_utils/share/diablo_utils/environment/ament_prefix_path.sh
[18.662s] -- Symlinking: /home/diablo/diablo_ws/install/diablo_utils/share/diablo_utils/environment/ament_prefix_path.dsv
[18.695s] -- Symlinking: /home/diablo/diablo_ws/install/diablo_utils/share/diablo_utils/environment/path.sh
[18.727s] -- Symlinking: /home/diablo/diablo_ws/install/diablo_utils/share/diablo_utils/environment/path.dsv
[18.762s] -- Symlinking: /home/diablo/diablo_ws/install/diablo_utils/share/diablo_utils/local_setup.bash
[18.795s] -- Symlinking: /home/diablo/diablo_ws/install/diablo_utils/share/diablo_utils/local_setup.sh
[18.828s] -- Symlinking: /home/diablo/diablo_ws/install/diablo_utils/share/diablo_utils/local_setup.zsh
[18.861s] -- Symlinking: /home/diablo/diablo_ws/install/diablo_utils/share/diablo_utils/local_setup.dsv
[18.894s] -- Symlinking: /home/diablo/diablo_ws/install/diablo_utils/share/diablo_utils/package.dsv
[18.928s] -- Symlinking: /home/diablo/diablo_ws/install/diablo_utils/share/ament_index/resource_index/packages/diablo_utils
[18.964s] -- Symlinking: /home/diablo/diablo_ws/install/diablo_utils/share/diablo_utils/cmake/ament_cmake_export_include_directories-extras.cmake
[19.000s] -- Symlinking: /home/diablo/diablo_ws/install/diablo_utils/share/diablo_utils/cmake/ament_cmake_export_libraries-extras.cmake
[19.035s] -- Symlinking: /home/diablo/diablo_ws/install/diablo_utils/share/diablo_utils/cmake/ament_cmake_export_dependencies-extras.cmake
[19.069s] -- Symlinking: /home/diablo/diablo_ws/install/diablo_utils/share/diablo_utils/cmake/diablo_utilsConfig.cmake
[19.102s] -- Symlinking: /home/diablo/diablo_ws/install/diablo_utils/share/diablo_utils/cmake/diablo_utilsConfig-version.cmake
[19.137s] -- Symlinking: /home/diablo/diablo_ws/install/diablo_utils/share/diablo_utils/package.xml
[19.179s] Invoked command in '/home/diablo/diablo_ws/build/diablo_utils' returned '0': AMENT_PREFIX_PATH=/home/diablo/diablo_ws/install/motion_msgs:${AMENT_PREFIX_PATH} CMAKE_PREFIX_PATH=/home/diablo/diablo_ws/install/motion_msgs:/opt/ros/humble LD_LIBRARY_PATH=/home/diablo/diablo_ws/install/motion_msgs/lib:${LD_LIBRARY_PATH} PYTHONPATH=/home/diablo/diablo_ws/install/motion_msgs/local/lib/python3.10/dist-packages:${PYTHONPATH} /usr/bin/cmake --install /home/diablo/diablo_ws/build/diablo_utils
