[0.109s] Invoking command in '/home/diablo/diablo_ws/build/diablo_body': AMENT_PREFIX_PATH=/home/diablo/diablo_ws/install/diablo_utils:/home/diablo/diablo_ws/install/motion_msgs:/home/diablo/diablo_ws/install/ception_msgs:${AMENT_PREFIX_PATH} CMAKE_PREFIX_PATH=/home/diablo/diablo_ws/install/diablo_utils:/home/diablo/diablo_ws/install/motion_msgs:/home/diablo/diablo_ws/install/ception_msgs:/opt/ros/humble LD_LIBRARY_PATH=/home/diablo/diablo_ws/install/diablo_utils/lib:/home/diablo/diablo_ws/install/motion_msgs/lib:/home/diablo/diablo_ws/install/ception_msgs/lib:${LD_LIBRARY_PATH} PYTHONPATH=/home/diablo/diablo_ws/install/motion_msgs/local/lib/python3.10/dist-packages:/home/diablo/diablo_ws/install/ception_msgs/local/lib/python3.10/dist-packages:${PYTHONPATH} /usr/bin/cmake /home/diablo/diablo_ws/src/diablo_ros2/diablo_ception/diablo_body -DAMENT_CMAKE_SYMLINK_INSTALL=1 -DCMAKE_INSTALL_PREFIX=/home/diablo/diablo_ws/install/diablo_body
[0.464s] -- The C compiler identification is GNU 11.4.0
[0.749s] -- The CXX compiler identification is GNU 11.4.0
[0.801s] -- Detecting C compiler ABI info
[1.180s] -- Detecting C compiler ABI info - done
[1.206s] -- Check for working C compiler: /usr/bin/cc - skipped
[1.210s] -- Detecting C compile features
[1.211s] -- Detecting C compile features - done
[1.227s] -- Detecting CXX compiler ABI info
[1.617s] -- Detecting CXX compiler ABI info - done
[1.646s] -- Check for working CXX compiler: /usr/bin/c++ - skipped
[1.647s] -- Detecting CXX compile features
[1.648s] -- Detecting CXX compile features - done
[1.701s] -- Found ament_cmake: 1.3.12 (/opt/ros/humble/share/ament_cmake/cmake)
[2.607s] -- Found Python3: /usr/bin/python3 (found version "3.10.12") found components: Interpreter 
[2.955s] -- Override CMake install command with custom implementation using symlinks instead of copying resources
[3.267s] -- Found rclcpp: 16.0.17 (/opt/ros/humble/share/rclcpp/cmake)
[3.634s] -- Found rosidl_generator_c: 3.1.8 (/opt/ros/humble/share/rosidl_generator_c/cmake)
[3.684s] -- Found rosidl_adapter: 3.1.8 (/opt/ros/humble/share/rosidl_adapter/cmake)
[3.756s] -- Found rosidl_generator_cpp: 3.1.8 (/opt/ros/humble/share/rosidl_generator_cpp/cmake)
[3.855s] -- Using all available rosidl_typesupport_c: rosidl_typesupport_fastrtps_c;rosidl_typesupport_introspection_c
[3.978s] -- Using all available rosidl_typesupport_cpp: rosidl_typesupport_fastrtps_cpp;rosidl_typesupport_introspection_cpp
[4.315s] -- Found rmw_implementation_cmake: 6.1.2 (/opt/ros/humble/share/rmw_implementation_cmake/cmake)
[4.341s] -- Found rmw_fastrtps_cpp: 6.2.9 (/opt/ros/humble/share/rmw_fastrtps_cpp/cmake)
[4.867s] -- Found OpenSSL: /usr/lib/aarch64-linux-gnu/libcrypto.so (found version "3.0.2")  
[4.998s] -- Found FastRTPS: /opt/ros/humble/include  
[5.219s] -- Using RMW implementation 'rmw_fastrtps_cpp' as default
[5.303s] -- Looking for pthread.h
[5.668s] -- Looking for pthread.h - found
[5.670s] -- Performing Test CMAKE_HAVE_LIBC_PTHREAD
[6.062s] -- Performing Test CMAKE_HAVE_LIBC_PTHREAD - Success
[6.067s] -- Found Threads: TRUE  
[6.378s] -- Found motion_msgs: 1.0.0 (/home/diablo/diablo_ws/install/motion_msgs/share/motion_msgs/cmake)
[6.470s] -- Found sensor_msgs: 4.9.0 (/opt/ros/humble/share/sensor_msgs/cmake)
[6.673s] -- Found ception_msgs: 1.0.0 (/home/diablo/diablo_ws/install/ception_msgs/share/ception_msgs/cmake)
[6.750s] -- Found diablo_utils: 1.0.0 (/home/diablo/diablo_ws/install/diablo_utils/share/diablo_utils/cmake)
[6.794s] -- Found ament_lint_auto: 0.12.14 (/opt/ros/humble/share/ament_lint_auto/cmake)
[7.330s] -- Found ament_cmake_gtest: 1.3.12 (/opt/ros/humble/share/ament_cmake_gtest/cmake)
[7.371s] -- Added test 'copyright' to check source files copyright and LICENSE
[7.383s] -- Added test 'cppcheck' to perform static code analysis on C / C++ code
[7.384s] -- Configured cppcheck include dirs: /home/diablo/diablo_ws/src/diablo_ros2/diablo_ception/diablo_body/include
[7.384s] -- Configured cppcheck exclude dirs and/or files: 
[7.395s] -- Added test 'cpplint' to check C / C++ code against the Google style
[7.395s] -- Configured cpplint exclude dirs and/or files: 
[7.402s] -- Added test 'lint_cmake' to check CMake code style
[7.414s] -- Added test 'uncrustify' to check C / C++ code style
[7.415s] -- Configured uncrustify additional arguments: 
[7.419s] -- Added test 'xmllint' to check XML markup files
[7.447s] -- Configuring done
[7.541s] -- Generating done
[7.558s] -- Build files have been written to: /home/diablo/diablo_ws/build/diablo_body
[7.598s] Invoked command in '/home/diablo/diablo_ws/build/diablo_body' returned '0': AMENT_PREFIX_PATH=/home/diablo/diablo_ws/install/diablo_utils:/home/diablo/diablo_ws/install/motion_msgs:/home/diablo/diablo_ws/install/ception_msgs:${AMENT_PREFIX_PATH} CMAKE_PREFIX_PATH=/home/diablo/diablo_ws/install/diablo_utils:/home/diablo/diablo_ws/install/motion_msgs:/home/diablo/diablo_ws/install/ception_msgs:/opt/ros/humble LD_LIBRARY_PATH=/home/diablo/diablo_ws/install/diablo_utils/lib:/home/diablo/diablo_ws/install/motion_msgs/lib:/home/diablo/diablo_ws/install/ception_msgs/lib:${LD_LIBRARY_PATH} PYTHONPATH=/home/diablo/diablo_ws/install/motion_msgs/local/lib/python3.10/dist-packages:/home/diablo/diablo_ws/install/ception_msgs/local/lib/python3.10/dist-packages:${PYTHONPATH} /usr/bin/cmake /home/diablo/diablo_ws/src/diablo_ros2/diablo_ception/diablo_body -DAMENT_CMAKE_SYMLINK_INSTALL=1 -DCMAKE_INSTALL_PREFIX=/home/diablo/diablo_ws/install/diablo_body
[7.610s] Invoking command in '/home/diablo/diablo_ws/build/diablo_body': AMENT_PREFIX_PATH=/home/diablo/diablo_ws/install/diablo_utils:/home/diablo/diablo_ws/install/motion_msgs:/home/diablo/diablo_ws/install/ception_msgs:${AMENT_PREFIX_PATH} CMAKE_PREFIX_PATH=/home/diablo/diablo_ws/install/diablo_utils:/home/diablo/diablo_ws/install/motion_msgs:/home/diablo/diablo_ws/install/ception_msgs:/opt/ros/humble LD_LIBRARY_PATH=/home/diablo/diablo_ws/install/diablo_utils/lib:/home/diablo/diablo_ws/install/motion_msgs/lib:/home/diablo/diablo_ws/install/ception_msgs/lib:${LD_LIBRARY_PATH} PYTHONPATH=/home/diablo/diablo_ws/install/motion_msgs/local/lib/python3.10/dist-packages:/home/diablo/diablo_ws/install/ception_msgs/local/lib/python3.10/dist-packages:${PYTHONPATH} /usr/bin/cmake --build /home/diablo/diablo_ws/build/diablo_body -- -j4 -l4
[7.853s] [ 20%] [32mBuilding CXX object CMakeFiles/diablo_body_core.dir/src/diablo_imu.cpp.o[0m
[7.855s] [ 40%] [32mBuilding CXX object CMakeFiles/diablo_body_core.dir/src/diablo_battery.cpp.o[0m
[7.863s] [ 60%] [32mBuilding CXX object CMakeFiles/diablo_body_core.dir/src/diablo_legmotors.cpp.o[0m
[7.864s] [ 80%] [32mBuilding CXX object CMakeFiles/diablo_body_core.dir/src/diablo_body_state.cpp.o[0m
