[0.449s] DEBUG:colcon:Command line arguments: ['/usr/bin/colcon', 'build', '--packages-up-to', 'diablo_ctrl', 'diablo_body', '--symlink-install', '--parallel-workers', '1']
[0.449s] DEBUG:colcon:Parsed command line arguments: Namespace(log_base=None, log_level=None, verb_name='build', build_base='build', install_base='install', merge_install=False, symlink_install=True, test_result_base=None, continue_on_error=False, executor='parallel', parallel_workers=1, event_handlers=None, ignore_user_meta=False, metas=['./colcon.meta'], base_paths=['.'], packages_ignore=None, packages_ignore_regex=None, paths=None, packages_up_to=['diablo_ctrl', 'diablo_body'], packages_up_to_regex=None, packages_above=None, packages_above_and_dependencies=None, packages_above_depth=None, packages_select_by_dep=None, packages_skip_by_dep=None, packages_skip_up_to=None, packages_select_build_failed=False, packages_skip_build_finished=False, packages_select_test_failures=False, packages_skip_test_passed=False, packages_select=None, packages_skip=None, packages_select_regex=None, packages_skip_regex=None, packages_start=None, packages_end=None, allow_overriding=[], cmake_args=None, cmake_target=None, cmake_target_skip_unavailable=False, cmake_clean_cache=False, cmake_clean_first=False, cmake_force_configure=False, ament_cmake_args=None, catkin_cmake_args=None, catkin_skip_building_tests=False, mixin_files=None, mixin=None, verb_parser=<colcon_mixin.mixin.mixin_argument.MixinArgumentDecorator object at 0xffff97e43ee0>, verb_extension=<colcon_core.verb.build.BuildVerb object at 0xffff97f98f10>, main=<bound method BuildVerb.main of <colcon_core.verb.build.BuildVerb object at 0xffff97f98f10>>, mixin_verb=('build',))
[1.447s] Level 1:colcon.colcon_core.package_discovery:discover_packages(colcon_meta) check parameters
[1.448s] Level 1:colcon.colcon_core.package_discovery:discover_packages(recursive) check parameters
[1.448s] Level 1:colcon.colcon_core.package_discovery:discover_packages(ignore) check parameters
[1.448s] Level 1:colcon.colcon_core.package_discovery:discover_packages(path) check parameters
[1.448s] Level 1:colcon.colcon_core.package_discovery:discover_packages(colcon_meta) discover
[1.448s] Level 1:colcon.colcon_core.package_discovery:discover_packages(recursive) discover
[1.449s] INFO:colcon.colcon_core.package_discovery:Crawling recursively for packages in '/home/diablo/diablo_ws'
[1.449s] Level 1:colcon.colcon_core.package_identification:_identify(.) by extensions ['ignore', 'ignore_ament_install']
[1.449s] Level 1:colcon.colcon_core.package_identification:_identify(.) by extension 'ignore'
[1.450s] Level 1:colcon.colcon_core.package_identification:_identify(.) by extension 'ignore_ament_install'
[1.450s] Level 1:colcon.colcon_core.package_identification:_identify(.) by extensions ['colcon_pkg']
[1.450s] Level 1:colcon.colcon_core.package_identification:_identify(.) by extension 'colcon_pkg'
[1.450s] Level 1:colcon.colcon_core.package_identification:_identify(.) by extensions ['colcon_meta']
[1.450s] Level 1:colcon.colcon_core.package_identification:_identify(.) by extension 'colcon_meta'
[1.451s] Level 1:colcon.colcon_core.package_identification:_identify(.) by extensions ['ros']
[1.451s] Level 1:colcon.colcon_core.package_identification:_identify(.) by extension 'ros'
[1.528s] Level 1:colcon.colcon_core.package_identification:_identify(.) by extensions ['cmake', 'python']
[1.528s] Level 1:colcon.colcon_core.package_identification:_identify(.) by extension 'cmake'
[1.528s] Level 1:colcon.colcon_core.package_identification:_identify(.) by extension 'python'
[1.529s] Level 1:colcon.colcon_core.package_identification:_identify(.) by extensions ['python_setup_py']
[1.529s] Level 1:colcon.colcon_core.package_identification:_identify(.) by extension 'python_setup_py'
[1.529s] Level 1:colcon.colcon_core.package_identification:_identify(build) by extensions ['ignore', 'ignore_ament_install']
[1.530s] Level 1:colcon.colcon_core.package_identification:_identify(build) by extension 'ignore'
[1.530s] Level 1:colcon.colcon_core.package_identification:_identify(build) ignored
[1.530s] Level 1:colcon.colcon_core.package_identification:_identify(install) by extensions ['ignore', 'ignore_ament_install']
[1.531s] Level 1:colcon.colcon_core.package_identification:_identify(install) by extension 'ignore'
[1.531s] Level 1:colcon.colcon_core.package_identification:_identify(install) ignored
[1.531s] Level 1:colcon.colcon_core.package_identification:_identify(log) by extensions ['ignore', 'ignore_ament_install']
[1.532s] Level 1:colcon.colcon_core.package_identification:_identify(log) by extension 'ignore'
[1.532s] Level 1:colcon.colcon_core.package_identification:_identify(log) ignored
[1.532s] Level 1:colcon.colcon_core.package_identification:_identify(src) by extensions ['ignore', 'ignore_ament_install']
[1.533s] Level 1:colcon.colcon_core.package_identification:_identify(src) by extension 'ignore'
[1.533s] Level 1:colcon.colcon_core.package_identification:_identify(src) by extension 'ignore_ament_install'
[1.533s] Level 1:colcon.colcon_core.package_identification:_identify(src) by extensions ['colcon_pkg']
[1.533s] Level 1:colcon.colcon_core.package_identification:_identify(src) by extension 'colcon_pkg'
[1.533s] Level 1:colcon.colcon_core.package_identification:_identify(src) by extensions ['colcon_meta']
[1.533s] Level 1:colcon.colcon_core.package_identification:_identify(src) by extension 'colcon_meta'
[1.534s] Level 1:colcon.colcon_core.package_identification:_identify(src) by extensions ['ros']
[1.534s] Level 1:colcon.colcon_core.package_identification:_identify(src) by extension 'ros'
[1.534s] Level 1:colcon.colcon_core.package_identification:_identify(src) by extensions ['cmake', 'python']
[1.534s] Level 1:colcon.colcon_core.package_identification:_identify(src) by extension 'cmake'
[1.534s] Level 1:colcon.colcon_core.package_identification:_identify(src) by extension 'python'
[1.534s] Level 1:colcon.colcon_core.package_identification:_identify(src) by extensions ['python_setup_py']
[1.535s] Level 1:colcon.colcon_core.package_identification:_identify(src) by extension 'python_setup_py'
[1.535s] Level 1:colcon.colcon_core.package_identification:_identify(src/EasyNavigation) by extensions ['ignore', 'ignore_ament_install']
[1.535s] Level 1:colcon.colcon_core.package_identification:_identify(src/EasyNavigation) by extension 'ignore'
[1.536s] Level 1:colcon.colcon_core.package_identification:_identify(src/EasyNavigation) by extension 'ignore_ament_install'
[1.536s] Level 1:colcon.colcon_core.package_identification:_identify(src/EasyNavigation) by extensions ['colcon_pkg']
[1.536s] Level 1:colcon.colcon_core.package_identification:_identify(src/EasyNavigation) by extension 'colcon_pkg'
[1.536s] Level 1:colcon.colcon_core.package_identification:_identify(src/EasyNavigation) by extensions ['colcon_meta']
[1.536s] Level 1:colcon.colcon_core.package_identification:_identify(src/EasyNavigation) by extension 'colcon_meta'
[1.536s] Level 1:colcon.colcon_core.package_identification:_identify(src/EasyNavigation) by extensions ['ros']
[1.537s] Level 1:colcon.colcon_core.package_identification:_identify(src/EasyNavigation) by extension 'ros'
[1.537s] Level 1:colcon.colcon_core.package_identification:_identify(src/EasyNavigation) by extensions ['cmake', 'python']
[1.537s] Level 1:colcon.colcon_core.package_identification:_identify(src/EasyNavigation) by extension 'cmake'
[1.537s] Level 1:colcon.colcon_core.package_identification:_identify(src/EasyNavigation) by extension 'python'
[1.537s] Level 1:colcon.colcon_core.package_identification:_identify(src/EasyNavigation) by extensions ['python_setup_py']
[1.537s] Level 1:colcon.colcon_core.package_identification:_identify(src/EasyNavigation) by extension 'python_setup_py'
[1.538s] Level 1:colcon.colcon_core.package_identification:_identify(src/NavMap) by extensions ['ignore', 'ignore_ament_install']
[1.538s] Level 1:colcon.colcon_core.package_identification:_identify(src/NavMap) by extension 'ignore'
[1.538s] Level 1:colcon.colcon_core.package_identification:_identify(src/NavMap) by extension 'ignore_ament_install'
[1.539s] Level 1:colcon.colcon_core.package_identification:_identify(src/NavMap) by extensions ['colcon_pkg']
[1.539s] Level 1:colcon.colcon_core.package_identification:_identify(src/NavMap) by extension 'colcon_pkg'
[1.539s] Level 1:colcon.colcon_core.package_identification:_identify(src/NavMap) by extensions ['colcon_meta']
[1.539s] Level 1:colcon.colcon_core.package_identification:_identify(src/NavMap) by extension 'colcon_meta'
[1.539s] Level 1:colcon.colcon_core.package_identification:_identify(src/NavMap) by extensions ['ros']
[1.539s] Level 1:colcon.colcon_core.package_identification:_identify(src/NavMap) by extension 'ros'
[1.540s] Level 1:colcon.colcon_core.package_identification:_identify(src/NavMap) by extensions ['cmake', 'python']
[1.540s] Level 1:colcon.colcon_core.package_identification:_identify(src/NavMap) by extension 'cmake'
[1.540s] Level 1:colcon.colcon_core.package_identification:_identify(src/NavMap) by extension 'python'
[1.540s] Level 1:colcon.colcon_core.package_identification:_identify(src/NavMap) by extensions ['python_setup_py']
[1.540s] Level 1:colcon.colcon_core.package_identification:_identify(src/NavMap) by extension 'python_setup_py'
[1.541s] Level 1:colcon.colcon_core.package_identification:_identify(src/diablo_ros2) by extensions ['ignore', 'ignore_ament_install']
[1.541s] Level 1:colcon.colcon_core.package_identification:_identify(src/diablo_ros2) by extension 'ignore'
[1.541s] Level 1:colcon.colcon_core.package_identification:_identify(src/diablo_ros2) by extension 'ignore_ament_install'
[1.542s] Level 1:colcon.colcon_core.package_identification:_identify(src/diablo_ros2) by extensions ['colcon_pkg']
[1.542s] Level 1:colcon.colcon_core.package_identification:_identify(src/diablo_ros2) by extension 'colcon_pkg'
[1.542s] Level 1:colcon.colcon_core.package_identification:_identify(src/diablo_ros2) by extensions ['colcon_meta']
[1.542s] Level 1:colcon.colcon_core.package_identification:_identify(src/diablo_ros2) by extension 'colcon_meta'
[1.542s] Level 1:colcon.colcon_core.package_identification:_identify(src/diablo_ros2) by extensions ['ros']
[1.542s] Level 1:colcon.colcon_core.package_identification:_identify(src/diablo_ros2) by extension 'ros'
[1.543s] Level 1:colcon.colcon_core.package_identification:_identify(src/diablo_ros2) by extensions ['cmake', 'python']
[1.543s] Level 1:colcon.colcon_core.package_identification:_identify(src/diablo_ros2) by extension 'cmake'
[1.543s] Level 1:colcon.colcon_core.package_identification:_identify(src/diablo_ros2) by extension 'python'
[1.543s] Level 1:colcon.colcon_core.package_identification:_identify(src/diablo_ros2) by extensions ['python_setup_py']
[1.543s] Level 1:colcon.colcon_core.package_identification:_identify(src/diablo_ros2) by extension 'python_setup_py'
[1.544s] Level 1:colcon.colcon_core.package_identification:_identify(src/diablo_ros2/diablo_ception) by extensions ['ignore', 'ignore_ament_install']
[1.544s] Level 1:colcon.colcon_core.package_identification:_identify(src/diablo_ros2/diablo_ception) by extension 'ignore'
[1.544s] Level 1:colcon.colcon_core.package_identification:_identify(src/diablo_ros2/diablo_ception) by extension 'ignore_ament_install'
[1.544s] Level 1:colcon.colcon_core.package_identification:_identify(src/diablo_ros2/diablo_ception) by extensions ['colcon_pkg']
[1.545s] Level 1:colcon.colcon_core.package_identification:_identify(src/diablo_ros2/diablo_ception) by extension 'colcon_pkg'
[1.545s] Level 1:colcon.colcon_core.package_identification:_identify(src/diablo_ros2/diablo_ception) by extensions ['colcon_meta']
[1.545s] Level 1:colcon.colcon_core.package_identification:_identify(src/diablo_ros2/diablo_ception) by extension 'colcon_meta'
[1.545s] Level 1:colcon.colcon_core.package_identification:_identify(src/diablo_ros2/diablo_ception) by extensions ['ros']
[1.545s] Level 1:colcon.colcon_core.package_identification:_identify(src/diablo_ros2/diablo_ception) by extension 'ros'
[1.545s] Level 1:colcon.colcon_core.package_identification:_identify(src/diablo_ros2/diablo_ception) by extensions ['cmake', 'python']
[1.546s] Level 1:colcon.colcon_core.package_identification:_identify(src/diablo_ros2/diablo_ception) by extension 'cmake'
[1.546s] Level 1:colcon.colcon_core.package_identification:_identify(src/diablo_ros2/diablo_ception) by extension 'python'
[1.546s] Level 1:colcon.colcon_core.package_identification:_identify(src/diablo_ros2/diablo_ception) by extensions ['python_setup_py']
[1.546s] Level 1:colcon.colcon_core.package_identification:_identify(src/diablo_ros2/diablo_ception) by extension 'python_setup_py'
[1.547s] Level 1:colcon.colcon_core.package_identification:_identify(src/diablo_ros2/diablo_ception/diablo_body) by extensions ['ignore', 'ignore_ament_install']
[1.547s] Level 1:colcon.colcon_core.package_identification:_identify(src/diablo_ros2/diablo_ception/diablo_body) by extension 'ignore'
[1.547s] Level 1:colcon.colcon_core.package_identification:_identify(src/diablo_ros2/diablo_ception/diablo_body) by extension 'ignore_ament_install'
[1.547s] Level 1:colcon.colcon_core.package_identification:_identify(src/diablo_ros2/diablo_ception/diablo_body) by extensions ['colcon_pkg']
[1.548s] Level 1:colcon.colcon_core.package_identification:_identify(src/diablo_ros2/diablo_ception/diablo_body) by extension 'colcon_pkg'
[1.548s] Level 1:colcon.colcon_core.package_identification:_identify(src/diablo_ros2/diablo_ception/diablo_body) by extensions ['colcon_meta']
[1.548s] Level 1:colcon.colcon_core.package_identification:_identify(src/diablo_ros2/diablo_ception/diablo_body) by extension 'colcon_meta'
[1.548s] Level 1:colcon.colcon_core.package_identification:_identify(src/diablo_ros2/diablo_ception/diablo_body) by extensions ['ros']
[1.548s] Level 1:colcon.colcon_core.package_identification:_identify(src/diablo_ros2/diablo_ception/diablo_body) by extension 'ros'
[1.561s] DEBUG:colcon.colcon_core.package_identification:Package 'src/diablo_ros2/diablo_ception/diablo_body' with type 'ros.ament_cmake' and name 'diablo_body'
[1.562s] Level 1:colcon.colcon_core.package_identification:_identify(src/diablo_ros2/diablo_common) by extensions ['ignore', 'ignore_ament_install']
[1.563s] Level 1:colcon.colcon_core.package_identification:_identify(src/diablo_ros2/diablo_common) by extension 'ignore'
[1.563s] Level 1:colcon.colcon_core.package_identification:_identify(src/diablo_ros2/diablo_common) by extension 'ignore_ament_install'
[1.563s] Level 1:colcon.colcon_core.package_identification:_identify(src/diablo_ros2/diablo_common) by extensions ['colcon_pkg']
[1.564s] Level 1:colcon.colcon_core.package_identification:_identify(src/diablo_ros2/diablo_common) by extension 'colcon_pkg'
[1.564s] Level 1:colcon.colcon_core.package_identification:_identify(src/diablo_ros2/diablo_common) by extensions ['colcon_meta']
[1.564s] Level 1:colcon.colcon_core.package_identification:_identify(src/diablo_ros2/diablo_common) by extension 'colcon_meta'
[1.564s] Level 1:colcon.colcon_core.package_identification:_identify(src/diablo_ros2/diablo_common) by extensions ['ros']
[1.564s] Level 1:colcon.colcon_core.package_identification:_identify(src/diablo_ros2/diablo_common) by extension 'ros'
[1.565s] Level 1:colcon.colcon_core.package_identification:_identify(src/diablo_ros2/diablo_common) by extensions ['cmake', 'python']
[1.565s] Level 1:colcon.colcon_core.package_identification:_identify(src/diablo_ros2/diablo_common) by extension 'cmake'
[1.565s] Level 1:colcon.colcon_core.package_identification:_identify(src/diablo_ros2/diablo_common) by extension 'python'
[1.566s] Level 1:colcon.colcon_core.package_identification:_identify(src/diablo_ros2/diablo_common) by extensions ['python_setup_py']
[1.566s] Level 1:colcon.colcon_core.package_identification:_identify(src/diablo_ros2/diablo_common) by extension 'python_setup_py'
[1.566s] Level 1:colcon.colcon_core.package_identification:_identify(src/diablo_ros2/diablo_common/diablo_utils) by extensions ['ignore', 'ignore_ament_install']
[1.567s] Level 1:colcon.colcon_core.package_identification:_identify(src/diablo_ros2/diablo_common/diablo_utils) by extension 'ignore'
[1.567s] Level 1:colcon.colcon_core.package_identification:_identify(src/diablo_ros2/diablo_common/diablo_utils) by extension 'ignore_ament_install'
[1.568s] Level 1:colcon.colcon_core.package_identification:_identify(src/diablo_ros2/diablo_common/diablo_utils) by extensions ['colcon_pkg']
[1.568s] Level 1:colcon.colcon_core.package_identification:_identify(src/diablo_ros2/diablo_common/diablo_utils) by extension 'colcon_pkg'
[1.568s] Level 1:colcon.colcon_core.package_identification:_identify(src/diablo_ros2/diablo_common/diablo_utils) by extensions ['colcon_meta']
[1.568s] Level 1:colcon.colcon_core.package_identification:_identify(src/diablo_ros2/diablo_common/diablo_utils) by extension 'colcon_meta'
[1.569s] Level 1:colcon.colcon_core.package_identification:_identify(src/diablo_ros2/diablo_common/diablo_utils) by extensions ['ros']
[1.569s] Level 1:colcon.colcon_core.package_identification:_identify(src/diablo_ros2/diablo_common/diablo_utils) by extension 'ros'
[1.572s] DEBUG:colcon.colcon_core.package_identification:Package 'src/diablo_ros2/diablo_common/diablo_utils' with type 'ros.ament_cmake' and name 'diablo_utils'
[1.573s] Level 1:colcon.colcon_core.package_identification:_identify(src/diablo_ros2/diablo_interaction) by extensions ['ignore', 'ignore_ament_install']
[1.573s] Level 1:colcon.colcon_core.package_identification:_identify(src/diablo_ros2/diablo_interaction) by extension 'ignore'
[1.574s] Level 1:colcon.colcon_core.package_identification:_identify(src/diablo_ros2/diablo_interaction) by extension 'ignore_ament_install'
[1.574s] Level 1:colcon.colcon_core.package_identification:_identify(src/diablo_ros2/diablo_interaction) by extensions ['colcon_pkg']
[1.574s] Level 1:colcon.colcon_core.package_identification:_identify(src/diablo_ros2/diablo_interaction) by extension 'colcon_pkg'
[1.574s] Level 1:colcon.colcon_core.package_identification:_identify(src/diablo_ros2/diablo_interaction) by extensions ['colcon_meta']
[1.574s] Level 1:colcon.colcon_core.package_identification:_identify(src/diablo_ros2/diablo_interaction) by extension 'colcon_meta'
[1.575s] Level 1:colcon.colcon_core.package_identification:_identify(src/diablo_ros2/diablo_interaction) by extensions ['ros']
[1.575s] Level 1:colcon.colcon_core.package_identification:_identify(src/diablo_ros2/diablo_interaction) by extension 'ros'
[1.575s] Level 1:colcon.colcon_core.package_identification:_identify(src/diablo_ros2/diablo_interaction) by extensions ['cmake', 'python']
[1.575s] Level 1:colcon.colcon_core.package_identification:_identify(src/diablo_ros2/diablo_interaction) by extension 'cmake'
[1.575s] Level 1:colcon.colcon_core.package_identification:_identify(src/diablo_ros2/diablo_interaction) by extension 'python'
[1.576s] Level 1:colcon.colcon_core.package_identification:_identify(src/diablo_ros2/diablo_interaction) by extensions ['python_setup_py']
[1.576s] Level 1:colcon.colcon_core.package_identification:_identify(src/diablo_ros2/diablo_interaction) by extension 'python_setup_py'
[1.576s] Level 1:colcon.colcon_core.package_identification:_identify(src/diablo_ros2/diablo_interaction/diablo_ctrl) by extensions ['ignore', 'ignore_ament_install']
[1.577s] Level 1:colcon.colcon_core.package_identification:_identify(src/diablo_ros2/diablo_interaction/diablo_ctrl) by extension 'ignore'
[1.577s] Level 1:colcon.colcon_core.package_identification:_identify(src/diablo_ros2/diablo_interaction/diablo_ctrl) by extension 'ignore_ament_install'
[1.577s] Level 1:colcon.colcon_core.package_identification:_identify(src/diablo_ros2/diablo_interaction/diablo_ctrl) by extensions ['colcon_pkg']
[1.577s] Level 1:colcon.colcon_core.package_identification:_identify(src/diablo_ros2/diablo_interaction/diablo_ctrl) by extension 'colcon_pkg'
[1.577s] Level 1:colcon.colcon_core.package_identification:_identify(src/diablo_ros2/diablo_interaction/diablo_ctrl) by extensions ['colcon_meta']
[1.577s] Level 1:colcon.colcon_core.package_identification:_identify(src/diablo_ros2/diablo_interaction/diablo_ctrl) by extension 'colcon_meta'
[1.578s] Level 1:colcon.colcon_core.package_identification:_identify(src/diablo_ros2/diablo_interaction/diablo_ctrl) by extensions ['ros']
[1.578s] Level 1:colcon.colcon_core.package_identification:_identify(src/diablo_ros2/diablo_interaction/diablo_ctrl) by extension 'ros'
[1.581s] DEBUG:colcon.colcon_core.package_identification:Package 'src/diablo_ros2/diablo_interaction/diablo_ctrl' with type 'ros.ament_cmake' and name 'diablo_ctrl'
[1.582s] Level 1:colcon.colcon_core.package_identification:_identify(src/diablo_ros2/diablo_interaction/diablo_teleop) by extensions ['ignore', 'ignore_ament_install']
[1.582s] Level 1:colcon.colcon_core.package_identification:_identify(src/diablo_ros2/diablo_interaction/diablo_teleop) by extension 'ignore'
[1.583s] Level 1:colcon.colcon_core.package_identification:_identify(src/diablo_ros2/diablo_interaction/diablo_teleop) by extension 'ignore_ament_install'
[1.583s] Level 1:colcon.colcon_core.package_identification:_identify(src/diablo_ros2/diablo_interaction/diablo_teleop) by extensions ['colcon_pkg']
[1.583s] Level 1:colcon.colcon_core.package_identification:_identify(src/diablo_ros2/diablo_interaction/diablo_teleop) by extension 'colcon_pkg'
[1.583s] Level 1:colcon.colcon_core.package_identification:_identify(src/diablo_ros2/diablo_interaction/diablo_teleop) by extensions ['colcon_meta']
[1.583s] Level 1:colcon.colcon_core.package_identification:_identify(src/diablo_ros2/diablo_interaction/diablo_teleop) by extension 'colcon_meta'
[1.584s] Level 1:colcon.colcon_core.package_identification:_identify(src/diablo_ros2/diablo_interaction/diablo_teleop) by extensions ['ros']
[1.584s] Level 1:colcon.colcon_core.package_identification:_identify(src/diablo_ros2/diablo_interaction/diablo_teleop) by extension 'ros'
[1.586s] DEBUG:colcon.colcon_core.package_identification:Package 'src/diablo_ros2/diablo_interaction/diablo_teleop' with type 'ros.ament_python' and name 'diablo_teleop'
[1.587s] Level 1:colcon.colcon_core.package_identification:_identify(src/diablo_ros2/diablo_interfaces) by extensions ['ignore', 'ignore_ament_install']
[1.587s] Level 1:colcon.colcon_core.package_identification:_identify(src/diablo_ros2/diablo_interfaces) by extension 'ignore'
[1.587s] Level 1:colcon.colcon_core.package_identification:_identify(src/diablo_ros2/diablo_interfaces) by extension 'ignore_ament_install'
[1.588s] Level 1:colcon.colcon_core.package_identification:_identify(src/diablo_ros2/diablo_interfaces) by extensions ['colcon_pkg']
[1.588s] Level 1:colcon.colcon_core.package_identification:_identify(src/diablo_ros2/diablo_interfaces) by extension 'colcon_pkg'
[1.588s] Level 1:colcon.colcon_core.package_identification:_identify(src/diablo_ros2/diablo_interfaces) by extensions ['colcon_meta']
[1.588s] Level 1:colcon.colcon_core.package_identification:_identify(src/diablo_ros2/diablo_interfaces) by extension 'colcon_meta'
[1.588s] Level 1:colcon.colcon_core.package_identification:_identify(src/diablo_ros2/diablo_interfaces) by extensions ['ros']
[1.588s] Level 1:colcon.colcon_core.package_identification:_identify(src/diablo_ros2/diablo_interfaces) by extension 'ros'
[1.589s] Level 1:colcon.colcon_core.package_identification:_identify(src/diablo_ros2/diablo_interfaces) by extensions ['cmake', 'python']
[1.589s] Level 1:colcon.colcon_core.package_identification:_identify(src/diablo_ros2/diablo_interfaces) by extension 'cmake'
[1.589s] Level 1:colcon.colcon_core.package_identification:_identify(src/diablo_ros2/diablo_interfaces) by extension 'python'
[1.589s] Level 1:colcon.colcon_core.package_identification:_identify(src/diablo_ros2/diablo_interfaces) by extensions ['python_setup_py']
[1.589s] Level 1:colcon.colcon_core.package_identification:_identify(src/diablo_ros2/diablo_interfaces) by extension 'python_setup_py'
[1.590s] Level 1:colcon.colcon_core.package_identification:_identify(src/diablo_ros2/diablo_interfaces/ception_msgs) by extensions ['ignore', 'ignore_ament_install']
[1.590s] Level 1:colcon.colcon_core.package_identification:_identify(src/diablo_ros2/diablo_interfaces/ception_msgs) by extension 'ignore'
[1.590s] Level 1:colcon.colcon_core.package_identification:_identify(src/diablo_ros2/diablo_interfaces/ception_msgs) by extension 'ignore_ament_install'
[1.591s] Level 1:colcon.colcon_core.package_identification:_identify(src/diablo_ros2/diablo_interfaces/ception_msgs) by extensions ['colcon_pkg']
[1.591s] Level 1:colcon.colcon_core.package_identification:_identify(src/diablo_ros2/diablo_interfaces/ception_msgs) by extension 'colcon_pkg'
[1.591s] Level 1:colcon.colcon_core.package_identification:_identify(src/diablo_ros2/diablo_interfaces/ception_msgs) by extensions ['colcon_meta']
[1.591s] Level 1:colcon.colcon_core.package_identification:_identify(src/diablo_ros2/diablo_interfaces/ception_msgs) by extension 'colcon_meta'
[1.591s] Level 1:colcon.colcon_core.package_identification:_identify(src/diablo_ros2/diablo_interfaces/ception_msgs) by extensions ['ros']
[1.592s] Level 1:colcon.colcon_core.package_identification:_identify(src/diablo_ros2/diablo_interfaces/ception_msgs) by extension 'ros'
[1.594s] DEBUG:colcon.colcon_core.package_identification:Package 'src/diablo_ros2/diablo_interfaces/ception_msgs' with type 'ros.ament_cmake' and name 'ception_msgs'
[1.595s] Level 1:colcon.colcon_core.package_identification:_identify(src/diablo_ros2/diablo_interfaces/motion_msgs) by extensions ['ignore', 'ignore_ament_install']
[1.595s] Level 1:colcon.colcon_core.package_identification:_identify(src/diablo_ros2/diablo_interfaces/motion_msgs) by extension 'ignore'
[1.595s] Level 1:colcon.colcon_core.package_identification:_identify(src/diablo_ros2/diablo_interfaces/motion_msgs) by extension 'ignore_ament_install'
[1.595s] Level 1:colcon.colcon_core.package_identification:_identify(src/diablo_ros2/diablo_interfaces/motion_msgs) by extensions ['colcon_pkg']
[1.596s] Level 1:colcon.colcon_core.package_identification:_identify(src/diablo_ros2/diablo_interfaces/motion_msgs) by extension 'colcon_pkg'
[1.596s] Level 1:colcon.colcon_core.package_identification:_identify(src/diablo_ros2/diablo_interfaces/motion_msgs) by extensions ['colcon_meta']
[1.596s] Level 1:colcon.colcon_core.package_identification:_identify(src/diablo_ros2/diablo_interfaces/motion_msgs) by extension 'colcon_meta'
[1.596s] Level 1:colcon.colcon_core.package_identification:_identify(src/diablo_ros2/diablo_interfaces/motion_msgs) by extensions ['ros']
[1.596s] Level 1:colcon.colcon_core.package_identification:_identify(src/diablo_ros2/diablo_interfaces/motion_msgs) by extension 'ros'
[1.599s] DEBUG:colcon.colcon_core.package_identification:Package 'src/diablo_ros2/diablo_interfaces/motion_msgs' with type 'ros.ament_cmake' and name 'motion_msgs'
[1.599s] Level 1:colcon.colcon_core.package_identification:_identify(src/diablo_ros2/diablo_visualise) by extensions ['ignore', 'ignore_ament_install']
[1.600s] Level 1:colcon.colcon_core.package_identification:_identify(src/diablo_ros2/diablo_visualise) by extension 'ignore'
[1.600s] Level 1:colcon.colcon_core.package_identification:_identify(src/diablo_ros2/diablo_visualise) by extension 'ignore_ament_install'
[1.600s] Level 1:colcon.colcon_core.package_identification:_identify(src/diablo_ros2/diablo_visualise) by extensions ['colcon_pkg']
[1.600s] Level 1:colcon.colcon_core.package_identification:_identify(src/diablo_ros2/diablo_visualise) by extension 'colcon_pkg'
[1.600s] Level 1:colcon.colcon_core.package_identification:_identify(src/diablo_ros2/diablo_visualise) by extensions ['colcon_meta']
[1.601s] Level 1:colcon.colcon_core.package_identification:_identify(src/diablo_ros2/diablo_visualise) by extension 'colcon_meta'
[1.601s] Level 1:colcon.colcon_core.package_identification:_identify(src/diablo_ros2/diablo_visualise) by extensions ['ros']
[1.601s] Level 1:colcon.colcon_core.package_identification:_identify(src/diablo_ros2/diablo_visualise) by extension 'ros'
[1.601s] Level 1:colcon.colcon_core.package_identification:_identify(src/diablo_ros2/diablo_visualise) by extensions ['cmake', 'python']
[1.601s] Level 1:colcon.colcon_core.package_identification:_identify(src/diablo_ros2/diablo_visualise) by extension 'cmake'
[1.602s] Level 1:colcon.colcon_core.package_identification:_identify(src/diablo_ros2/diablo_visualise) by extension 'python'
[1.602s] Level 1:colcon.colcon_core.package_identification:_identify(src/diablo_ros2/diablo_visualise) by extensions ['python_setup_py']
[1.602s] Level 1:colcon.colcon_core.package_identification:_identify(src/diablo_ros2/diablo_visualise) by extension 'python_setup_py'
[1.602s] Level 1:colcon.colcon_core.package_identification:_identify(src/diablo_ros2/diablo_visualise/diablo_rviz2_plugin) by extensions ['ignore', 'ignore_ament_install']
[1.603s] Level 1:colcon.colcon_core.package_identification:_identify(src/diablo_ros2/diablo_visualise/diablo_rviz2_plugin) by extension 'ignore'
[1.603s] Level 1:colcon.colcon_core.package_identification:_identify(src/diablo_ros2/diablo_visualise/diablo_rviz2_plugin) by extension 'ignore_ament_install'
[1.603s] Level 1:colcon.colcon_core.package_identification:_identify(src/diablo_ros2/diablo_visualise/diablo_rviz2_plugin) by extensions ['colcon_pkg']
[1.603s] Level 1:colcon.colcon_core.package_identification:_identify(src/diablo_ros2/diablo_visualise/diablo_rviz2_plugin) by extension 'colcon_pkg'
[1.604s] Level 1:colcon.colcon_core.package_identification:_identify(src/diablo_ros2/diablo_visualise/diablo_rviz2_plugin) by extensions ['colcon_meta']
[1.604s] Level 1:colcon.colcon_core.package_identification:_identify(src/diablo_ros2/diablo_visualise/diablo_rviz2_plugin) by extension 'colcon_meta'
[1.604s] Level 1:colcon.colcon_core.package_identification:_identify(src/diablo_ros2/diablo_visualise/diablo_rviz2_plugin) by extensions ['ros']
[1.604s] Level 1:colcon.colcon_core.package_identification:_identify(src/diablo_ros2/diablo_visualise/diablo_rviz2_plugin) by extension 'ros'
[1.609s] DEBUG:colcon.colcon_core.package_identification:Package 'src/diablo_ros2/diablo_visualise/diablo_rviz2_plugin' with type 'ros.ament_cmake' and name 'diablo_rviz2_control_plugin'
[1.610s] Level 1:colcon.colcon_core.package_identification:_identify(src/diablo_ros2/diablo_visualise/diablo_simpose_trans) by extensions ['ignore', 'ignore_ament_install']
[1.610s] Level 1:colcon.colcon_core.package_identification:_identify(src/diablo_ros2/diablo_visualise/diablo_simpose_trans) by extension 'ignore'
[1.610s] Level 1:colcon.colcon_core.package_identification:_identify(src/diablo_ros2/diablo_visualise/diablo_simpose_trans) by extension 'ignore_ament_install'
[1.610s] Level 1:colcon.colcon_core.package_identification:_identify(src/diablo_ros2/diablo_visualise/diablo_simpose_trans) by extensions ['colcon_pkg']
[1.610s] Level 1:colcon.colcon_core.package_identification:_identify(src/diablo_ros2/diablo_visualise/diablo_simpose_trans) by extension 'colcon_pkg'
[1.611s] Level 1:colcon.colcon_core.package_identification:_identify(src/diablo_ros2/diablo_visualise/diablo_simpose_trans) by extensions ['colcon_meta']
[1.611s] Level 1:colcon.colcon_core.package_identification:_identify(src/diablo_ros2/diablo_visualise/diablo_simpose_trans) by extension 'colcon_meta'
[1.611s] Level 1:colcon.colcon_core.package_identification:_identify(src/diablo_ros2/diablo_visualise/diablo_simpose_trans) by extensions ['ros']
[1.611s] Level 1:colcon.colcon_core.package_identification:_identify(src/diablo_ros2/diablo_visualise/diablo_simpose_trans) by extension 'ros'
[1.614s] DEBUG:colcon.colcon_core.package_identification:Package 'src/diablo_ros2/diablo_visualise/diablo_simpose_trans' with type 'ros.ament_cmake' and name 'diablo_simpose_trans'
[1.615s] Level 1:colcon.colcon_core.package_identification:_identify(src/diablo_ros2/diablo_visualise/diablo_simulation) by extensions ['ignore', 'ignore_ament_install']
[1.616s] Level 1:colcon.colcon_core.package_identification:_identify(src/diablo_ros2/diablo_visualise/diablo_simulation) by extension 'ignore'
[1.616s] Level 1:colcon.colcon_core.package_identification:_identify(src/diablo_ros2/diablo_visualise/diablo_simulation) by extension 'ignore_ament_install'
[1.616s] Level 1:colcon.colcon_core.package_identification:_identify(src/diablo_ros2/diablo_visualise/diablo_simulation) by extensions ['colcon_pkg']
[1.616s] Level 1:colcon.colcon_core.package_identification:_identify(src/diablo_ros2/diablo_visualise/diablo_simulation) by extension 'colcon_pkg'
[1.616s] Level 1:colcon.colcon_core.package_identification:_identify(src/diablo_ros2/diablo_visualise/diablo_simulation) by extensions ['colcon_meta']
[1.617s] Level 1:colcon.colcon_core.package_identification:_identify(src/diablo_ros2/diablo_visualise/diablo_simulation) by extension 'colcon_meta'
[1.617s] Level 1:colcon.colcon_core.package_identification:_identify(src/diablo_ros2/diablo_visualise/diablo_simulation) by extensions ['ros']
[1.617s] Level 1:colcon.colcon_core.package_identification:_identify(src/diablo_ros2/diablo_visualise/diablo_simulation) by extension 'ros'
[1.620s] DEBUG:colcon.colcon_core.package_identification:Package 'src/diablo_ros2/diablo_visualise/diablo_simulation' with type 'ros.ament_python' and name 'diablo_simulation'
[1.621s] Level 1:colcon.colcon_core.package_identification:_identify(src/diablo_ros2/docs) by extensions ['ignore', 'ignore_ament_install']
[1.621s] Level 1:colcon.colcon_core.package_identification:_identify(src/diablo_ros2/docs) by extension 'ignore'
[1.621s] Level 1:colcon.colcon_core.package_identification:_identify(src/diablo_ros2/docs) by extension 'ignore_ament_install'
[1.622s] Level 1:colcon.colcon_core.package_identification:_identify(src/diablo_ros2/docs) by extensions ['colcon_pkg']
[1.622s] Level 1:colcon.colcon_core.package_identification:_identify(src/diablo_ros2/docs) by extension 'colcon_pkg'
[1.622s] Level 1:colcon.colcon_core.package_identification:_identify(src/diablo_ros2/docs) by extensions ['colcon_meta']
[1.622s] Level 1:colcon.colcon_core.package_identification:_identify(src/diablo_ros2/docs) by extension 'colcon_meta'
[1.622s] Level 1:colcon.colcon_core.package_identification:_identify(src/diablo_ros2/docs) by extensions ['ros']
[1.622s] Level 1:colcon.colcon_core.package_identification:_identify(src/diablo_ros2/docs) by extension 'ros'
[1.623s] Level 1:colcon.colcon_core.package_identification:_identify(src/diablo_ros2/docs) by extensions ['cmake', 'python']
[1.623s] Level 1:colcon.colcon_core.package_identification:_identify(src/diablo_ros2/docs) by extension 'cmake'
[1.623s] Level 1:colcon.colcon_core.package_identification:_identify(src/diablo_ros2/docs) by extension 'python'
[1.623s] Level 1:colcon.colcon_core.package_identification:_identify(src/diablo_ros2/docs) by extensions ['python_setup_py']
[1.623s] Level 1:colcon.colcon_core.package_identification:_identify(src/diablo_ros2/docs) by extension 'python_setup_py'
[1.624s] Level 1:colcon.colcon_core.package_identification:_identify(src/diablo_ros2/docs/docs_en) by extensions ['ignore', 'ignore_ament_install']
[1.624s] Level 1:colcon.colcon_core.package_identification:_identify(src/diablo_ros2/docs/docs_en) by extension 'ignore'
[1.624s] Level 1:colcon.colcon_core.package_identification:_identify(src/diablo_ros2/docs/docs_en) by extension 'ignore_ament_install'
[1.625s] Level 1:colcon.colcon_core.package_identification:_identify(src/diablo_ros2/docs/docs_en) by extensions ['colcon_pkg']
[1.625s] Level 1:colcon.colcon_core.package_identification:_identify(src/diablo_ros2/docs/docs_en) by extension 'colcon_pkg'
[1.625s] Level 1:colcon.colcon_core.package_identification:_identify(src/diablo_ros2/docs/docs_en) by extensions ['colcon_meta']
[1.625s] Level 1:colcon.colcon_core.package_identification:_identify(src/diablo_ros2/docs/docs_en) by extension 'colcon_meta'
[1.625s] Level 1:colcon.colcon_core.package_identification:_identify(src/diablo_ros2/docs/docs_en) by extensions ['ros']
[1.625s] Level 1:colcon.colcon_core.package_identification:_identify(src/diablo_ros2/docs/docs_en) by extension 'ros'
[1.626s] Level 1:colcon.colcon_core.package_identification:_identify(src/diablo_ros2/docs/docs_en) by extensions ['cmake', 'python']
[1.626s] Level 1:colcon.colcon_core.package_identification:_identify(src/diablo_ros2/docs/docs_en) by extension 'cmake'
[1.626s] Level 1:colcon.colcon_core.package_identification:_identify(src/diablo_ros2/docs/docs_en) by extension 'python'
[1.626s] Level 1:colcon.colcon_core.package_identification:_identify(src/diablo_ros2/docs/docs_en) by extensions ['python_setup_py']
[1.626s] Level 1:colcon.colcon_core.package_identification:_identify(src/diablo_ros2/docs/docs_en) by extension 'python_setup_py'
[1.627s] Level 1:colcon.colcon_core.package_identification:_identify(src/diablo_ros2/docs/img) by extensions ['ignore', 'ignore_ament_install']
[1.627s] Level 1:colcon.colcon_core.package_identification:_identify(src/diablo_ros2/docs/img) by extension 'ignore'
[1.627s] Level 1:colcon.colcon_core.package_identification:_identify(src/diablo_ros2/docs/img) by extension 'ignore_ament_install'
[1.628s] Level 1:colcon.colcon_core.package_identification:_identify(src/diablo_ros2/docs/img) by extensions ['colcon_pkg']
[1.628s] Level 1:colcon.colcon_core.package_identification:_identify(src/diablo_ros2/docs/img) by extension 'colcon_pkg'
[1.628s] Level 1:colcon.colcon_core.package_identification:_identify(src/diablo_ros2/docs/img) by extensions ['colcon_meta']
[1.628s] Level 1:colcon.colcon_core.package_identification:_identify(src/diablo_ros2/docs/img) by extension 'colcon_meta'
[1.628s] Level 1:colcon.colcon_core.package_identification:_identify(src/diablo_ros2/docs/img) by extensions ['ros']
[1.628s] Level 1:colcon.colcon_core.package_identification:_identify(src/diablo_ros2/docs/img) by extension 'ros'
[1.629s] Level 1:colcon.colcon_core.package_identification:_identify(src/diablo_ros2/docs/img) by extensions ['cmake', 'python']
[1.629s] Level 1:colcon.colcon_core.package_identification:_identify(src/diablo_ros2/docs/img) by extension 'cmake'
[1.629s] Level 1:colcon.colcon_core.package_identification:_identify(src/diablo_ros2/docs/img) by extension 'python'
[1.629s] Level 1:colcon.colcon_core.package_identification:_identify(src/diablo_ros2/docs/img) by extensions ['python_setup_py']
[1.629s] Level 1:colcon.colcon_core.package_identification:_identify(src/diablo_ros2/docs/img) by extension 'python_setup_py'
[1.630s] Level 1:colcon.colcon_core.package_identification:_identify(src/diablo_test) by extensions ['ignore', 'ignore_ament_install']
[1.630s] Level 1:colcon.colcon_core.package_identification:_identify(src/diablo_test) by extension 'ignore'
[1.630s] Level 1:colcon.colcon_core.package_identification:_identify(src/diablo_test) by extension 'ignore_ament_install'
[1.630s] Level 1:colcon.colcon_core.package_identification:_identify(src/diablo_test) by extensions ['colcon_pkg']
[1.631s] Level 1:colcon.colcon_core.package_identification:_identify(src/diablo_test) by extension 'colcon_pkg'
[1.631s] Level 1:colcon.colcon_core.package_identification:_identify(src/diablo_test) by extensions ['colcon_meta']
[1.631s] Level 1:colcon.colcon_core.package_identification:_identify(src/diablo_test) by extension 'colcon_meta'
[1.631s] Level 1:colcon.colcon_core.package_identification:_identify(src/diablo_test) by extensions ['ros']
[1.631s] Level 1:colcon.colcon_core.package_identification:_identify(src/diablo_test) by extension 'ros'
[1.636s] DEBUG:colcon.colcon_core.package_identification:Package 'src/diablo_test' with type 'ros.ament_cmake' and name 'diablo_test'
[1.637s] Level 1:colcon.colcon_core.package_identification:_identify(src/easynav_playground_kobuki) by extensions ['ignore', 'ignore_ament_install']
[1.637s] Level 1:colcon.colcon_core.package_identification:_identify(src/easynav_playground_kobuki) by extension 'ignore'
[1.637s] Level 1:colcon.colcon_core.package_identification:_identify(src/easynav_playground_kobuki) by extension 'ignore_ament_install'
[1.637s] Level 1:colcon.colcon_core.package_identification:_identify(src/easynav_playground_kobuki) by extensions ['colcon_pkg']
[1.638s] Level 1:colcon.colcon_core.package_identification:_identify(src/easynav_playground_kobuki) by extension 'colcon_pkg'
[1.638s] Level 1:colcon.colcon_core.package_identification:_identify(src/easynav_playground_kobuki) by extensions ['colcon_meta']
[1.638s] Level 1:colcon.colcon_core.package_identification:_identify(src/easynav_playground_kobuki) by extension 'colcon_meta'
[1.638s] Level 1:colcon.colcon_core.package_identification:_identify(src/easynav_playground_kobuki) by extensions ['ros']
[1.638s] Level 1:colcon.colcon_core.package_identification:_identify(src/easynav_playground_kobuki) by extension 'ros'
[1.639s] Level 1:colcon.colcon_core.package_identification:_identify(src/easynav_playground_kobuki) by extensions ['cmake', 'python']
[1.639s] Level 1:colcon.colcon_core.package_identification:_identify(src/easynav_playground_kobuki) by extension 'cmake'
[1.639s] Level 1:colcon.colcon_core.package_identification:_identify(src/easynav_playground_kobuki) by extension 'python'
[1.639s] Level 1:colcon.colcon_core.package_identification:_identify(src/easynav_playground_kobuki) by extensions ['python_setup_py']
[1.639s] Level 1:colcon.colcon_core.package_identification:_identify(src/easynav_playground_kobuki) by extension 'python_setup_py'
[1.640s] Level 1:colcon.colcon_core.package_identification:_identify(src/easynav_plugins) by extensions ['ignore', 'ignore_ament_install']
[1.640s] Level 1:colcon.colcon_core.package_identification:_identify(src/easynav_plugins) by extension 'ignore'
[1.640s] Level 1:colcon.colcon_core.package_identification:_identify(src/easynav_plugins) by extension 'ignore_ament_install'
[1.640s] Level 1:colcon.colcon_core.package_identification:_identify(src/easynav_plugins) by extensions ['colcon_pkg']
[1.640s] Level 1:colcon.colcon_core.package_identification:_identify(src/easynav_plugins) by extension 'colcon_pkg'
[1.641s] Level 1:colcon.colcon_core.package_identification:_identify(src/easynav_plugins) by extensions ['colcon_meta']
[1.641s] Level 1:colcon.colcon_core.package_identification:_identify(src/easynav_plugins) by extension 'colcon_meta'
[1.641s] Level 1:colcon.colcon_core.package_identification:_identify(src/easynav_plugins) by extensions ['ros']
[1.641s] Level 1:colcon.colcon_core.package_identification:_identify(src/easynav_plugins) by extension 'ros'
[1.641s] Level 1:colcon.colcon_core.package_identification:_identify(src/easynav_plugins) by extensions ['cmake', 'python']
[1.641s] Level 1:colcon.colcon_core.package_identification:_identify(src/easynav_plugins) by extension 'cmake'
[1.642s] Level 1:colcon.colcon_core.package_identification:_identify(src/easynav_plugins) by extension 'python'
[1.642s] Level 1:colcon.colcon_core.package_identification:_identify(src/easynav_plugins) by extensions ['python_setup_py']
[1.642s] Level 1:colcon.colcon_core.package_identification:_identify(src/easynav_plugins) by extension 'python_setup_py'
[1.642s] Level 1:colcon.colcon_core.package_identification:_identify(src/perception_pcl) by extensions ['ignore', 'ignore_ament_install']
[1.643s] Level 1:colcon.colcon_core.package_identification:_identify(src/perception_pcl) by extension 'ignore'
[1.643s] Level 1:colcon.colcon_core.package_identification:_identify(src/perception_pcl) by extension 'ignore_ament_install'
[1.643s] Level 1:colcon.colcon_core.package_identification:_identify(src/perception_pcl) by extensions ['colcon_pkg']
[1.643s] Level 1:colcon.colcon_core.package_identification:_identify(src/perception_pcl) by extension 'colcon_pkg'
[1.643s] Level 1:colcon.colcon_core.package_identification:_identify(src/perception_pcl) by extensions ['colcon_meta']
[1.644s] Level 1:colcon.colcon_core.package_identification:_identify(src/perception_pcl) by extension 'colcon_meta'
[1.644s] Level 1:colcon.colcon_core.package_identification:_identify(src/perception_pcl) by extensions ['ros']
[1.644s] Level 1:colcon.colcon_core.package_identification:_identify(src/perception_pcl) by extension 'ros'
[1.644s] Level 1:colcon.colcon_core.package_identification:_identify(src/perception_pcl) by extensions ['cmake', 'python']
[1.644s] Level 1:colcon.colcon_core.package_identification:_identify(src/perception_pcl) by extension 'cmake'
[1.644s] Level 1:colcon.colcon_core.package_identification:_identify(src/perception_pcl) by extension 'python'
[1.645s] Level 1:colcon.colcon_core.package_identification:_identify(src/perception_pcl) by extensions ['python_setup_py']
[1.645s] Level 1:colcon.colcon_core.package_identification:_identify(src/perception_pcl) by extension 'python_setup_py'
[1.645s] Level 1:colcon.colcon_core.package_identification:_identify(src/vision_opencv) by extensions ['ignore', 'ignore_ament_install']
[1.646s] Level 1:colcon.colcon_core.package_identification:_identify(src/vision_opencv) by extension 'ignore'
[1.646s] Level 1:colcon.colcon_core.package_identification:_identify(src/vision_opencv) by extension 'ignore_ament_install'
[1.646s] Level 1:colcon.colcon_core.package_identification:_identify(src/vision_opencv) by extensions ['colcon_pkg']
[1.646s] Level 1:colcon.colcon_core.package_identification:_identify(src/vision_opencv) by extension 'colcon_pkg'
[1.646s] Level 1:colcon.colcon_core.package_identification:_identify(src/vision_opencv) by extensions ['colcon_meta']
[1.647s] Level 1:colcon.colcon_core.package_identification:_identify(src/vision_opencv) by extension 'colcon_meta'
[1.647s] Level 1:colcon.colcon_core.package_identification:_identify(src/vision_opencv) by extensions ['ros']
[1.647s] Level 1:colcon.colcon_core.package_identification:_identify(src/vision_opencv) by extension 'ros'
[1.647s] Level 1:colcon.colcon_core.package_identification:_identify(src/vision_opencv) by extensions ['cmake', 'python']
[1.647s] Level 1:colcon.colcon_core.package_identification:_identify(src/vision_opencv) by extension 'cmake'
[1.648s] Level 1:colcon.colcon_core.package_identification:_identify(src/vision_opencv) by extension 'python'
[1.648s] Level 1:colcon.colcon_core.package_identification:_identify(src/vision_opencv) by extensions ['python_setup_py']
[1.648s] Level 1:colcon.colcon_core.package_identification:_identify(src/vision_opencv) by extension 'python_setup_py'
[1.648s] Level 1:colcon.colcon_core.package_identification:_identify(src/yaets) by extensions ['ignore', 'ignore_ament_install']
[1.649s] Level 1:colcon.colcon_core.package_identification:_identify(src/yaets) by extension 'ignore'
[1.649s] Level 1:colcon.colcon_core.package_identification:_identify(src/yaets) by extension 'ignore_ament_install'
[1.649s] Level 1:colcon.colcon_core.package_identification:_identify(src/yaets) by extensions ['colcon_pkg']
[1.649s] Level 1:colcon.colcon_core.package_identification:_identify(src/yaets) by extension 'colcon_pkg'
[1.649s] Level 1:colcon.colcon_core.package_identification:_identify(src/yaets) by extensions ['colcon_meta']
[1.649s] Level 1:colcon.colcon_core.package_identification:_identify(src/yaets) by extension 'colcon_meta'
[1.650s] Level 1:colcon.colcon_core.package_identification:_identify(src/yaets) by extensions ['ros']
[1.650s] Level 1:colcon.colcon_core.package_identification:_identify(src/yaets) by extension 'ros'
[1.650s] Level 1:colcon.colcon_core.package_identification:_identify(src/yaets) by extensions ['cmake', 'python']
[1.650s] Level 1:colcon.colcon_core.package_identification:_identify(src/yaets) by extension 'cmake'
[1.650s] Level 1:colcon.colcon_core.package_identification:_identify(src/yaets) by extension 'python'
[1.651s] Level 1:colcon.colcon_core.package_identification:_identify(src/yaets) by extensions ['python_setup_py']
[1.651s] Level 1:colcon.colcon_core.package_identification:_identify(src/yaets) by extension 'python_setup_py'
[1.651s] Level 1:colcon.colcon_core.package_discovery:discover_packages(recursive) using defaults
[1.651s] Level 1:colcon.colcon_core.package_discovery:discover_packages(ignore) discover
[1.651s] Level 1:colcon.colcon_core.package_discovery:discover_packages(ignore) using defaults
[1.651s] Level 1:colcon.colcon_core.package_discovery:discover_packages(path) discover
[1.651s] Level 1:colcon.colcon_core.package_discovery:discover_packages(path) using defaults
[1.775s] INFO:colcon.colcon_core.package_selection:Skipping package 'diablo_simpose_trans' in 'src/diablo_ros2/diablo_visualise/diablo_simpose_trans'
[1.776s] INFO:colcon.colcon_core.package_selection:Skipping package 'diablo_teleop' in 'src/diablo_ros2/diablo_interaction/diablo_teleop'
[1.776s] INFO:colcon.colcon_core.package_selection:Skipping package 'diablo_rviz2_control_plugin' in 'src/diablo_ros2/diablo_visualise/diablo_rviz2_plugin'
[1.776s] INFO:colcon.colcon_core.package_selection:Skipping package 'diablo_test' in 'src/diablo_test'
[1.776s] INFO:colcon.colcon_core.package_selection:Skipping package 'diablo_simulation' in 'src/diablo_ros2/diablo_visualise/diablo_simulation'
[1.779s] Level 1:colcon.colcon_core.package_discovery:discover_packages(prefix_path) check parameters
[1.779s] Level 1:colcon.colcon_core.package_discovery:discover_packages(prefix_path) discover
[1.796s] DEBUG:colcon.colcon_installed_package_information.package_discovery:Found 183 installed packages in /opt/ros/humble
[1.802s] Level 1:colcon.colcon_core.package_discovery:discover_packages(prefix_path) using defaults
[1.959s] Level 5:colcon.colcon_core.verb:set package 'ception_msgs' build argument 'cmake_args' from command line to 'None'
[1.959s] Level 5:colcon.colcon_core.verb:set package 'ception_msgs' build argument 'cmake_target' from command line to 'None'
[1.960s] Level 5:colcon.colcon_core.verb:set package 'ception_msgs' build argument 'cmake_target_skip_unavailable' from command line to 'False'
[1.960s] Level 5:colcon.colcon_core.verb:set package 'ception_msgs' build argument 'cmake_clean_cache' from command line to 'False'
[1.960s] Level 5:colcon.colcon_core.verb:set package 'ception_msgs' build argument 'cmake_clean_first' from command line to 'False'
[1.960s] Level 5:colcon.colcon_core.verb:set package 'ception_msgs' build argument 'cmake_force_configure' from command line to 'False'
[1.960s] Level 5:colcon.colcon_core.verb:set package 'ception_msgs' build argument 'ament_cmake_args' from command line to 'None'
[1.960s] Level 5:colcon.colcon_core.verb:set package 'ception_msgs' build argument 'catkin_cmake_args' from command line to 'None'
[1.960s] Level 5:colcon.colcon_core.verb:set package 'ception_msgs' build argument 'catkin_skip_building_tests' from command line to 'False'
[1.960s] DEBUG:colcon.colcon_core.verb:Building package 'ception_msgs' with the following arguments: {'ament_cmake_args': None, 'build_base': '/home/diablo/diablo_ws/build/ception_msgs', 'catkin_cmake_args': None, 'catkin_skip_building_tests': False, 'cmake_args': None, 'cmake_clean_cache': False, 'cmake_clean_first': False, 'cmake_force_configure': False, 'cmake_target': None, 'cmake_target_skip_unavailable': False, 'install_base': '/home/diablo/diablo_ws/install/ception_msgs', 'merge_install': False, 'path': '/home/diablo/diablo_ws/src/diablo_ros2/diablo_interfaces/ception_msgs', 'symlink_install': True, 'test_result_base': None}
[1.962s] Level 5:colcon.colcon_core.verb:set package 'motion_msgs' build argument 'cmake_args' from command line to 'None'
[1.962s] Level 5:colcon.colcon_core.verb:set package 'motion_msgs' build argument 'cmake_target' from command line to 'None'
[1.962s] Level 5:colcon.colcon_core.verb:set package 'motion_msgs' build argument 'cmake_target_skip_unavailable' from command line to 'False'
[1.962s] Level 5:colcon.colcon_core.verb:set package 'motion_msgs' build argument 'cmake_clean_cache' from command line to 'False'
[1.962s] Level 5:colcon.colcon_core.verb:set package 'motion_msgs' build argument 'cmake_clean_first' from command line to 'False'
[1.962s] Level 5:colcon.colcon_core.verb:set package 'motion_msgs' build argument 'cmake_force_configure' from command line to 'False'
[1.962s] Level 5:colcon.colcon_core.verb:set package 'motion_msgs' build argument 'ament_cmake_args' from command line to 'None'
[1.963s] Level 5:colcon.colcon_core.verb:set package 'motion_msgs' build argument 'catkin_cmake_args' from command line to 'None'
[1.963s] Level 5:colcon.colcon_core.verb:set package 'motion_msgs' build argument 'catkin_skip_building_tests' from command line to 'False'
[1.963s] DEBUG:colcon.colcon_core.verb:Building package 'motion_msgs' with the following arguments: {'ament_cmake_args': None, 'build_base': '/home/diablo/diablo_ws/build/motion_msgs', 'catkin_cmake_args': None, 'catkin_skip_building_tests': False, 'cmake_args': None, 'cmake_clean_cache': False, 'cmake_clean_first': False, 'cmake_force_configure': False, 'cmake_target': None, 'cmake_target_skip_unavailable': False, 'install_base': '/home/diablo/diablo_ws/install/motion_msgs', 'merge_install': False, 'path': '/home/diablo/diablo_ws/src/diablo_ros2/diablo_interfaces/motion_msgs', 'symlink_install': True, 'test_result_base': None}
[1.964s] Level 5:colcon.colcon_core.verb:set package 'diablo_utils' build argument 'cmake_args' from command line to 'None'
[1.964s] Level 5:colcon.colcon_core.verb:set package 'diablo_utils' build argument 'cmake_target' from command line to 'None'
[1.965s] Level 5:colcon.colcon_core.verb:set package 'diablo_utils' build argument 'cmake_target_skip_unavailable' from command line to 'False'
[1.965s] Level 5:colcon.colcon_core.verb:set package 'diablo_utils' build argument 'cmake_clean_cache' from command line to 'False'
[1.965s] Level 5:colcon.colcon_core.verb:set package 'diablo_utils' build argument 'cmake_clean_first' from command line to 'False'
[1.965s] Level 5:colcon.colcon_core.verb:set package 'diablo_utils' build argument 'cmake_force_configure' from command line to 'False'
[1.965s] Level 5:colcon.colcon_core.verb:set package 'diablo_utils' build argument 'ament_cmake_args' from command line to 'None'
[1.965s] Level 5:colcon.colcon_core.verb:set package 'diablo_utils' build argument 'catkin_cmake_args' from command line to 'None'
[1.965s] Level 5:colcon.colcon_core.verb:set package 'diablo_utils' build argument 'catkin_skip_building_tests' from command line to 'False'
[1.965s] DEBUG:colcon.colcon_core.verb:Building package 'diablo_utils' with the following arguments: {'ament_cmake_args': None, 'build_base': '/home/diablo/diablo_ws/build/diablo_utils', 'catkin_cmake_args': None, 'catkin_skip_building_tests': False, 'cmake_args': None, 'cmake_clean_cache': False, 'cmake_clean_first': False, 'cmake_force_configure': False, 'cmake_target': None, 'cmake_target_skip_unavailable': False, 'install_base': '/home/diablo/diablo_ws/install/diablo_utils', 'merge_install': False, 'path': '/home/diablo/diablo_ws/src/diablo_ros2/diablo_common/diablo_utils', 'symlink_install': True, 'test_result_base': None}
[1.967s] Level 5:colcon.colcon_core.verb:set package 'diablo_body' build argument 'cmake_args' from command line to 'None'
[1.967s] Level 5:colcon.colcon_core.verb:set package 'diablo_body' build argument 'cmake_target' from command line to 'None'
[1.967s] Level 5:colcon.colcon_core.verb:set package 'diablo_body' build argument 'cmake_target_skip_unavailable' from command line to 'False'
[1.967s] Level 5:colcon.colcon_core.verb:set package 'diablo_body' build argument 'cmake_clean_cache' from command line to 'False'
[1.967s] Level 5:colcon.colcon_core.verb:set package 'diablo_body' build argument 'cmake_clean_first' from command line to 'False'
[1.967s] Level 5:colcon.colcon_core.verb:set package 'diablo_body' build argument 'cmake_force_configure' from command line to 'False'
[1.967s] Level 5:colcon.colcon_core.verb:set package 'diablo_body' build argument 'ament_cmake_args' from command line to 'None'
[1.967s] Level 5:colcon.colcon_core.verb:set package 'diablo_body' build argument 'catkin_cmake_args' from command line to 'None'
[1.968s] Level 5:colcon.colcon_core.verb:set package 'diablo_body' build argument 'catkin_skip_building_tests' from command line to 'False'
[1.968s] DEBUG:colcon.colcon_core.verb:Building package 'diablo_body' with the following arguments: {'ament_cmake_args': None, 'build_base': '/home/diablo/diablo_ws/build/diablo_body', 'catkin_cmake_args': None, 'catkin_skip_building_tests': False, 'cmake_args': None, 'cmake_clean_cache': False, 'cmake_clean_first': False, 'cmake_force_configure': False, 'cmake_target': None, 'cmake_target_skip_unavailable': False, 'install_base': '/home/diablo/diablo_ws/install/diablo_body', 'merge_install': False, 'path': '/home/diablo/diablo_ws/src/diablo_ros2/diablo_ception/diablo_body', 'symlink_install': True, 'test_result_base': None}
[1.969s] Level 5:colcon.colcon_core.verb:set package 'diablo_ctrl' build argument 'cmake_args' from command line to 'None'
[1.969s] Level 5:colcon.colcon_core.verb:set package 'diablo_ctrl' build argument 'cmake_target' from command line to 'None'
[1.969s] Level 5:colcon.colcon_core.verb:set package 'diablo_ctrl' build argument 'cmake_target_skip_unavailable' from command line to 'False'
[1.969s] Level 5:colcon.colcon_core.verb:set package 'diablo_ctrl' build argument 'cmake_clean_cache' from command line to 'False'
[1.969s] Level 5:colcon.colcon_core.verb:set package 'diablo_ctrl' build argument 'cmake_clean_first' from command line to 'False'
[1.970s] Level 5:colcon.colcon_core.verb:set package 'diablo_ctrl' build argument 'cmake_force_configure' from command line to 'False'
[1.970s] Level 5:colcon.colcon_core.verb:set package 'diablo_ctrl' build argument 'ament_cmake_args' from command line to 'None'
[1.970s] Level 5:colcon.colcon_core.verb:set package 'diablo_ctrl' build argument 'catkin_cmake_args' from command line to 'None'
[1.970s] Level 5:colcon.colcon_core.verb:set package 'diablo_ctrl' build argument 'catkin_skip_building_tests' from command line to 'False'
[1.970s] DEBUG:colcon.colcon_core.verb:Building package 'diablo_ctrl' with the following arguments: {'ament_cmake_args': None, 'build_base': '/home/diablo/diablo_ws/build/diablo_ctrl', 'catkin_cmake_args': None, 'catkin_skip_building_tests': False, 'cmake_args': None, 'cmake_clean_cache': False, 'cmake_clean_first': False, 'cmake_force_configure': False, 'cmake_target': None, 'cmake_target_skip_unavailable': False, 'install_base': '/home/diablo/diablo_ws/install/diablo_ctrl', 'merge_install': False, 'path': '/home/diablo/diablo_ws/src/diablo_ros2/diablo_interaction/diablo_ctrl', 'symlink_install': True, 'test_result_base': None}
[1.970s] INFO:colcon.colcon_core.executor:Executing jobs using 'parallel' executor
[1.974s] DEBUG:colcon.colcon_parallel_executor.executor.parallel:run_until_complete
[1.974s] INFO:colcon.colcon_ros.task.ament_cmake.build:Building ROS package in '/home/diablo/diablo_ws/src/diablo_ros2/diablo_interfaces/motion_msgs' with build type 'ament_cmake'
[1.975s] INFO:colcon.colcon_cmake.task.cmake.build:Building CMake package in '/home/diablo/diablo_ws/src/diablo_ros2/diablo_interfaces/motion_msgs'
[1.995s] INFO:colcon.colcon_core.plugin_system:Skipping extension 'colcon_core.shell.bat': Not used on non-Windows systems
[1.996s] INFO:colcon.colcon_core.shell:Skip shell extension 'powershell' for command environment: Not usable outside of PowerShell
[1.997s] DEBUG:colcon.colcon_core.shell:Skip shell extension 'dsv' for command environment
[2.043s] DEBUG:colcon.colcon_core.event_handler.log_command:Invoking command in '/home/diablo/diablo_ws/build/motion_msgs': CMAKE_PREFIX_PATH=/opt/ros/humble /usr/bin/cmake --build /home/diablo/diablo_ws/build/motion_msgs -- -j4 -l4
[4.672s] DEBUG:colcon.colcon_core.event_handler.log_command:Invoked command in '/home/diablo/diablo_ws/build/motion_msgs' returned '0': CMAKE_PREFIX_PATH=/opt/ros/humble /usr/bin/cmake --build /home/diablo/diablo_ws/build/motion_msgs -- -j4 -l4
[4.744s] DEBUG:colcon.colcon_core.event_handler.log_command:Invoking command in '/home/diablo/diablo_ws/build/motion_msgs': CMAKE_PREFIX_PATH=/opt/ros/humble /usr/bin/cmake --install /home/diablo/diablo_ws/build/motion_msgs
[5.660s] Level 1:colcon.colcon_core.environment:create_environment_scripts_only(motion_msgs)
[5.662s] DEBUG:colcon.colcon_core.event_handler.log_command:Invoked command in '/home/diablo/diablo_ws/build/motion_msgs' returned '0': CMAKE_PREFIX_PATH=/opt/ros/humble /usr/bin/cmake --install /home/diablo/diablo_ws/build/motion_msgs
[5.684s] Level 1:colcon.colcon_core.environment:checking '/home/diablo/diablo_ws/install/motion_msgs' for CMake module files
[5.689s] Level 1:colcon.colcon_core.environment:checking '/home/diablo/diablo_ws/install/motion_msgs' for CMake config files
[5.695s] Level 1:colcon.colcon_core.shell:create_environment_hook('motion_msgs', 'cmake_prefix_path')
[5.696s] INFO:colcon.colcon_core.shell:Creating environment hook '/home/diablo/diablo_ws/install/motion_msgs/share/motion_msgs/hook/cmake_prefix_path.ps1'
[5.700s] INFO:colcon.colcon_core.shell:Creating environment descriptor '/home/diablo/diablo_ws/install/motion_msgs/share/motion_msgs/hook/cmake_prefix_path.dsv'
[5.703s] INFO:colcon.colcon_core.shell:Creating environment hook '/home/diablo/diablo_ws/install/motion_msgs/share/motion_msgs/hook/cmake_prefix_path.sh'
[5.709s] Level 1:colcon.colcon_core.environment:checking '/home/diablo/diablo_ws/install/motion_msgs/lib'
[5.709s] Level 1:colcon.colcon_core.shell:create_environment_hook('motion_msgs', 'ld_library_path_lib')
[5.710s] INFO:colcon.colcon_core.shell:Creating environment hook '/home/diablo/diablo_ws/install/motion_msgs/share/motion_msgs/hook/ld_library_path_lib.ps1'
[5.713s] INFO:colcon.colcon_core.shell:Creating environment descriptor '/home/diablo/diablo_ws/install/motion_msgs/share/motion_msgs/hook/ld_library_path_lib.dsv'
[5.715s] INFO:colcon.colcon_core.shell:Creating environment hook '/home/diablo/diablo_ws/install/motion_msgs/share/motion_msgs/hook/ld_library_path_lib.sh'
[5.717s] Level 1:colcon.colcon_core.environment:checking '/home/diablo/diablo_ws/install/motion_msgs/bin'
[5.717s] Level 1:colcon.colcon_core.environment:checking '/home/diablo/diablo_ws/install/motion_msgs/lib/pkgconfig/motion_msgs.pc'
[5.718s] Level 1:colcon.colcon_core.environment:checking '/home/diablo/diablo_ws/install/motion_msgs/lib/python3.10/site-packages'
[5.720s] Level 1:colcon.colcon_core.environment:checking '/home/diablo/diablo_ws/install/motion_msgs/bin'
[5.721s] INFO:colcon.colcon_core.shell:Creating package script '/home/diablo/diablo_ws/install/motion_msgs/share/motion_msgs/package.ps1'
[5.726s] INFO:colcon.colcon_core.shell:Creating package descriptor '/home/diablo/diablo_ws/install/motion_msgs/share/motion_msgs/package.dsv'
[5.730s] INFO:colcon.colcon_core.shell:Creating package script '/home/diablo/diablo_ws/install/motion_msgs/share/motion_msgs/package.sh'
[5.734s] INFO:colcon.colcon_core.shell:Creating package script '/home/diablo/diablo_ws/install/motion_msgs/share/motion_msgs/package.bash'
[5.739s] INFO:colcon.colcon_core.shell:Creating package script '/home/diablo/diablo_ws/install/motion_msgs/share/motion_msgs/package.zsh'
[5.743s] Level 1:colcon.colcon_core.environment:create_file_with_runtime_dependencies(/home/diablo/diablo_ws/install/motion_msgs/share/colcon-core/packages/motion_msgs)
[5.747s] Level 1:colcon.colcon_core.environment:create_environment_scripts_only(motion_msgs)
[5.748s] Level 1:colcon.colcon_core.environment:checking '/home/diablo/diablo_ws/install/motion_msgs' for CMake module files
[5.752s] Level 1:colcon.colcon_core.environment:checking '/home/diablo/diablo_ws/install/motion_msgs' for CMake config files
[5.757s] Level 1:colcon.colcon_core.shell:create_environment_hook('motion_msgs', 'cmake_prefix_path')
[5.758s] INFO:colcon.colcon_core.shell:Creating environment hook '/home/diablo/diablo_ws/install/motion_msgs/share/motion_msgs/hook/cmake_prefix_path.ps1'
[5.760s] INFO:colcon.colcon_core.shell:Creating environment descriptor '/home/diablo/diablo_ws/install/motion_msgs/share/motion_msgs/hook/cmake_prefix_path.dsv'
[5.762s] INFO:colcon.colcon_core.shell:Creating environment hook '/home/diablo/diablo_ws/install/motion_msgs/share/motion_msgs/hook/cmake_prefix_path.sh'
[5.764s] Level 1:colcon.colcon_core.environment:checking '/home/diablo/diablo_ws/install/motion_msgs/lib'
[5.765s] Level 1:colcon.colcon_core.shell:create_environment_hook('motion_msgs', 'ld_library_path_lib')
[5.766s] INFO:colcon.colcon_core.shell:Creating environment hook '/home/diablo/diablo_ws/install/motion_msgs/share/motion_msgs/hook/ld_library_path_lib.ps1'
[5.768s] INFO:colcon.colcon_core.shell:Creating environment descriptor '/home/diablo/diablo_ws/install/motion_msgs/share/motion_msgs/hook/ld_library_path_lib.dsv'
[5.770s] INFO:colcon.colcon_core.shell:Creating environment hook '/home/diablo/diablo_ws/install/motion_msgs/share/motion_msgs/hook/ld_library_path_lib.sh'
[5.771s] Level 1:colcon.colcon_core.environment:checking '/home/diablo/diablo_ws/install/motion_msgs/bin'
[5.772s] Level 1:colcon.colcon_core.environment:checking '/home/diablo/diablo_ws/install/motion_msgs/lib/pkgconfig/motion_msgs.pc'
[5.773s] Level 1:colcon.colcon_core.environment:checking '/home/diablo/diablo_ws/install/motion_msgs/lib/python3.10/site-packages'
[5.774s] Level 1:colcon.colcon_core.environment:checking '/home/diablo/diablo_ws/install/motion_msgs/bin'
[5.775s] INFO:colcon.colcon_core.shell:Creating package script '/home/diablo/diablo_ws/install/motion_msgs/share/motion_msgs/package.ps1'
[5.778s] INFO:colcon.colcon_core.shell:Creating package descriptor '/home/diablo/diablo_ws/install/motion_msgs/share/motion_msgs/package.dsv'
[5.780s] INFO:colcon.colcon_core.shell:Creating package script '/home/diablo/diablo_ws/install/motion_msgs/share/motion_msgs/package.sh'
[5.782s] INFO:colcon.colcon_core.shell:Creating package script '/home/diablo/diablo_ws/install/motion_msgs/share/motion_msgs/package.bash'
[5.784s] INFO:colcon.colcon_core.shell:Creating package script '/home/diablo/diablo_ws/install/motion_msgs/share/motion_msgs/package.zsh'
[5.786s] Level 1:colcon.colcon_core.environment:create_file_with_runtime_dependencies(/home/diablo/diablo_ws/install/motion_msgs/share/colcon-core/packages/motion_msgs)
[5.788s] INFO:colcon.colcon_ros.task.ament_cmake.build:Building ROS package in '/home/diablo/diablo_ws/src/diablo_ros2/diablo_interfaces/ception_msgs' with build type 'ament_cmake'
[5.788s] INFO:colcon.colcon_cmake.task.cmake.build:Building CMake package in '/home/diablo/diablo_ws/src/diablo_ros2/diablo_interfaces/ception_msgs'
[5.789s] INFO:colcon.colcon_core.shell:Skip shell extension 'powershell' for command environment: Not usable outside of PowerShell
[5.790s] DEBUG:colcon.colcon_core.shell:Skip shell extension 'dsv' for command environment
[5.830s] DEBUG:colcon.colcon_core.event_handler.log_command:Invoking command in '/home/diablo/diablo_ws/build/ception_msgs': CMAKE_PREFIX_PATH=/opt/ros/humble /usr/bin/cmake --build /home/diablo/diablo_ws/build/ception_msgs -- -j4 -l4
[7.501s] DEBUG:colcon.colcon_core.event_handler.log_command:Invoked command in '/home/diablo/diablo_ws/build/ception_msgs' returned '0': CMAKE_PREFIX_PATH=/opt/ros/humble /usr/bin/cmake --build /home/diablo/diablo_ws/build/ception_msgs -- -j4 -l4
[7.517s] DEBUG:colcon.colcon_core.event_handler.log_command:Invoking command in '/home/diablo/diablo_ws/build/ception_msgs': CMAKE_PREFIX_PATH=/opt/ros/humble /usr/bin/cmake --install /home/diablo/diablo_ws/build/ception_msgs
[7.941s] Level 1:colcon.colcon_core.environment:create_environment_scripts_only(ception_msgs)
[7.942s] Level 1:colcon.colcon_core.environment:checking '/home/diablo/diablo_ws/install/ception_msgs' for CMake module files
[7.944s] DEBUG:colcon.colcon_core.event_handler.log_command:Invoked command in '/home/diablo/diablo_ws/build/ception_msgs' returned '0': CMAKE_PREFIX_PATH=/opt/ros/humble /usr/bin/cmake --install /home/diablo/diablo_ws/build/ception_msgs
[7.949s] Level 1:colcon.colcon_core.environment:checking '/home/diablo/diablo_ws/install/ception_msgs' for CMake config files
[7.953s] Level 1:colcon.colcon_core.shell:create_environment_hook('ception_msgs', 'cmake_prefix_path')
[7.954s] INFO:colcon.colcon_core.shell:Creating environment hook '/home/diablo/diablo_ws/install/ception_msgs/share/ception_msgs/hook/cmake_prefix_path.ps1'
[7.957s] INFO:colcon.colcon_core.shell:Creating environment descriptor '/home/diablo/diablo_ws/install/ception_msgs/share/ception_msgs/hook/cmake_prefix_path.dsv'
[7.959s] INFO:colcon.colcon_core.shell:Creating environment hook '/home/diablo/diablo_ws/install/ception_msgs/share/ception_msgs/hook/cmake_prefix_path.sh'
[7.962s] Level 1:colcon.colcon_core.environment:checking '/home/diablo/diablo_ws/install/ception_msgs/lib'
[7.963s] Level 1:colcon.colcon_core.shell:create_environment_hook('ception_msgs', 'ld_library_path_lib')
[7.964s] INFO:colcon.colcon_core.shell:Creating environment hook '/home/diablo/diablo_ws/install/ception_msgs/share/ception_msgs/hook/ld_library_path_lib.ps1'
[7.966s] INFO:colcon.colcon_core.shell:Creating environment descriptor '/home/diablo/diablo_ws/install/ception_msgs/share/ception_msgs/hook/ld_library_path_lib.dsv'
[7.967s] INFO:colcon.colcon_core.shell:Creating environment hook '/home/diablo/diablo_ws/install/ception_msgs/share/ception_msgs/hook/ld_library_path_lib.sh'
[7.970s] Level 1:colcon.colcon_core.environment:checking '/home/diablo/diablo_ws/install/ception_msgs/bin'
[7.970s] Level 1:colcon.colcon_core.environment:checking '/home/diablo/diablo_ws/install/ception_msgs/lib/pkgconfig/ception_msgs.pc'
[7.971s] Level 1:colcon.colcon_core.environment:checking '/home/diablo/diablo_ws/install/ception_msgs/lib/python3.10/site-packages'
[7.972s] Level 1:colcon.colcon_core.environment:checking '/home/diablo/diablo_ws/install/ception_msgs/bin'
[7.974s] INFO:colcon.colcon_core.shell:Creating package script '/home/diablo/diablo_ws/install/ception_msgs/share/ception_msgs/package.ps1'
[7.976s] INFO:colcon.colcon_core.shell:Creating package descriptor '/home/diablo/diablo_ws/install/ception_msgs/share/ception_msgs/package.dsv'
[7.978s] INFO:colcon.colcon_core.shell:Creating package script '/home/diablo/diablo_ws/install/ception_msgs/share/ception_msgs/package.sh'
[7.980s] INFO:colcon.colcon_core.shell:Creating package script '/home/diablo/diablo_ws/install/ception_msgs/share/ception_msgs/package.bash'
[7.982s] INFO:colcon.colcon_core.shell:Creating package script '/home/diablo/diablo_ws/install/ception_msgs/share/ception_msgs/package.zsh'
[7.984s] Level 1:colcon.colcon_core.environment:create_file_with_runtime_dependencies(/home/diablo/diablo_ws/install/ception_msgs/share/colcon-core/packages/ception_msgs)
[7.989s] Level 1:colcon.colcon_core.environment:create_environment_scripts_only(ception_msgs)
[7.990s] Level 1:colcon.colcon_core.environment:checking '/home/diablo/diablo_ws/install/ception_msgs' for CMake module files
[7.994s] Level 1:colcon.colcon_core.environment:checking '/home/diablo/diablo_ws/install/ception_msgs' for CMake config files
[7.998s] Level 1:colcon.colcon_core.shell:create_environment_hook('ception_msgs', 'cmake_prefix_path')
[7.999s] INFO:colcon.colcon_core.shell:Creating environment hook '/home/diablo/diablo_ws/install/ception_msgs/share/ception_msgs/hook/cmake_prefix_path.ps1'
[8.001s] INFO:colcon.colcon_core.shell:Creating environment descriptor '/home/diablo/diablo_ws/install/ception_msgs/share/ception_msgs/hook/cmake_prefix_path.dsv'
[8.003s] INFO:colcon.colcon_core.shell:Creating environment hook '/home/diablo/diablo_ws/install/ception_msgs/share/ception_msgs/hook/cmake_prefix_path.sh'
[8.006s] Level 1:colcon.colcon_core.environment:checking '/home/diablo/diablo_ws/install/ception_msgs/lib'
[8.007s] Level 1:colcon.colcon_core.shell:create_environment_hook('ception_msgs', 'ld_library_path_lib')
[8.007s] INFO:colcon.colcon_core.shell:Creating environment hook '/home/diablo/diablo_ws/install/ception_msgs/share/ception_msgs/hook/ld_library_path_lib.ps1'
[8.009s] INFO:colcon.colcon_core.shell:Creating environment descriptor '/home/diablo/diablo_ws/install/ception_msgs/share/ception_msgs/hook/ld_library_path_lib.dsv'
[8.011s] INFO:colcon.colcon_core.shell:Creating environment hook '/home/diablo/diablo_ws/install/ception_msgs/share/ception_msgs/hook/ld_library_path_lib.sh'
[8.013s] Level 1:colcon.colcon_core.environment:checking '/home/diablo/diablo_ws/install/ception_msgs/bin'
[8.013s] Level 1:colcon.colcon_core.environment:checking '/home/diablo/diablo_ws/install/ception_msgs/lib/pkgconfig/ception_msgs.pc'
[8.014s] Level 1:colcon.colcon_core.environment:checking '/home/diablo/diablo_ws/install/ception_msgs/lib/python3.10/site-packages'
[8.016s] Level 1:colcon.colcon_core.environment:checking '/home/diablo/diablo_ws/install/ception_msgs/bin'
[8.017s] INFO:colcon.colcon_core.shell:Creating package script '/home/diablo/diablo_ws/install/ception_msgs/share/ception_msgs/package.ps1'
[8.019s] INFO:colcon.colcon_core.shell:Creating package descriptor '/home/diablo/diablo_ws/install/ception_msgs/share/ception_msgs/package.dsv'
[8.022s] INFO:colcon.colcon_core.shell:Creating package script '/home/diablo/diablo_ws/install/ception_msgs/share/ception_msgs/package.sh'
[8.024s] INFO:colcon.colcon_core.shell:Creating package script '/home/diablo/diablo_ws/install/ception_msgs/share/ception_msgs/package.bash'
[8.027s] INFO:colcon.colcon_core.shell:Creating package script '/home/diablo/diablo_ws/install/ception_msgs/share/ception_msgs/package.zsh'
[8.029s] Level 1:colcon.colcon_core.environment:create_file_with_runtime_dependencies(/home/diablo/diablo_ws/install/ception_msgs/share/colcon-core/packages/ception_msgs)
[8.030s] INFO:colcon.colcon_ros.task.ament_cmake.build:Building ROS package in '/home/diablo/diablo_ws/src/diablo_ros2/diablo_common/diablo_utils' with build type 'ament_cmake'
[8.031s] INFO:colcon.colcon_cmake.task.cmake.build:Building CMake package in '/home/diablo/diablo_ws/src/diablo_ros2/diablo_common/diablo_utils'
[8.032s] INFO:colcon.colcon_core.shell:Skip shell extension 'powershell' for command environment: Not usable outside of PowerShell
[8.032s] DEBUG:colcon.colcon_core.shell:Skip shell extension 'dsv' for command environment
[8.090s] DEBUG:colcon.colcon_core.event_handler.log_command:Invoking command in '/home/diablo/diablo_ws/build/diablo_utils': AMENT_PREFIX_PATH=/home/diablo/diablo_ws/install/motion_msgs:${AMENT_PREFIX_PATH} CMAKE_PREFIX_PATH=/home/diablo/diablo_ws/install/motion_msgs:/opt/ros/humble LD_LIBRARY_PATH=/home/diablo/diablo_ws/install/motion_msgs/lib:${LD_LIBRARY_PATH} PYTHONPATH=/home/diablo/diablo_ws/install/motion_msgs/local/lib/python3.10/dist-packages:${PYTHONPATH} /usr/bin/cmake --build /home/diablo/diablo_ws/build/diablo_utils -- -j4 -l4
[8.464s] DEBUG:colcon.colcon_core.event_handler.log_command:Invoked command in '/home/diablo/diablo_ws/build/diablo_utils' returned '0': AMENT_PREFIX_PATH=/home/diablo/diablo_ws/install/motion_msgs:${AMENT_PREFIX_PATH} CMAKE_PREFIX_PATH=/home/diablo/diablo_ws/install/motion_msgs:/opt/ros/humble LD_LIBRARY_PATH=/home/diablo/diablo_ws/install/motion_msgs/lib:${LD_LIBRARY_PATH} PYTHONPATH=/home/diablo/diablo_ws/install/motion_msgs/local/lib/python3.10/dist-packages:${PYTHONPATH} /usr/bin/cmake --build /home/diablo/diablo_ws/build/diablo_utils -- -j4 -l4
[8.476s] DEBUG:colcon.colcon_core.event_handler.log_command:Invoking command in '/home/diablo/diablo_ws/build/diablo_utils': AMENT_PREFIX_PATH=/home/diablo/diablo_ws/install/motion_msgs:${AMENT_PREFIX_PATH} CMAKE_PREFIX_PATH=/home/diablo/diablo_ws/install/motion_msgs:/opt/ros/humble LD_LIBRARY_PATH=/home/diablo/diablo_ws/install/motion_msgs/lib:${LD_LIBRARY_PATH} PYTHONPATH=/home/diablo/diablo_ws/install/motion_msgs/local/lib/python3.10/dist-packages:${PYTHONPATH} /usr/bin/cmake --install /home/diablo/diablo_ws/build/diablo_utils
[8.605s] Level 1:colcon.colcon_core.environment:create_environment_scripts_only(diablo_utils)
[8.606s] Level 1:colcon.colcon_core.environment:checking '/home/diablo/diablo_ws/install/diablo_utils' for CMake module files
[8.608s] DEBUG:colcon.colcon_core.event_handler.log_command:Invoked command in '/home/diablo/diablo_ws/build/diablo_utils' returned '0': AMENT_PREFIX_PATH=/home/diablo/diablo_ws/install/motion_msgs:${AMENT_PREFIX_PATH} CMAKE_PREFIX_PATH=/home/diablo/diablo_ws/install/motion_msgs:/opt/ros/humble LD_LIBRARY_PATH=/home/diablo/diablo_ws/install/motion_msgs/lib:${LD_LIBRARY_PATH} PYTHONPATH=/home/diablo/diablo_ws/install/motion_msgs/local/lib/python3.10/dist-packages:${PYTHONPATH} /usr/bin/cmake --install /home/diablo/diablo_ws/build/diablo_utils
[8.610s] Level 1:colcon.colcon_core.environment:checking '/home/diablo/diablo_ws/install/diablo_utils' for CMake config files
[8.613s] Level 1:colcon.colcon_core.shell:create_environment_hook('diablo_utils', 'cmake_prefix_path')
[8.614s] INFO:colcon.colcon_core.shell:Creating environment hook '/home/diablo/diablo_ws/install/diablo_utils/share/diablo_utils/hook/cmake_prefix_path.ps1'
[8.617s] INFO:colcon.colcon_core.shell:Creating environment descriptor '/home/diablo/diablo_ws/install/diablo_utils/share/diablo_utils/hook/cmake_prefix_path.dsv'
[8.619s] INFO:colcon.colcon_core.shell:Creating environment hook '/home/diablo/diablo_ws/install/diablo_utils/share/diablo_utils/hook/cmake_prefix_path.sh'
[8.622s] Level 1:colcon.colcon_core.environment:checking '/home/diablo/diablo_ws/install/diablo_utils/lib'
[8.622s] Level 1:colcon.colcon_core.shell:create_environment_hook('diablo_utils', 'ld_library_path_lib')
[8.623s] INFO:colcon.colcon_core.shell:Creating environment hook '/home/diablo/diablo_ws/install/diablo_utils/share/diablo_utils/hook/ld_library_path_lib.ps1'
[8.625s] INFO:colcon.colcon_core.shell:Creating environment descriptor '/home/diablo/diablo_ws/install/diablo_utils/share/diablo_utils/hook/ld_library_path_lib.dsv'
[8.627s] INFO:colcon.colcon_core.shell:Creating environment hook '/home/diablo/diablo_ws/install/diablo_utils/share/diablo_utils/hook/ld_library_path_lib.sh'
[8.629s] Level 1:colcon.colcon_core.environment:checking '/home/diablo/diablo_ws/install/diablo_utils/bin'
[8.630s] Level 1:colcon.colcon_core.environment:checking '/home/diablo/diablo_ws/install/diablo_utils/lib/pkgconfig/diablo_utils.pc'
[8.631s] Level 1:colcon.colcon_core.environment:checking '/home/diablo/diablo_ws/install/diablo_utils/lib/python3.10/site-packages'
[8.632s] Level 1:colcon.colcon_core.environment:checking '/home/diablo/diablo_ws/install/diablo_utils/bin'
[8.633s] INFO:colcon.colcon_core.shell:Creating package script '/home/diablo/diablo_ws/install/diablo_utils/share/diablo_utils/package.ps1'
[8.636s] INFO:colcon.colcon_core.shell:Creating package descriptor '/home/diablo/diablo_ws/install/diablo_utils/share/diablo_utils/package.dsv'
[8.638s] INFO:colcon.colcon_core.shell:Creating package script '/home/diablo/diablo_ws/install/diablo_utils/share/diablo_utils/package.sh'
[8.640s] INFO:colcon.colcon_core.shell:Creating package script '/home/diablo/diablo_ws/install/diablo_utils/share/diablo_utils/package.bash'
[8.642s] INFO:colcon.colcon_core.shell:Creating package script '/home/diablo/diablo_ws/install/diablo_utils/share/diablo_utils/package.zsh'
[8.644s] Level 1:colcon.colcon_core.environment:create_file_with_runtime_dependencies(/home/diablo/diablo_ws/install/diablo_utils/share/colcon-core/packages/diablo_utils)
[8.647s] Level 1:colcon.colcon_core.environment:create_environment_scripts_only(diablo_utils)
[8.648s] Level 1:colcon.colcon_core.environment:checking '/home/diablo/diablo_ws/install/diablo_utils' for CMake module files
[8.652s] Level 1:colcon.colcon_core.environment:checking '/home/diablo/diablo_ws/install/diablo_utils' for CMake config files
[8.653s] Level 1:colcon.colcon_core.shell:create_environment_hook('diablo_utils', 'cmake_prefix_path')
[8.654s] INFO:colcon.colcon_core.shell:Creating environment hook '/home/diablo/diablo_ws/install/diablo_utils/share/diablo_utils/hook/cmake_prefix_path.ps1'
[8.657s] INFO:colcon.colcon_core.shell:Creating environment descriptor '/home/diablo/diablo_ws/install/diablo_utils/share/diablo_utils/hook/cmake_prefix_path.dsv'
[8.659s] INFO:colcon.colcon_core.shell:Creating environment hook '/home/diablo/diablo_ws/install/diablo_utils/share/diablo_utils/hook/cmake_prefix_path.sh'
[8.661s] Level 1:colcon.colcon_core.environment:checking '/home/diablo/diablo_ws/install/diablo_utils/lib'
[8.662s] Level 1:colcon.colcon_core.shell:create_environment_hook('diablo_utils', 'ld_library_path_lib')
[8.663s] INFO:colcon.colcon_core.shell:Creating environment hook '/home/diablo/diablo_ws/install/diablo_utils/share/diablo_utils/hook/ld_library_path_lib.ps1'
[8.665s] INFO:colcon.colcon_core.shell:Creating environment descriptor '/home/diablo/diablo_ws/install/diablo_utils/share/diablo_utils/hook/ld_library_path_lib.dsv'
[8.666s] INFO:colcon.colcon_core.shell:Creating environment hook '/home/diablo/diablo_ws/install/diablo_utils/share/diablo_utils/hook/ld_library_path_lib.sh'
[8.668s] Level 1:colcon.colcon_core.environment:checking '/home/diablo/diablo_ws/install/diablo_utils/bin'
[8.669s] Level 1:colcon.colcon_core.environment:checking '/home/diablo/diablo_ws/install/diablo_utils/lib/pkgconfig/diablo_utils.pc'
[8.669s] Level 1:colcon.colcon_core.environment:checking '/home/diablo/diablo_ws/install/diablo_utils/lib/python3.10/site-packages'
[8.671s] Level 1:colcon.colcon_core.environment:checking '/home/diablo/diablo_ws/install/diablo_utils/bin'
[8.672s] INFO:colcon.colcon_core.shell:Creating package script '/home/diablo/diablo_ws/install/diablo_utils/share/diablo_utils/package.ps1'
[8.675s] INFO:colcon.colcon_core.shell:Creating package descriptor '/home/diablo/diablo_ws/install/diablo_utils/share/diablo_utils/package.dsv'
[8.677s] INFO:colcon.colcon_core.shell:Creating package script '/home/diablo/diablo_ws/install/diablo_utils/share/diablo_utils/package.sh'
[8.679s] INFO:colcon.colcon_core.shell:Creating package script '/home/diablo/diablo_ws/install/diablo_utils/share/diablo_utils/package.bash'
[8.681s] INFO:colcon.colcon_core.shell:Creating package script '/home/diablo/diablo_ws/install/diablo_utils/share/diablo_utils/package.zsh'
[8.683s] Level 1:colcon.colcon_core.environment:create_file_with_runtime_dependencies(/home/diablo/diablo_ws/install/diablo_utils/share/colcon-core/packages/diablo_utils)
[8.685s] INFO:colcon.colcon_ros.task.ament_cmake.build:Building ROS package in '/home/diablo/diablo_ws/src/diablo_ros2/diablo_ception/diablo_body' with build type 'ament_cmake'
[8.685s] INFO:colcon.colcon_cmake.task.cmake.build:Building CMake package in '/home/diablo/diablo_ws/src/diablo_ros2/diablo_ception/diablo_body'
[8.686s] INFO:colcon.colcon_core.shell:Skip shell extension 'powershell' for command environment: Not usable outside of PowerShell
[8.687s] DEBUG:colcon.colcon_core.shell:Skip shell extension 'dsv' for command environment
[8.770s] DEBUG:colcon.colcon_core.event_handler.log_command:Invoking command in '/home/diablo/diablo_ws/build/diablo_body': AMENT_PREFIX_PATH=/home/diablo/diablo_ws/install/diablo_utils:/home/diablo/diablo_ws/install/motion_msgs:/home/diablo/diablo_ws/install/ception_msgs:${AMENT_PREFIX_PATH} CMAKE_PREFIX_PATH=/home/diablo/diablo_ws/install/diablo_utils:/home/diablo/diablo_ws/install/motion_msgs:/home/diablo/diablo_ws/install/ception_msgs:/opt/ros/humble LD_LIBRARY_PATH=/home/diablo/diablo_ws/install/diablo_utils/lib:/home/diablo/diablo_ws/install/motion_msgs/lib:/home/diablo/diablo_ws/install/ception_msgs/lib:${LD_LIBRARY_PATH} PYTHONPATH=/home/diablo/diablo_ws/install/motion_msgs/local/lib/python3.10/dist-packages:/home/diablo/diablo_ws/install/ception_msgs/local/lib/python3.10/dist-packages:${PYTHONPATH} /usr/bin/cmake --build /home/diablo/diablo_ws/build/diablo_body -- -j4 -l4
