[0.087s] Invoking command in '/home/diablo/diablo_ws/build/ception_msgs': CMAKE_PREFIX_PATH=/opt/ros/humble /usr/bin/cmake /home/diablo/diablo_ws/src/diablo_ros2/diablo_interfaces/ception_msgs -DAMENT_CMAKE_SYMLINK_INSTALL=1 -DCMAKE_INSTALL_PREFIX=/home/diablo/diablo_ws/install/ception_msgs
[0.401s] -- Found ament_cmake: 1.3.12 (/opt/ros/humble/share/ament_cmake/cmake)
[1.185s] -- Override CMake install command with custom implementation using symlinks instead of copying resources
[1.368s] -- Found rosidl_default_generators: 1.2.0 (/opt/ros/humble/share/rosidl_default_generators/cmake)
[1.382s] -- Using all available rosidl_typesupport_c: rosidl_typesupport_fastrtps_c;rosidl_typesupport_introspection_c
[1.402s] -- Found rosidl_adapter: 3.1.8 (/opt/ros/humble/share/rosidl_adapter/cmake)
[1.620s] -- Using all available rosidl_typesupport_cpp: rosidl_typesupport_fastrtps_cpp;rosidl_typesupport_introspection_cpp
[1.778s] -- Found std_msgs: 4.9.0 (/opt/ros/humble/share/std_msgs/cmake)
[3.508s] -- Found ament_cmake_ros: 0.10.0 (/opt/ros/humble/share/ament_cmake_ros/cmake)
[4.640s] -- Using all available rosidl_typesupport_c: rosidl_typesupport_fastrtps_c;rosidl_typesupport_introspection_c
[6.147s] -- Using all available rosidl_typesupport_cpp: rosidl_typesupport_fastrtps_cpp;rosidl_typesupport_introspection_cpp
[6.286s] -- Found python_cmake_module: 0.10.0 (/opt/ros/humble/share/python_cmake_module/cmake)
[6.429s] -- Using PYTHON_EXECUTABLE: /usr/bin/python3
[6.430s] -- Using PYTHON_INCLUDE_DIRS: /usr/include/python3.10
[6.430s] -- Using PYTHON_LIBRARIES: /usr/lib/aarch64-linux-gnu/libpython3.10.so
[6.628s] -- Configuring done
[6.999s] -- Generating done
[7.089s] -- Build files have been written to: /home/diablo/diablo_ws/build/ception_msgs
[7.221s] Invoked command in '/home/diablo/diablo_ws/build/ception_msgs' returned '0': CMAKE_PREFIX_PATH=/opt/ros/humble /usr/bin/cmake /home/diablo/diablo_ws/src/diablo_ros2/diablo_interfaces/ception_msgs -DAMENT_CMAKE_SYMLINK_INSTALL=1 -DCMAKE_INSTALL_PREFIX=/home/diablo/diablo_ws/install/ception_msgs
[7.233s] Invoking command in '/home/diablo/diablo_ws/build/ception_msgs': CMAKE_PREFIX_PATH=/opt/ros/humble /usr/bin/cmake --build /home/diablo/diablo_ws/build/ception_msgs -- -j4 -l4
[7.488s] [35m[1mConsolidate compiler generated dependencies of target ception_msgs__rosidl_generator_c[0m
[7.535s] [  3%] Built target ception_msgs__cpp
[7.575s] [ 12%] Built target ception_msgs__rosidl_generator_c
[7.606s] [ 12%] Built target ament_cmake_python_symlink_ception_msgs
[7.628s] [35m[1mConsolidate compiler generated dependencies of target ception_msgs__rosidl_typesupport_fastrtps_cpp[0m
[7.660s] [35m[1mConsolidate compiler generated dependencies of target ception_msgs__rosidl_typesupport_cpp[0m
[7.681s] [35m[1mConsolidate compiler generated dependencies of target ception_msgs__rosidl_typesupport_fastrtps_c[0m
[7.686s] [35m[1mConsolidate compiler generated dependencies of target ception_msgs__rosidl_typesupport_introspection_cpp[0m
[7.811s] [ 22%] Built target ception_msgs__rosidl_typesupport_fastrtps_c
[7.830s] [ 32%] Built target ception_msgs__rosidl_typesupport_cpp
[7.843s] [ 51%] Built target ception_msgs__rosidl_typesupport_introspection_cpp
[7.853s] [ 51%] Built target ception_msgs__rosidl_typesupport_fastrtps_cpp
[7.928s] [35m[1mConsolidate compiler generated dependencies of target ception_msgs__rosidl_typesupport_introspection_c[0m
[7.958s] [35m[1mConsolidate compiler generated dependencies of target ception_msgs__rosidl_typesupport_c[0m
[8.024s] [ 61%] Built target ception_msgs__rosidl_typesupport_introspection_c
[8.041s] [ 70%] Built target ception_msgs__rosidl_typesupport_c
[8.178s] [ 70%] Built target ception_msgs
[8.300s] [ 74%] Built target ception_msgs__py
[8.359s] [35m[1mConsolidate compiler generated dependencies of target ception_msgs__rosidl_generator_py[0m
[8.461s] [ 80%] Built target ception_msgs__rosidl_generator_py
[8.549s] [35m[1mConsolidate compiler generated dependencies of target ception_msgs__rosidl_typesupport_fastrtps_c__pyext[0m
[8.556s] [35m[1mConsolidate compiler generated dependencies of target ception_msgs__rosidl_typesupport_introspection_c__pyext[0m
[8.589s] [35m[1mConsolidate compiler generated dependencies of target ception_msgs__rosidl_typesupport_c__pyext[0m
[8.657s] [ 87%] Built target ception_msgs__rosidl_typesupport_introspection_c__pyext
[8.684s] [ 93%] Built target ception_msgs__rosidl_typesupport_fastrtps_c__pyext
[8.700s] [100%] Built target ception_msgs__rosidl_typesupport_c__pyext
[9.419s] running egg_info
[9.422s] writing ception_msgs.egg-info/PKG-INFO
[9.424s] writing dependency_links to ception_msgs.egg-info/dependency_links.txt
[9.425s] writing top-level names to ception_msgs.egg-info/top_level.txt
[9.438s] reading manifest file 'ception_msgs.egg-info/SOURCES.txt'
[9.442s] writing manifest file 'ception_msgs.egg-info/SOURCES.txt'
[9.637s] [100%] Built target ament_cmake_python_build_ception_msgs_egg
[9.681s] Invoked command in '/home/diablo/diablo_ws/build/ception_msgs' returned '0': CMAKE_PREFIX_PATH=/opt/ros/humble /usr/bin/cmake --build /home/diablo/diablo_ws/build/ception_msgs -- -j4 -l4
[9.723s] Invoking command in '/home/diablo/diablo_ws/build/ception_msgs': CMAKE_PREFIX_PATH=/opt/ros/humble /usr/bin/cmake --install /home/diablo/diablo_ws/build/ception_msgs
[9.754s] -- Install configuration: "Release"
[9.756s] -- Execute custom install script
[9.762s] -- Up-to-date symlink: /home/diablo/diablo_ws/install/ception_msgs/share/ament_index/resource_index/rosidl_interfaces/ception_msgs
[9.768s] -- Up-to-date symlink: /home/diablo/diablo_ws/install/ception_msgs/include/ception_msgs/ception_msgs/msg/detail/imu_euler__functions.h
[9.770s] -- Up-to-date symlink: /home/diablo/diablo_ws/install/ception_msgs/include/ception_msgs/ception_msgs/msg/detail/imu_euler__struct.h
[9.772s] -- Up-to-date symlink: /home/diablo/diablo_ws/install/ception_msgs/include/ception_msgs/ception_msgs/msg/detail/imu_euler__type_support.h
[9.773s] -- Up-to-date symlink: /home/diablo/diablo_ws/install/ception_msgs/include/ception_msgs/ception_msgs/msg/imu_euler.h
[9.775s] -- Up-to-date symlink: /home/diablo/diablo_ws/install/ception_msgs/include/ception_msgs/ception_msgs/msg/rosidl_generator_c__visibility_control.h
[9.778s] -- Up-to-date symlink: /home/diablo/diablo_ws/install/ception_msgs/share/ception_msgs/environment/library_path.sh
[9.780s] -- Up-to-date symlink: /home/diablo/diablo_ws/install/ception_msgs/share/ception_msgs/environment/library_path.dsv
[9.784s] -- Up-to-date symlink: /home/diablo/diablo_ws/install/ception_msgs/include/ception_msgs/ception_msgs/msg/detail/imu_euler__rosidl_typesupport_fastrtps_c.h
[9.786s] -- Up-to-date symlink: /home/diablo/diablo_ws/install/ception_msgs/include/ception_msgs/ception_msgs/msg/rosidl_typesupport_fastrtps_c__visibility_control.h
[9.789s] -- Up-to-date symlink: /home/diablo/diablo_ws/install/ception_msgs/include/ception_msgs/ception_msgs/msg/detail/imu_euler__rosidl_typesupport_introspection_c.h
[9.791s] -- Up-to-date symlink: /home/diablo/diablo_ws/install/ception_msgs/include/ception_msgs/ception_msgs/msg/rosidl_typesupport_introspection_c__visibility_control.h
[9.795s] -- Up-to-date symlink: /home/diablo/diablo_ws/install/ception_msgs/include/ception_msgs/ception_msgs/msg/detail/imu_euler__builder.hpp
[9.797s] -- Up-to-date symlink: /home/diablo/diablo_ws/install/ception_msgs/include/ception_msgs/ception_msgs/msg/detail/imu_euler__struct.hpp
[9.798s] -- Up-to-date symlink: /home/diablo/diablo_ws/install/ception_msgs/include/ception_msgs/ception_msgs/msg/detail/imu_euler__traits.hpp
[9.800s] -- Up-to-date symlink: /home/diablo/diablo_ws/install/ception_msgs/include/ception_msgs/ception_msgs/msg/detail/imu_euler__type_support.hpp
[9.802s] -- Up-to-date symlink: /home/diablo/diablo_ws/install/ception_msgs/include/ception_msgs/ception_msgs/msg/imu_euler.hpp
[9.803s] -- Up-to-date symlink: /home/diablo/diablo_ws/install/ception_msgs/include/ception_msgs/ception_msgs/msg/rosidl_generator_cpp__visibility_control.hpp
[9.808s] -- Up-to-date symlink: /home/diablo/diablo_ws/install/ception_msgs/include/ception_msgs/ception_msgs/msg/detail/imu_euler__rosidl_typesupport_fastrtps_cpp.hpp
[9.810s] -- Up-to-date symlink: /home/diablo/diablo_ws/install/ception_msgs/include/ception_msgs/ception_msgs/msg/rosidl_typesupport_fastrtps_cpp__visibility_control.h
[9.812s] -- Up-to-date symlink: /home/diablo/diablo_ws/install/ception_msgs/include/ception_msgs/ception_msgs/msg/detail/imu_euler__rosidl_typesupport_introspection_cpp.hpp
[9.814s] -- Up-to-date symlink: /home/diablo/diablo_ws/install/ception_msgs/share/ception_msgs/environment/pythonpath.sh
[9.816s] -- Up-to-date symlink: /home/diablo/diablo_ws/install/ception_msgs/share/ception_msgs/environment/pythonpath.dsv
[9.821s] -- Up-to-date symlink: /home/diablo/diablo_ws/install/ception_msgs/local/lib/python3.10/dist-packages/ception_msgs-1.0.0-py3.10.egg-info/PKG-INFO
[9.822s] -- Up-to-date symlink: /home/diablo/diablo_ws/install/ception_msgs/local/lib/python3.10/dist-packages/ception_msgs-1.0.0-py3.10.egg-info/SOURCES.txt
[9.824s] -- Up-to-date symlink: /home/diablo/diablo_ws/install/ception_msgs/local/lib/python3.10/dist-packages/ception_msgs-1.0.0-py3.10.egg-info/dependency_links.txt
[9.826s] -- Up-to-date symlink: /home/diablo/diablo_ws/install/ception_msgs/local/lib/python3.10/dist-packages/ception_msgs-1.0.0-py3.10.egg-info/top_level.txt
[9.833s] -- Up-to-date symlink: /home/diablo/diablo_ws/install/ception_msgs/local/lib/python3.10/dist-packages/ception_msgs/__init__.py
[9.835s] -- Up-to-date symlink: /home/diablo/diablo_ws/install/ception_msgs/local/lib/python3.10/dist-packages/ception_msgs/_ception_msgs_s.ep.rosidl_typesupport_c.c
[9.837s] -- Up-to-date symlink: /home/diablo/diablo_ws/install/ception_msgs/local/lib/python3.10/dist-packages/ception_msgs/_ception_msgs_s.ep.rosidl_typesupport_fastrtps_c.c
[9.838s] -- Up-to-date symlink: /home/diablo/diablo_ws/install/ception_msgs/local/lib/python3.10/dist-packages/ception_msgs/_ception_msgs_s.ep.rosidl_typesupport_introspection_c.c
[9.840s] -- Up-to-date symlink: /home/diablo/diablo_ws/install/ception_msgs/local/lib/python3.10/dist-packages/ception_msgs/ception_msgs_s__rosidl_typesupport_c.cpython-310-aarch64-linux-gnu.so
[9.842s] -- Up-to-date symlink: /home/diablo/diablo_ws/install/ception_msgs/local/lib/python3.10/dist-packages/ception_msgs/ception_msgs_s__rosidl_typesupport_fastrtps_c.cpython-310-aarch64-linux-gnu.so
[9.843s] -- Up-to-date symlink: /home/diablo/diablo_ws/install/ception_msgs/local/lib/python3.10/dist-packages/ception_msgs/ception_msgs_s__rosidl_typesupport_introspection_c.cpython-310-aarch64-linux-gnu.so
[9.845s] -- Up-to-date symlink: /home/diablo/diablo_ws/install/ception_msgs/local/lib/python3.10/dist-packages/ception_msgs/libception_msgs__rosidl_generator_py.so
[9.848s] -- Up-to-date symlink: /home/diablo/diablo_ws/install/ception_msgs/local/lib/python3.10/dist-packages/ception_msgs/msg/__init__.py
[9.850s] -- Up-to-date symlink: /home/diablo/diablo_ws/install/ception_msgs/local/lib/python3.10/dist-packages/ception_msgs/msg/_imu_euler.py
[9.851s] -- Up-to-date symlink: /home/diablo/diablo_ws/install/ception_msgs/local/lib/python3.10/dist-packages/ception_msgs/msg/_imu_euler_s.c
[9.853s] -- Up-to-date symlink: /home/diablo/diablo_ws/install/ception_msgs/local/lib/python3.10/dist-packages/ception_msgs/ception_msgs_s__rosidl_typesupport_fastrtps_c.cpython-310-aarch64-linux-gnu.so
[9.855s] -- Up-to-date symlink: /home/diablo/diablo_ws/install/ception_msgs/local/lib/python3.10/dist-packages/ception_msgs/ception_msgs_s__rosidl_typesupport_introspection_c.cpython-310-aarch64-linux-gnu.so
[9.856s] -- Up-to-date symlink: /home/diablo/diablo_ws/install/ception_msgs/local/lib/python3.10/dist-packages/ception_msgs/ception_msgs_s__rosidl_typesupport_c.cpython-310-aarch64-linux-gnu.so
[9.859s] -- Up-to-date symlink: /home/diablo/diablo_ws/install/ception_msgs/share/ception_msgs/msg/IMUEuler.idl
[9.860s] -- Up-to-date symlink: /home/diablo/diablo_ws/install/ception_msgs/share/ception_msgs/msg/IMUEuler.msg
[9.863s] -- Up-to-date symlink: /home/diablo/diablo_ws/install/ception_msgs/share/ament_index/resource_index/package_run_dependencies/ception_msgs
[9.865s] -- Up-to-date symlink: /home/diablo/diablo_ws/install/ception_msgs/share/ament_index/resource_index/parent_prefix_path/ception_msgs
[9.867s] -- Up-to-date symlink: /home/diablo/diablo_ws/install/ception_msgs/share/ception_msgs/environment/ament_prefix_path.sh
[9.869s] -- Up-to-date symlink: /home/diablo/diablo_ws/install/ception_msgs/share/ception_msgs/environment/ament_prefix_path.dsv
[9.872s] -- Up-to-date symlink: /home/diablo/diablo_ws/install/ception_msgs/share/ception_msgs/environment/path.sh
[9.873s] -- Up-to-date symlink: /home/diablo/diablo_ws/install/ception_msgs/share/ception_msgs/environment/path.dsv
[9.875s] -- Up-to-date symlink: /home/diablo/diablo_ws/install/ception_msgs/share/ception_msgs/local_setup.bash
[9.878s] -- Up-to-date symlink: /home/diablo/diablo_ws/install/ception_msgs/share/ception_msgs/local_setup.sh
[9.879s] -- Up-to-date symlink: /home/diablo/diablo_ws/install/ception_msgs/share/ception_msgs/local_setup.zsh
[9.881s] -- Up-to-date symlink: /home/diablo/diablo_ws/install/ception_msgs/share/ception_msgs/local_setup.dsv
[9.882s] -- Symlinking: /home/diablo/diablo_ws/install/ception_msgs/share/ception_msgs/package.dsv
[9.917s] -- Up-to-date symlink: /home/diablo/diablo_ws/install/ception_msgs/share/ament_index/resource_index/packages/ception_msgs
[9.920s] -- Up-to-date symlink: /home/diablo/diablo_ws/install/ception_msgs/share/ception_msgs/cmake/rosidl_cmake-extras.cmake
[9.921s] -- Up-to-date symlink: /home/diablo/diablo_ws/install/ception_msgs/share/ception_msgs/cmake/ament_cmake_export_dependencies-extras.cmake
[9.923s] -- Up-to-date symlink: /home/diablo/diablo_ws/install/ception_msgs/share/ception_msgs/cmake/ament_cmake_export_include_directories-extras.cmake
[9.924s] -- Up-to-date symlink: /home/diablo/diablo_ws/install/ception_msgs/share/ception_msgs/cmake/ament_cmake_export_libraries-extras.cmake
[9.926s] -- Up-to-date symlink: /home/diablo/diablo_ws/install/ception_msgs/share/ception_msgs/cmake/ament_cmake_export_targets-extras.cmake
[9.928s] -- Up-to-date symlink: /home/diablo/diablo_ws/install/ception_msgs/share/ception_msgs/cmake/rosidl_cmake_export_typesupport_targets-extras.cmake
[9.929s] -- Up-to-date symlink: /home/diablo/diablo_ws/install/ception_msgs/share/ception_msgs/cmake/rosidl_cmake_export_typesupport_libraries-extras.cmake
[9.931s] -- Up-to-date symlink: /home/diablo/diablo_ws/install/ception_msgs/share/ception_msgs/cmake/ception_msgsConfig.cmake
[9.933s] -- Up-to-date symlink: /home/diablo/diablo_ws/install/ception_msgs/share/ception_msgs/cmake/ception_msgsConfig-version.cmake
[9.935s] -- Up-to-date symlink: /home/diablo/diablo_ws/install/ception_msgs/share/ception_msgs/package.xml
[9.938s] -- Up-to-date: /home/diablo/diablo_ws/install/ception_msgs/lib/libception_msgs__rosidl_generator_c.so
[9.942s] -- Up-to-date: /home/diablo/diablo_ws/install/ception_msgs/lib/libception_msgs__rosidl_typesupport_fastrtps_c.so
[9.945s] -- Up-to-date: /home/diablo/diablo_ws/install/ception_msgs/lib/libception_msgs__rosidl_typesupport_introspection_c.so
[9.948s] -- Up-to-date: /home/diablo/diablo_ws/install/ception_msgs/lib/libception_msgs__rosidl_typesupport_c.so
[9.952s] -- Up-to-date: /home/diablo/diablo_ws/install/ception_msgs/lib/libception_msgs__rosidl_typesupport_fastrtps_cpp.so
[9.956s] -- Up-to-date: /home/diablo/diablo_ws/install/ception_msgs/lib/libception_msgs__rosidl_typesupport_introspection_cpp.so
[9.959s] -- Up-to-date: /home/diablo/diablo_ws/install/ception_msgs/lib/libception_msgs__rosidl_typesupport_cpp.so
[10.153s] Listing '/home/diablo/diablo_ws/install/ception_msgs/local/lib/python3.10/dist-packages/ception_msgs'...
[10.154s] Compiling '/home/diablo/diablo_ws/install/ception_msgs/local/lib/python3.10/dist-packages/ception_msgs/__init__.py'...
[10.155s] Listing '/home/diablo/diablo_ws/install/ception_msgs/local/lib/python3.10/dist-packages/ception_msgs/msg'...
[10.187s] -- Up-to-date: /home/diablo/diablo_ws/install/ception_msgs/lib/libception_msgs__rosidl_generator_py.so
[10.190s] -- Up-to-date: /home/diablo/diablo_ws/install/ception_msgs/share/ception_msgs/cmake/export_ception_msgs__rosidl_generator_cExport.cmake
[10.191s] -- Up-to-date: /home/diablo/diablo_ws/install/ception_msgs/share/ception_msgs/cmake/export_ception_msgs__rosidl_generator_cExport-release.cmake
[10.193s] -- Up-to-date: /home/diablo/diablo_ws/install/ception_msgs/share/ception_msgs/cmake/export_ception_msgs__rosidl_typesupport_fastrtps_cExport.cmake
[10.193s] -- Up-to-date: /home/diablo/diablo_ws/install/ception_msgs/share/ception_msgs/cmake/export_ception_msgs__rosidl_typesupport_fastrtps_cExport-release.cmake
[10.195s] -- Up-to-date: /home/diablo/diablo_ws/install/ception_msgs/share/ception_msgs/cmake/ception_msgs__rosidl_typesupport_introspection_cExport.cmake
[10.196s] -- Up-to-date: /home/diablo/diablo_ws/install/ception_msgs/share/ception_msgs/cmake/ception_msgs__rosidl_typesupport_introspection_cExport-release.cmake
[10.198s] -- Up-to-date: /home/diablo/diablo_ws/install/ception_msgs/share/ception_msgs/cmake/ception_msgs__rosidl_typesupport_cExport.cmake
[10.198s] -- Up-to-date: /home/diablo/diablo_ws/install/ception_msgs/share/ception_msgs/cmake/ception_msgs__rosidl_typesupport_cExport-release.cmake
[10.200s] -- Up-to-date: /home/diablo/diablo_ws/install/ception_msgs/share/ception_msgs/cmake/export_ception_msgs__rosidl_generator_cppExport.cmake
[10.202s] -- Up-to-date: /home/diablo/diablo_ws/install/ception_msgs/share/ception_msgs/cmake/export_ception_msgs__rosidl_typesupport_fastrtps_cppExport.cmake
[10.203s] -- Up-to-date: /home/diablo/diablo_ws/install/ception_msgs/share/ception_msgs/cmake/export_ception_msgs__rosidl_typesupport_fastrtps_cppExport-release.cmake
[10.204s] -- Up-to-date: /home/diablo/diablo_ws/install/ception_msgs/share/ception_msgs/cmake/ception_msgs__rosidl_typesupport_introspection_cppExport.cmake
[10.205s] -- Up-to-date: /home/diablo/diablo_ws/install/ception_msgs/share/ception_msgs/cmake/ception_msgs__rosidl_typesupport_introspection_cppExport-release.cmake
[10.207s] -- Up-to-date: /home/diablo/diablo_ws/install/ception_msgs/share/ception_msgs/cmake/ception_msgs__rosidl_typesupport_cppExport.cmake
[10.207s] -- Up-to-date: /home/diablo/diablo_ws/install/ception_msgs/share/ception_msgs/cmake/ception_msgs__rosidl_typesupport_cppExport-release.cmake
[10.209s] -- Up-to-date: /home/diablo/diablo_ws/install/ception_msgs/share/ception_msgs/cmake/export_ception_msgs__rosidl_generator_pyExport.cmake
[10.210s] -- Up-to-date: /home/diablo/diablo_ws/install/ception_msgs/share/ception_msgs/cmake/export_ception_msgs__rosidl_generator_pyExport-release.cmake
[10.218s] Invoked command in '/home/diablo/diablo_ws/build/ception_msgs' returned '0': CMAKE_PREFIX_PATH=/opt/ros/humble /usr/bin/cmake --install /home/diablo/diablo_ws/build/ception_msgs
