[0.465s] DEBUG:colcon:Command line arguments: ['/usr/bin/colcon', 'build', '--packages-up-to', 'diablo_ctrl', 'diablo_body', '--symlink-install']
[0.466s] DEBUG:colcon:Parsed command line arguments: Namespace(log_base=None, log_level=None, verb_name='build', build_base='build', install_base='install', merge_install=False, symlink_install=True, test_result_base=None, continue_on_error=False, executor='parallel', parallel_workers=4, event_handlers=None, ignore_user_meta=False, metas=['./colcon.meta'], base_paths=['.'], packages_ignore=None, packages_ignore_regex=None, paths=None, packages_up_to=['diablo_ctrl', 'diablo_body'], packages_up_to_regex=None, packages_above=None, packages_above_and_dependencies=None, packages_above_depth=None, packages_select_by_dep=None, packages_skip_by_dep=None, packages_skip_up_to=None, packages_select_build_failed=False, packages_skip_build_finished=False, packages_select_test_failures=False, packages_skip_test_passed=False, packages_select=None, packages_skip=None, packages_select_regex=None, packages_skip_regex=None, packages_start=None, packages_end=None, allow_overriding=[], cmake_args=None, cmake_target=None, cmake_target_skip_unavailable=False, cmake_clean_cache=False, cmake_clean_first=False, cmake_force_configure=False, ament_cmake_args=None, catkin_cmake_args=None, catkin_skip_building_tests=False, mixin_files=None, mixin=None, verb_parser=<colcon_mixin.mixin.mixin_argument.MixinArgumentDecorator object at 0xffff97e43f40>, verb_extension=<colcon_core.verb.build.BuildVerb object at 0xffff97f98f70>, main=<bound method BuildVerb.main of <colcon_core.verb.build.BuildVerb object at 0xffff97f98f70>>, mixin_verb=('build',))
[1.155s] Level 1:colcon.colcon_core.package_discovery:discover_packages(colcon_meta) check parameters
[1.155s] Level 1:colcon.colcon_core.package_discovery:discover_packages(recursive) check parameters
[1.155s] Level 1:colcon.colcon_core.package_discovery:discover_packages(ignore) check parameters
[1.155s] Level 1:colcon.colcon_core.package_discovery:discover_packages(path) check parameters
[1.155s] Level 1:colcon.colcon_core.package_discovery:discover_packages(colcon_meta) discover
[1.156s] Level 1:colcon.colcon_core.package_discovery:discover_packages(recursive) discover
[1.156s] INFO:colcon.colcon_core.package_discovery:Crawling recursively for packages in '/home/diablo/diablo_ws'
[1.156s] Level 1:colcon.colcon_core.package_identification:_identify(.) by extensions ['ignore', 'ignore_ament_install']
[1.157s] Level 1:colcon.colcon_core.package_identification:_identify(.) by extension 'ignore'
[1.157s] Level 1:colcon.colcon_core.package_identification:_identify(.) by extension 'ignore_ament_install'
[1.157s] Level 1:colcon.colcon_core.package_identification:_identify(.) by extensions ['colcon_pkg']
[1.157s] Level 1:colcon.colcon_core.package_identification:_identify(.) by extension 'colcon_pkg'
[1.157s] Level 1:colcon.colcon_core.package_identification:_identify(.) by extensions ['colcon_meta']
[1.157s] Level 1:colcon.colcon_core.package_identification:_identify(.) by extension 'colcon_meta'
[1.158s] Level 1:colcon.colcon_core.package_identification:_identify(.) by extensions ['ros']
[1.158s] Level 1:colcon.colcon_core.package_identification:_identify(.) by extension 'ros'
[1.208s] Level 1:colcon.colcon_core.package_identification:_identify(.) by extensions ['cmake', 'python']
[1.208s] Level 1:colcon.colcon_core.package_identification:_identify(.) by extension 'cmake'
[1.209s] Level 1:colcon.colcon_core.package_identification:_identify(.) by extension 'python'
[1.209s] Level 1:colcon.colcon_core.package_identification:_identify(.) by extensions ['python_setup_py']
[1.209s] Level 1:colcon.colcon_core.package_identification:_identify(.) by extension 'python_setup_py'
[1.209s] Level 1:colcon.colcon_core.package_identification:_identify(build) by extensions ['ignore', 'ignore_ament_install']
[1.210s] Level 1:colcon.colcon_core.package_identification:_identify(build) by extension 'ignore'
[1.210s] Level 1:colcon.colcon_core.package_identification:_identify(build) ignored
[1.211s] Level 1:colcon.colcon_core.package_identification:_identify(install) by extensions ['ignore', 'ignore_ament_install']
[1.211s] Level 1:colcon.colcon_core.package_identification:_identify(install) by extension 'ignore'
[1.211s] Level 1:colcon.colcon_core.package_identification:_identify(install) ignored
[1.212s] Level 1:colcon.colcon_core.package_identification:_identify(log) by extensions ['ignore', 'ignore_ament_install']
[1.212s] Level 1:colcon.colcon_core.package_identification:_identify(log) by extension 'ignore'
[1.212s] Level 1:colcon.colcon_core.package_identification:_identify(log) ignored
[1.213s] Level 1:colcon.colcon_core.package_identification:_identify(src) by extensions ['ignore', 'ignore_ament_install']
[1.213s] Level 1:colcon.colcon_core.package_identification:_identify(src) by extension 'ignore'
[1.213s] Level 1:colcon.colcon_core.package_identification:_identify(src) by extension 'ignore_ament_install'
[1.213s] Level 1:colcon.colcon_core.package_identification:_identify(src) by extensions ['colcon_pkg']
[1.213s] Level 1:colcon.colcon_core.package_identification:_identify(src) by extension 'colcon_pkg'
[1.214s] Level 1:colcon.colcon_core.package_identification:_identify(src) by extensions ['colcon_meta']
[1.214s] Level 1:colcon.colcon_core.package_identification:_identify(src) by extension 'colcon_meta'
[1.214s] Level 1:colcon.colcon_core.package_identification:_identify(src) by extensions ['ros']
[1.214s] Level 1:colcon.colcon_core.package_identification:_identify(src) by extension 'ros'
[1.214s] Level 1:colcon.colcon_core.package_identification:_identify(src) by extensions ['cmake', 'python']
[1.214s] Level 1:colcon.colcon_core.package_identification:_identify(src) by extension 'cmake'
[1.215s] Level 1:colcon.colcon_core.package_identification:_identify(src) by extension 'python'
[1.215s] Level 1:colcon.colcon_core.package_identification:_identify(src) by extensions ['python_setup_py']
[1.215s] Level 1:colcon.colcon_core.package_identification:_identify(src) by extension 'python_setup_py'
[1.215s] Level 1:colcon.colcon_core.package_identification:_identify(src/EasyNavigation) by extensions ['ignore', 'ignore_ament_install']
[1.216s] Level 1:colcon.colcon_core.package_identification:_identify(src/EasyNavigation) by extension 'ignore'
[1.216s] Level 1:colcon.colcon_core.package_identification:_identify(src/EasyNavigation) by extension 'ignore_ament_install'
[1.216s] Level 1:colcon.colcon_core.package_identification:_identify(src/EasyNavigation) by extensions ['colcon_pkg']
[1.216s] Level 1:colcon.colcon_core.package_identification:_identify(src/EasyNavigation) by extension 'colcon_pkg'
[1.216s] Level 1:colcon.colcon_core.package_identification:_identify(src/EasyNavigation) by extensions ['colcon_meta']
[1.216s] Level 1:colcon.colcon_core.package_identification:_identify(src/EasyNavigation) by extension 'colcon_meta'
[1.217s] Level 1:colcon.colcon_core.package_identification:_identify(src/EasyNavigation) by extensions ['ros']
[1.217s] Level 1:colcon.colcon_core.package_identification:_identify(src/EasyNavigation) by extension 'ros'
[1.217s] Level 1:colcon.colcon_core.package_identification:_identify(src/EasyNavigation) by extensions ['cmake', 'python']
[1.217s] Level 1:colcon.colcon_core.package_identification:_identify(src/EasyNavigation) by extension 'cmake'
[1.217s] Level 1:colcon.colcon_core.package_identification:_identify(src/EasyNavigation) by extension 'python'
[1.217s] Level 1:colcon.colcon_core.package_identification:_identify(src/EasyNavigation) by extensions ['python_setup_py']
[1.218s] Level 1:colcon.colcon_core.package_identification:_identify(src/EasyNavigation) by extension 'python_setup_py'
[1.218s] Level 1:colcon.colcon_core.package_identification:_identify(src/NavMap) by extensions ['ignore', 'ignore_ament_install']
[1.218s] Level 1:colcon.colcon_core.package_identification:_identify(src/NavMap) by extension 'ignore'
[1.219s] Level 1:colcon.colcon_core.package_identification:_identify(src/NavMap) by extension 'ignore_ament_install'
[1.219s] Level 1:colcon.colcon_core.package_identification:_identify(src/NavMap) by extensions ['colcon_pkg']
[1.219s] Level 1:colcon.colcon_core.package_identification:_identify(src/NavMap) by extension 'colcon_pkg'
[1.219s] Level 1:colcon.colcon_core.package_identification:_identify(src/NavMap) by extensions ['colcon_meta']
[1.219s] Level 1:colcon.colcon_core.package_identification:_identify(src/NavMap) by extension 'colcon_meta'
[1.219s] Level 1:colcon.colcon_core.package_identification:_identify(src/NavMap) by extensions ['ros']
[1.219s] Level 1:colcon.colcon_core.package_identification:_identify(src/NavMap) by extension 'ros'
[1.220s] Level 1:colcon.colcon_core.package_identification:_identify(src/NavMap) by extensions ['cmake', 'python']
[1.220s] Level 1:colcon.colcon_core.package_identification:_identify(src/NavMap) by extension 'cmake'
[1.220s] Level 1:colcon.colcon_core.package_identification:_identify(src/NavMap) by extension 'python'
[1.220s] Level 1:colcon.colcon_core.package_identification:_identify(src/NavMap) by extensions ['python_setup_py']
[1.220s] Level 1:colcon.colcon_core.package_identification:_identify(src/NavMap) by extension 'python_setup_py'
[1.221s] Level 1:colcon.colcon_core.package_identification:_identify(src/diablo_ros2) by extensions ['ignore', 'ignore_ament_install']
[1.221s] Level 1:colcon.colcon_core.package_identification:_identify(src/diablo_ros2) by extension 'ignore'
[1.221s] Level 1:colcon.colcon_core.package_identification:_identify(src/diablo_ros2) by extension 'ignore_ament_install'
[1.222s] Level 1:colcon.colcon_core.package_identification:_identify(src/diablo_ros2) by extensions ['colcon_pkg']
[1.222s] Level 1:colcon.colcon_core.package_identification:_identify(src/diablo_ros2) by extension 'colcon_pkg'
[1.222s] Level 1:colcon.colcon_core.package_identification:_identify(src/diablo_ros2) by extensions ['colcon_meta']
[1.222s] Level 1:colcon.colcon_core.package_identification:_identify(src/diablo_ros2) by extension 'colcon_meta'
[1.222s] Level 1:colcon.colcon_core.package_identification:_identify(src/diablo_ros2) by extensions ['ros']
[1.222s] Level 1:colcon.colcon_core.package_identification:_identify(src/diablo_ros2) by extension 'ros'
[1.223s] Level 1:colcon.colcon_core.package_identification:_identify(src/diablo_ros2) by extensions ['cmake', 'python']
[1.223s] Level 1:colcon.colcon_core.package_identification:_identify(src/diablo_ros2) by extension 'cmake'
[1.223s] Level 1:colcon.colcon_core.package_identification:_identify(src/diablo_ros2) by extension 'python'
[1.223s] Level 1:colcon.colcon_core.package_identification:_identify(src/diablo_ros2) by extensions ['python_setup_py']
[1.223s] Level 1:colcon.colcon_core.package_identification:_identify(src/diablo_ros2) by extension 'python_setup_py'
[1.224s] Level 1:colcon.colcon_core.package_identification:_identify(src/diablo_ros2/diablo_ception) by extensions ['ignore', 'ignore_ament_install']
[1.224s] Level 1:colcon.colcon_core.package_identification:_identify(src/diablo_ros2/diablo_ception) by extension 'ignore'
[1.224s] Level 1:colcon.colcon_core.package_identification:_identify(src/diablo_ros2/diablo_ception) by extension 'ignore_ament_install'
[1.224s] Level 1:colcon.colcon_core.package_identification:_identify(src/diablo_ros2/diablo_ception) by extensions ['colcon_pkg']
[1.224s] Level 1:colcon.colcon_core.package_identification:_identify(src/diablo_ros2/diablo_ception) by extension 'colcon_pkg'
[1.225s] Level 1:colcon.colcon_core.package_identification:_identify(src/diablo_ros2/diablo_ception) by extensions ['colcon_meta']
[1.225s] Level 1:colcon.colcon_core.package_identification:_identify(src/diablo_ros2/diablo_ception) by extension 'colcon_meta'
[1.225s] Level 1:colcon.colcon_core.package_identification:_identify(src/diablo_ros2/diablo_ception) by extensions ['ros']
[1.225s] Level 1:colcon.colcon_core.package_identification:_identify(src/diablo_ros2/diablo_ception) by extension 'ros'
[1.225s] Level 1:colcon.colcon_core.package_identification:_identify(src/diablo_ros2/diablo_ception) by extensions ['cmake', 'python']
[1.225s] Level 1:colcon.colcon_core.package_identification:_identify(src/diablo_ros2/diablo_ception) by extension 'cmake'
[1.226s] Level 1:colcon.colcon_core.package_identification:_identify(src/diablo_ros2/diablo_ception) by extension 'python'
[1.226s] Level 1:colcon.colcon_core.package_identification:_identify(src/diablo_ros2/diablo_ception) by extensions ['python_setup_py']
[1.226s] Level 1:colcon.colcon_core.package_identification:_identify(src/diablo_ros2/diablo_ception) by extension 'python_setup_py'
[1.226s] Level 1:colcon.colcon_core.package_identification:_identify(src/diablo_ros2/diablo_ception/diablo_body) by extensions ['ignore', 'ignore_ament_install']
[1.227s] Level 1:colcon.colcon_core.package_identification:_identify(src/diablo_ros2/diablo_ception/diablo_body) by extension 'ignore'
[1.227s] Level 1:colcon.colcon_core.package_identification:_identify(src/diablo_ros2/diablo_ception/diablo_body) by extension 'ignore_ament_install'
[1.227s] Level 1:colcon.colcon_core.package_identification:_identify(src/diablo_ros2/diablo_ception/diablo_body) by extensions ['colcon_pkg']
[1.227s] Level 1:colcon.colcon_core.package_identification:_identify(src/diablo_ros2/diablo_ception/diablo_body) by extension 'colcon_pkg'
[1.227s] Level 1:colcon.colcon_core.package_identification:_identify(src/diablo_ros2/diablo_ception/diablo_body) by extensions ['colcon_meta']
[1.228s] Level 1:colcon.colcon_core.package_identification:_identify(src/diablo_ros2/diablo_ception/diablo_body) by extension 'colcon_meta'
[1.228s] Level 1:colcon.colcon_core.package_identification:_identify(src/diablo_ros2/diablo_ception/diablo_body) by extensions ['ros']
[1.228s] Level 1:colcon.colcon_core.package_identification:_identify(src/diablo_ros2/diablo_ception/diablo_body) by extension 'ros'
[1.238s] DEBUG:colcon.colcon_core.package_identification:Package 'src/diablo_ros2/diablo_ception/diablo_body' with type 'ros.ament_cmake' and name 'diablo_body'
[1.238s] Level 1:colcon.colcon_core.package_identification:_identify(src/diablo_ros2/diablo_common) by extensions ['ignore', 'ignore_ament_install']
[1.239s] Level 1:colcon.colcon_core.package_identification:_identify(src/diablo_ros2/diablo_common) by extension 'ignore'
[1.239s] Level 1:colcon.colcon_core.package_identification:_identify(src/diablo_ros2/diablo_common) by extension 'ignore_ament_install'
[1.239s] Level 1:colcon.colcon_core.package_identification:_identify(src/diablo_ros2/diablo_common) by extensions ['colcon_pkg']
[1.239s] Level 1:colcon.colcon_core.package_identification:_identify(src/diablo_ros2/diablo_common) by extension 'colcon_pkg'
[1.240s] Level 1:colcon.colcon_core.package_identification:_identify(src/diablo_ros2/diablo_common) by extensions ['colcon_meta']
[1.240s] Level 1:colcon.colcon_core.package_identification:_identify(src/diablo_ros2/diablo_common) by extension 'colcon_meta'
[1.240s] Level 1:colcon.colcon_core.package_identification:_identify(src/diablo_ros2/diablo_common) by extensions ['ros']
[1.240s] Level 1:colcon.colcon_core.package_identification:_identify(src/diablo_ros2/diablo_common) by extension 'ros'
[1.240s] Level 1:colcon.colcon_core.package_identification:_identify(src/diablo_ros2/diablo_common) by extensions ['cmake', 'python']
[1.240s] Level 1:colcon.colcon_core.package_identification:_identify(src/diablo_ros2/diablo_common) by extension 'cmake'
[1.241s] Level 1:colcon.colcon_core.package_identification:_identify(src/diablo_ros2/diablo_common) by extension 'python'
[1.241s] Level 1:colcon.colcon_core.package_identification:_identify(src/diablo_ros2/diablo_common) by extensions ['python_setup_py']
[1.241s] Level 1:colcon.colcon_core.package_identification:_identify(src/diablo_ros2/diablo_common) by extension 'python_setup_py'
[1.241s] Level 1:colcon.colcon_core.package_identification:_identify(src/diablo_ros2/diablo_common/diablo_utils) by extensions ['ignore', 'ignore_ament_install']
[1.242s] Level 1:colcon.colcon_core.package_identification:_identify(src/diablo_ros2/diablo_common/diablo_utils) by extension 'ignore'
[1.242s] Level 1:colcon.colcon_core.package_identification:_identify(src/diablo_ros2/diablo_common/diablo_utils) by extension 'ignore_ament_install'
[1.242s] Level 1:colcon.colcon_core.package_identification:_identify(src/diablo_ros2/diablo_common/diablo_utils) by extensions ['colcon_pkg']
[1.242s] Level 1:colcon.colcon_core.package_identification:_identify(src/diablo_ros2/diablo_common/diablo_utils) by extension 'colcon_pkg'
[1.243s] Level 1:colcon.colcon_core.package_identification:_identify(src/diablo_ros2/diablo_common/diablo_utils) by extensions ['colcon_meta']
[1.243s] Level 1:colcon.colcon_core.package_identification:_identify(src/diablo_ros2/diablo_common/diablo_utils) by extension 'colcon_meta'
[1.243s] Level 1:colcon.colcon_core.package_identification:_identify(src/diablo_ros2/diablo_common/diablo_utils) by extensions ['ros']
[1.243s] Level 1:colcon.colcon_core.package_identification:_identify(src/diablo_ros2/diablo_common/diablo_utils) by extension 'ros'
[1.246s] DEBUG:colcon.colcon_core.package_identification:Package 'src/diablo_ros2/diablo_common/diablo_utils' with type 'ros.ament_cmake' and name 'diablo_utils'
[1.246s] Level 1:colcon.colcon_core.package_identification:_identify(src/diablo_ros2/diablo_interaction) by extensions ['ignore', 'ignore_ament_install']
[1.247s] Level 1:colcon.colcon_core.package_identification:_identify(src/diablo_ros2/diablo_interaction) by extension 'ignore'
[1.247s] Level 1:colcon.colcon_core.package_identification:_identify(src/diablo_ros2/diablo_interaction) by extension 'ignore_ament_install'
[1.247s] Level 1:colcon.colcon_core.package_identification:_identify(src/diablo_ros2/diablo_interaction) by extensions ['colcon_pkg']
[1.247s] Level 1:colcon.colcon_core.package_identification:_identify(src/diablo_ros2/diablo_interaction) by extension 'colcon_pkg'
[1.247s] Level 1:colcon.colcon_core.package_identification:_identify(src/diablo_ros2/diablo_interaction) by extensions ['colcon_meta']
[1.248s] Level 1:colcon.colcon_core.package_identification:_identify(src/diablo_ros2/diablo_interaction) by extension 'colcon_meta'
[1.248s] Level 1:colcon.colcon_core.package_identification:_identify(src/diablo_ros2/diablo_interaction) by extensions ['ros']
[1.248s] Level 1:colcon.colcon_core.package_identification:_identify(src/diablo_ros2/diablo_interaction) by extension 'ros'
[1.248s] Level 1:colcon.colcon_core.package_identification:_identify(src/diablo_ros2/diablo_interaction) by extensions ['cmake', 'python']
[1.248s] Level 1:colcon.colcon_core.package_identification:_identify(src/diablo_ros2/diablo_interaction) by extension 'cmake'
[1.249s] Level 1:colcon.colcon_core.package_identification:_identify(src/diablo_ros2/diablo_interaction) by extension 'python'
[1.249s] Level 1:colcon.colcon_core.package_identification:_identify(src/diablo_ros2/diablo_interaction) by extensions ['python_setup_py']
[1.249s] Level 1:colcon.colcon_core.package_identification:_identify(src/diablo_ros2/diablo_interaction) by extension 'python_setup_py'
[1.249s] Level 1:colcon.colcon_core.package_identification:_identify(src/diablo_ros2/diablo_interaction/diablo_ctrl) by extensions ['ignore', 'ignore_ament_install']
[1.250s] Level 1:colcon.colcon_core.package_identification:_identify(src/diablo_ros2/diablo_interaction/diablo_ctrl) by extension 'ignore'
[1.250s] Level 1:colcon.colcon_core.package_identification:_identify(src/diablo_ros2/diablo_interaction/diablo_ctrl) by extension 'ignore_ament_install'
[1.250s] Level 1:colcon.colcon_core.package_identification:_identify(src/diablo_ros2/diablo_interaction/diablo_ctrl) by extensions ['colcon_pkg']
[1.250s] Level 1:colcon.colcon_core.package_identification:_identify(src/diablo_ros2/diablo_interaction/diablo_ctrl) by extension 'colcon_pkg'
[1.250s] Level 1:colcon.colcon_core.package_identification:_identify(src/diablo_ros2/diablo_interaction/diablo_ctrl) by extensions ['colcon_meta']
[1.251s] Level 1:colcon.colcon_core.package_identification:_identify(src/diablo_ros2/diablo_interaction/diablo_ctrl) by extension 'colcon_meta'
[1.251s] Level 1:colcon.colcon_core.package_identification:_identify(src/diablo_ros2/diablo_interaction/diablo_ctrl) by extensions ['ros']
[1.251s] Level 1:colcon.colcon_core.package_identification:_identify(src/diablo_ros2/diablo_interaction/diablo_ctrl) by extension 'ros'
[1.254s] DEBUG:colcon.colcon_core.package_identification:Package 'src/diablo_ros2/diablo_interaction/diablo_ctrl' with type 'ros.ament_cmake' and name 'diablo_ctrl'
[1.255s] Level 1:colcon.colcon_core.package_identification:_identify(src/diablo_ros2/diablo_interaction/diablo_teleop) by extensions ['ignore', 'ignore_ament_install']
[1.256s] Level 1:colcon.colcon_core.package_identification:_identify(src/diablo_ros2/diablo_interaction/diablo_teleop) by extension 'ignore'
[1.256s] Level 1:colcon.colcon_core.package_identification:_identify(src/diablo_ros2/diablo_interaction/diablo_teleop) by extension 'ignore_ament_install'
[1.256s] Level 1:colcon.colcon_core.package_identification:_identify(src/diablo_ros2/diablo_interaction/diablo_teleop) by extensions ['colcon_pkg']
[1.256s] Level 1:colcon.colcon_core.package_identification:_identify(src/diablo_ros2/diablo_interaction/diablo_teleop) by extension 'colcon_pkg'
[1.256s] Level 1:colcon.colcon_core.package_identification:_identify(src/diablo_ros2/diablo_interaction/diablo_teleop) by extensions ['colcon_meta']
[1.256s] Level 1:colcon.colcon_core.package_identification:_identify(src/diablo_ros2/diablo_interaction/diablo_teleop) by extension 'colcon_meta'
[1.257s] Level 1:colcon.colcon_core.package_identification:_identify(src/diablo_ros2/diablo_interaction/diablo_teleop) by extensions ['ros']
[1.257s] Level 1:colcon.colcon_core.package_identification:_identify(src/diablo_ros2/diablo_interaction/diablo_teleop) by extension 'ros'
[1.259s] DEBUG:colcon.colcon_core.package_identification:Package 'src/diablo_ros2/diablo_interaction/diablo_teleop' with type 'ros.ament_python' and name 'diablo_teleop'
[1.260s] Level 1:colcon.colcon_core.package_identification:_identify(src/diablo_ros2/diablo_interfaces) by extensions ['ignore', 'ignore_ament_install']
[1.260s] Level 1:colcon.colcon_core.package_identification:_identify(src/diablo_ros2/diablo_interfaces) by extension 'ignore'
[1.261s] Level 1:colcon.colcon_core.package_identification:_identify(src/diablo_ros2/diablo_interfaces) by extension 'ignore_ament_install'
[1.261s] Level 1:colcon.colcon_core.package_identification:_identify(src/diablo_ros2/diablo_interfaces) by extensions ['colcon_pkg']
[1.261s] Level 1:colcon.colcon_core.package_identification:_identify(src/diablo_ros2/diablo_interfaces) by extension 'colcon_pkg'
[1.261s] Level 1:colcon.colcon_core.package_identification:_identify(src/diablo_ros2/diablo_interfaces) by extensions ['colcon_meta']
[1.261s] Level 1:colcon.colcon_core.package_identification:_identify(src/diablo_ros2/diablo_interfaces) by extension 'colcon_meta'
[1.261s] Level 1:colcon.colcon_core.package_identification:_identify(src/diablo_ros2/diablo_interfaces) by extensions ['ros']
[1.262s] Level 1:colcon.colcon_core.package_identification:_identify(src/diablo_ros2/diablo_interfaces) by extension 'ros'
[1.262s] Level 1:colcon.colcon_core.package_identification:_identify(src/diablo_ros2/diablo_interfaces) by extensions ['cmake', 'python']
[1.262s] Level 1:colcon.colcon_core.package_identification:_identify(src/diablo_ros2/diablo_interfaces) by extension 'cmake'
[1.262s] Level 1:colcon.colcon_core.package_identification:_identify(src/diablo_ros2/diablo_interfaces) by extension 'python'
[1.262s] Level 1:colcon.colcon_core.package_identification:_identify(src/diablo_ros2/diablo_interfaces) by extensions ['python_setup_py']
[1.262s] Level 1:colcon.colcon_core.package_identification:_identify(src/diablo_ros2/diablo_interfaces) by extension 'python_setup_py'
[1.263s] Level 1:colcon.colcon_core.package_identification:_identify(src/diablo_ros2/diablo_interfaces/ception_msgs) by extensions ['ignore', 'ignore_ament_install']
[1.263s] Level 1:colcon.colcon_core.package_identification:_identify(src/diablo_ros2/diablo_interfaces/ception_msgs) by extension 'ignore'
[1.263s] Level 1:colcon.colcon_core.package_identification:_identify(src/diablo_ros2/diablo_interfaces/ception_msgs) by extension 'ignore_ament_install'
[1.264s] Level 1:colcon.colcon_core.package_identification:_identify(src/diablo_ros2/diablo_interfaces/ception_msgs) by extensions ['colcon_pkg']
[1.264s] Level 1:colcon.colcon_core.package_identification:_identify(src/diablo_ros2/diablo_interfaces/ception_msgs) by extension 'colcon_pkg'
[1.264s] Level 1:colcon.colcon_core.package_identification:_identify(src/diablo_ros2/diablo_interfaces/ception_msgs) by extensions ['colcon_meta']
[1.264s] Level 1:colcon.colcon_core.package_identification:_identify(src/diablo_ros2/diablo_interfaces/ception_msgs) by extension 'colcon_meta'
[1.264s] Level 1:colcon.colcon_core.package_identification:_identify(src/diablo_ros2/diablo_interfaces/ception_msgs) by extensions ['ros']
[1.265s] Level 1:colcon.colcon_core.package_identification:_identify(src/diablo_ros2/diablo_interfaces/ception_msgs) by extension 'ros'
[1.267s] DEBUG:colcon.colcon_core.package_identification:Package 'src/diablo_ros2/diablo_interfaces/ception_msgs' with type 'ros.ament_cmake' and name 'ception_msgs'
[1.268s] Level 1:colcon.colcon_core.package_identification:_identify(src/diablo_ros2/diablo_interfaces/motion_msgs) by extensions ['ignore', 'ignore_ament_install']
[1.268s] Level 1:colcon.colcon_core.package_identification:_identify(src/diablo_ros2/diablo_interfaces/motion_msgs) by extension 'ignore'
[1.268s] Level 1:colcon.colcon_core.package_identification:_identify(src/diablo_ros2/diablo_interfaces/motion_msgs) by extension 'ignore_ament_install'
[1.269s] Level 1:colcon.colcon_core.package_identification:_identify(src/diablo_ros2/diablo_interfaces/motion_msgs) by extensions ['colcon_pkg']
[1.269s] Level 1:colcon.colcon_core.package_identification:_identify(src/diablo_ros2/diablo_interfaces/motion_msgs) by extension 'colcon_pkg'
[1.269s] Level 1:colcon.colcon_core.package_identification:_identify(src/diablo_ros2/diablo_interfaces/motion_msgs) by extensions ['colcon_meta']
[1.269s] Level 1:colcon.colcon_core.package_identification:_identify(src/diablo_ros2/diablo_interfaces/motion_msgs) by extension 'colcon_meta'
[1.269s] Level 1:colcon.colcon_core.package_identification:_identify(src/diablo_ros2/diablo_interfaces/motion_msgs) by extensions ['ros']
[1.269s] Level 1:colcon.colcon_core.package_identification:_identify(src/diablo_ros2/diablo_interfaces/motion_msgs) by extension 'ros'
[1.272s] DEBUG:colcon.colcon_core.package_identification:Package 'src/diablo_ros2/diablo_interfaces/motion_msgs' with type 'ros.ament_cmake' and name 'motion_msgs'
[1.272s] Level 1:colcon.colcon_core.package_identification:_identify(src/diablo_ros2/diablo_visualise) by extensions ['ignore', 'ignore_ament_install']
[1.273s] Level 1:colcon.colcon_core.package_identification:_identify(src/diablo_ros2/diablo_visualise) by extension 'ignore'
[1.273s] Level 1:colcon.colcon_core.package_identification:_identify(src/diablo_ros2/diablo_visualise) by extension 'ignore_ament_install'
[1.273s] Level 1:colcon.colcon_core.package_identification:_identify(src/diablo_ros2/diablo_visualise) by extensions ['colcon_pkg']
[1.273s] Level 1:colcon.colcon_core.package_identification:_identify(src/diablo_ros2/diablo_visualise) by extension 'colcon_pkg'
[1.273s] Level 1:colcon.colcon_core.package_identification:_identify(src/diablo_ros2/diablo_visualise) by extensions ['colcon_meta']
[1.274s] Level 1:colcon.colcon_core.package_identification:_identify(src/diablo_ros2/diablo_visualise) by extension 'colcon_meta'
[1.274s] Level 1:colcon.colcon_core.package_identification:_identify(src/diablo_ros2/diablo_visualise) by extensions ['ros']
[1.274s] Level 1:colcon.colcon_core.package_identification:_identify(src/diablo_ros2/diablo_visualise) by extension 'ros'
[1.274s] Level 1:colcon.colcon_core.package_identification:_identify(src/diablo_ros2/diablo_visualise) by extensions ['cmake', 'python']
[1.274s] Level 1:colcon.colcon_core.package_identification:_identify(src/diablo_ros2/diablo_visualise) by extension 'cmake'
[1.275s] Level 1:colcon.colcon_core.package_identification:_identify(src/diablo_ros2/diablo_visualise) by extension 'python'
[1.275s] Level 1:colcon.colcon_core.package_identification:_identify(src/diablo_ros2/diablo_visualise) by extensions ['python_setup_py']
[1.275s] Level 1:colcon.colcon_core.package_identification:_identify(src/diablo_ros2/diablo_visualise) by extension 'python_setup_py'
[1.276s] Level 1:colcon.colcon_core.package_identification:_identify(src/diablo_ros2/diablo_visualise/diablo_rviz2_plugin) by extensions ['ignore', 'ignore_ament_install']
[1.276s] Level 1:colcon.colcon_core.package_identification:_identify(src/diablo_ros2/diablo_visualise/diablo_rviz2_plugin) by extension 'ignore'
[1.276s] Level 1:colcon.colcon_core.package_identification:_identify(src/diablo_ros2/diablo_visualise/diablo_rviz2_plugin) by extension 'ignore_ament_install'
[1.276s] Level 1:colcon.colcon_core.package_identification:_identify(src/diablo_ros2/diablo_visualise/diablo_rviz2_plugin) by extensions ['colcon_pkg']
[1.276s] Level 1:colcon.colcon_core.package_identification:_identify(src/diablo_ros2/diablo_visualise/diablo_rviz2_plugin) by extension 'colcon_pkg'
[1.277s] Level 1:colcon.colcon_core.package_identification:_identify(src/diablo_ros2/diablo_visualise/diablo_rviz2_plugin) by extensions ['colcon_meta']
[1.277s] Level 1:colcon.colcon_core.package_identification:_identify(src/diablo_ros2/diablo_visualise/diablo_rviz2_plugin) by extension 'colcon_meta'
[1.277s] Level 1:colcon.colcon_core.package_identification:_identify(src/diablo_ros2/diablo_visualise/diablo_rviz2_plugin) by extensions ['ros']
[1.277s] Level 1:colcon.colcon_core.package_identification:_identify(src/diablo_ros2/diablo_visualise/diablo_rviz2_plugin) by extension 'ros'
[1.282s] DEBUG:colcon.colcon_core.package_identification:Package 'src/diablo_ros2/diablo_visualise/diablo_rviz2_plugin' with type 'ros.ament_cmake' and name 'diablo_rviz2_control_plugin'
[1.283s] Level 1:colcon.colcon_core.package_identification:_identify(src/diablo_ros2/diablo_visualise/diablo_simpose_trans) by extensions ['ignore', 'ignore_ament_install']
[1.283s] Level 1:colcon.colcon_core.package_identification:_identify(src/diablo_ros2/diablo_visualise/diablo_simpose_trans) by extension 'ignore'
[1.283s] Level 1:colcon.colcon_core.package_identification:_identify(src/diablo_ros2/diablo_visualise/diablo_simpose_trans) by extension 'ignore_ament_install'
[1.283s] Level 1:colcon.colcon_core.package_identification:_identify(src/diablo_ros2/diablo_visualise/diablo_simpose_trans) by extensions ['colcon_pkg']
[1.284s] Level 1:colcon.colcon_core.package_identification:_identify(src/diablo_ros2/diablo_visualise/diablo_simpose_trans) by extension 'colcon_pkg'
[1.284s] Level 1:colcon.colcon_core.package_identification:_identify(src/diablo_ros2/diablo_visualise/diablo_simpose_trans) by extensions ['colcon_meta']
[1.284s] Level 1:colcon.colcon_core.package_identification:_identify(src/diablo_ros2/diablo_visualise/diablo_simpose_trans) by extension 'colcon_meta'
[1.284s] Level 1:colcon.colcon_core.package_identification:_identify(src/diablo_ros2/diablo_visualise/diablo_simpose_trans) by extensions ['ros']
[1.284s] Level 1:colcon.colcon_core.package_identification:_identify(src/diablo_ros2/diablo_visualise/diablo_simpose_trans) by extension 'ros'
[1.288s] DEBUG:colcon.colcon_core.package_identification:Package 'src/diablo_ros2/diablo_visualise/diablo_simpose_trans' with type 'ros.ament_cmake' and name 'diablo_simpose_trans'
[1.288s] Level 1:colcon.colcon_core.package_identification:_identify(src/diablo_ros2/diablo_visualise/diablo_simulation) by extensions ['ignore', 'ignore_ament_install']
[1.289s] Level 1:colcon.colcon_core.package_identification:_identify(src/diablo_ros2/diablo_visualise/diablo_simulation) by extension 'ignore'
[1.289s] Level 1:colcon.colcon_core.package_identification:_identify(src/diablo_ros2/diablo_visualise/diablo_simulation) by extension 'ignore_ament_install'
[1.289s] Level 1:colcon.colcon_core.package_identification:_identify(src/diablo_ros2/diablo_visualise/diablo_simulation) by extensions ['colcon_pkg']
[1.289s] Level 1:colcon.colcon_core.package_identification:_identify(src/diablo_ros2/diablo_visualise/diablo_simulation) by extension 'colcon_pkg'
[1.289s] Level 1:colcon.colcon_core.package_identification:_identify(src/diablo_ros2/diablo_visualise/diablo_simulation) by extensions ['colcon_meta']
[1.290s] Level 1:colcon.colcon_core.package_identification:_identify(src/diablo_ros2/diablo_visualise/diablo_simulation) by extension 'colcon_meta'
[1.290s] Level 1:colcon.colcon_core.package_identification:_identify(src/diablo_ros2/diablo_visualise/diablo_simulation) by extensions ['ros']
[1.290s] Level 1:colcon.colcon_core.package_identification:_identify(src/diablo_ros2/diablo_visualise/diablo_simulation) by extension 'ros'
[1.293s] DEBUG:colcon.colcon_core.package_identification:Package 'src/diablo_ros2/diablo_visualise/diablo_simulation' with type 'ros.ament_python' and name 'diablo_simulation'
[1.294s] Level 1:colcon.colcon_core.package_identification:_identify(src/diablo_ros2/docs) by extensions ['ignore', 'ignore_ament_install']
[1.294s] Level 1:colcon.colcon_core.package_identification:_identify(src/diablo_ros2/docs) by extension 'ignore'
[1.295s] Level 1:colcon.colcon_core.package_identification:_identify(src/diablo_ros2/docs) by extension 'ignore_ament_install'
[1.295s] Level 1:colcon.colcon_core.package_identification:_identify(src/diablo_ros2/docs) by extensions ['colcon_pkg']
[1.295s] Level 1:colcon.colcon_core.package_identification:_identify(src/diablo_ros2/docs) by extension 'colcon_pkg'
[1.295s] Level 1:colcon.colcon_core.package_identification:_identify(src/diablo_ros2/docs) by extensions ['colcon_meta']
[1.295s] Level 1:colcon.colcon_core.package_identification:_identify(src/diablo_ros2/docs) by extension 'colcon_meta'
[1.296s] Level 1:colcon.colcon_core.package_identification:_identify(src/diablo_ros2/docs) by extensions ['ros']
[1.296s] Level 1:colcon.colcon_core.package_identification:_identify(src/diablo_ros2/docs) by extension 'ros'
[1.296s] Level 1:colcon.colcon_core.package_identification:_identify(src/diablo_ros2/docs) by extensions ['cmake', 'python']
[1.296s] Level 1:colcon.colcon_core.package_identification:_identify(src/diablo_ros2/docs) by extension 'cmake'
[1.296s] Level 1:colcon.colcon_core.package_identification:_identify(src/diablo_ros2/docs) by extension 'python'
[1.296s] Level 1:colcon.colcon_core.package_identification:_identify(src/diablo_ros2/docs) by extensions ['python_setup_py']
[1.297s] Level 1:colcon.colcon_core.package_identification:_identify(src/diablo_ros2/docs) by extension 'python_setup_py'
[1.297s] Level 1:colcon.colcon_core.package_identification:_identify(src/diablo_ros2/docs/docs_en) by extensions ['ignore', 'ignore_ament_install']
[1.297s] Level 1:colcon.colcon_core.package_identification:_identify(src/diablo_ros2/docs/docs_en) by extension 'ignore'
[1.298s] Level 1:colcon.colcon_core.package_identification:_identify(src/diablo_ros2/docs/docs_en) by extension 'ignore_ament_install'
[1.298s] Level 1:colcon.colcon_core.package_identification:_identify(src/diablo_ros2/docs/docs_en) by extensions ['colcon_pkg']
[1.298s] Level 1:colcon.colcon_core.package_identification:_identify(src/diablo_ros2/docs/docs_en) by extension 'colcon_pkg'
[1.298s] Level 1:colcon.colcon_core.package_identification:_identify(src/diablo_ros2/docs/docs_en) by extensions ['colcon_meta']
[1.298s] Level 1:colcon.colcon_core.package_identification:_identify(src/diablo_ros2/docs/docs_en) by extension 'colcon_meta'
[1.299s] Level 1:colcon.colcon_core.package_identification:_identify(src/diablo_ros2/docs/docs_en) by extensions ['ros']
[1.299s] Level 1:colcon.colcon_core.package_identification:_identify(src/diablo_ros2/docs/docs_en) by extension 'ros'
[1.299s] Level 1:colcon.colcon_core.package_identification:_identify(src/diablo_ros2/docs/docs_en) by extensions ['cmake', 'python']
[1.299s] Level 1:colcon.colcon_core.package_identification:_identify(src/diablo_ros2/docs/docs_en) by extension 'cmake'
[1.299s] Level 1:colcon.colcon_core.package_identification:_identify(src/diablo_ros2/docs/docs_en) by extension 'python'
[1.300s] Level 1:colcon.colcon_core.package_identification:_identify(src/diablo_ros2/docs/docs_en) by extensions ['python_setup_py']
[1.300s] Level 1:colcon.colcon_core.package_identification:_identify(src/diablo_ros2/docs/docs_en) by extension 'python_setup_py'
[1.300s] Level 1:colcon.colcon_core.package_identification:_identify(src/diablo_ros2/docs/img) by extensions ['ignore', 'ignore_ament_install']
[1.301s] Level 1:colcon.colcon_core.package_identification:_identify(src/diablo_ros2/docs/img) by extension 'ignore'
[1.301s] Level 1:colcon.colcon_core.package_identification:_identify(src/diablo_ros2/docs/img) by extension 'ignore_ament_install'
[1.301s] Level 1:colcon.colcon_core.package_identification:_identify(src/diablo_ros2/docs/img) by extensions ['colcon_pkg']
[1.301s] Level 1:colcon.colcon_core.package_identification:_identify(src/diablo_ros2/docs/img) by extension 'colcon_pkg'
[1.301s] Level 1:colcon.colcon_core.package_identification:_identify(src/diablo_ros2/docs/img) by extensions ['colcon_meta']
[1.301s] Level 1:colcon.colcon_core.package_identification:_identify(src/diablo_ros2/docs/img) by extension 'colcon_meta'
[1.302s] Level 1:colcon.colcon_core.package_identification:_identify(src/diablo_ros2/docs/img) by extensions ['ros']
[1.302s] Level 1:colcon.colcon_core.package_identification:_identify(src/diablo_ros2/docs/img) by extension 'ros'
[1.302s] Level 1:colcon.colcon_core.package_identification:_identify(src/diablo_ros2/docs/img) by extensions ['cmake', 'python']
[1.302s] Level 1:colcon.colcon_core.package_identification:_identify(src/diablo_ros2/docs/img) by extension 'cmake'
[1.302s] Level 1:colcon.colcon_core.package_identification:_identify(src/diablo_ros2/docs/img) by extension 'python'
[1.303s] Level 1:colcon.colcon_core.package_identification:_identify(src/diablo_ros2/docs/img) by extensions ['python_setup_py']
[1.303s] Level 1:colcon.colcon_core.package_identification:_identify(src/diablo_ros2/docs/img) by extension 'python_setup_py'
[1.303s] Level 1:colcon.colcon_core.package_identification:_identify(src/diablo_test) by extensions ['ignore', 'ignore_ament_install']
[1.304s] Level 1:colcon.colcon_core.package_identification:_identify(src/diablo_test) by extension 'ignore'
[1.304s] Level 1:colcon.colcon_core.package_identification:_identify(src/diablo_test) by extension 'ignore_ament_install'
[1.304s] Level 1:colcon.colcon_core.package_identification:_identify(src/diablo_test) by extensions ['colcon_pkg']
[1.304s] Level 1:colcon.colcon_core.package_identification:_identify(src/diablo_test) by extension 'colcon_pkg'
[1.304s] Level 1:colcon.colcon_core.package_identification:_identify(src/diablo_test) by extensions ['colcon_meta']
[1.304s] Level 1:colcon.colcon_core.package_identification:_identify(src/diablo_test) by extension 'colcon_meta'
[1.305s] Level 1:colcon.colcon_core.package_identification:_identify(src/diablo_test) by extensions ['ros']
[1.305s] Level 1:colcon.colcon_core.package_identification:_identify(src/diablo_test) by extension 'ros'
[1.309s] DEBUG:colcon.colcon_core.package_identification:Package 'src/diablo_test' with type 'ros.ament_cmake' and name 'diablo_test'
[1.309s] Level 1:colcon.colcon_core.package_identification:_identify(src/easynav_playground_kobuki) by extensions ['ignore', 'ignore_ament_install']
[1.309s] Level 1:colcon.colcon_core.package_identification:_identify(src/easynav_playground_kobuki) by extension 'ignore'
[1.310s] Level 1:colcon.colcon_core.package_identification:_identify(src/easynav_playground_kobuki) by extension 'ignore_ament_install'
[1.310s] Level 1:colcon.colcon_core.package_identification:_identify(src/easynav_playground_kobuki) by extensions ['colcon_pkg']
[1.310s] Level 1:colcon.colcon_core.package_identification:_identify(src/easynav_playground_kobuki) by extension 'colcon_pkg'
[1.310s] Level 1:colcon.colcon_core.package_identification:_identify(src/easynav_playground_kobuki) by extensions ['colcon_meta']
[1.310s] Level 1:colcon.colcon_core.package_identification:_identify(src/easynav_playground_kobuki) by extension 'colcon_meta'
[1.311s] Level 1:colcon.colcon_core.package_identification:_identify(src/easynav_playground_kobuki) by extensions ['ros']
[1.311s] Level 1:colcon.colcon_core.package_identification:_identify(src/easynav_playground_kobuki) by extension 'ros'
[1.311s] Level 1:colcon.colcon_core.package_identification:_identify(src/easynav_playground_kobuki) by extensions ['cmake', 'python']
[1.311s] Level 1:colcon.colcon_core.package_identification:_identify(src/easynav_playground_kobuki) by extension 'cmake'
[1.311s] Level 1:colcon.colcon_core.package_identification:_identify(src/easynav_playground_kobuki) by extension 'python'
[1.312s] Level 1:colcon.colcon_core.package_identification:_identify(src/easynav_playground_kobuki) by extensions ['python_setup_py']
[1.312s] Level 1:colcon.colcon_core.package_identification:_identify(src/easynav_playground_kobuki) by extension 'python_setup_py'
[1.312s] Level 1:colcon.colcon_core.package_identification:_identify(src/easynav_plugins) by extensions ['ignore', 'ignore_ament_install']
[1.312s] Level 1:colcon.colcon_core.package_identification:_identify(src/easynav_plugins) by extension 'ignore'
[1.313s] Level 1:colcon.colcon_core.package_identification:_identify(src/easynav_plugins) by extension 'ignore_ament_install'
[1.313s] Level 1:colcon.colcon_core.package_identification:_identify(src/easynav_plugins) by extensions ['colcon_pkg']
[1.313s] Level 1:colcon.colcon_core.package_identification:_identify(src/easynav_plugins) by extension 'colcon_pkg'
[1.313s] Level 1:colcon.colcon_core.package_identification:_identify(src/easynav_plugins) by extensions ['colcon_meta']
[1.313s] Level 1:colcon.colcon_core.package_identification:_identify(src/easynav_plugins) by extension 'colcon_meta'
[1.313s] Level 1:colcon.colcon_core.package_identification:_identify(src/easynav_plugins) by extensions ['ros']
[1.314s] Level 1:colcon.colcon_core.package_identification:_identify(src/easynav_plugins) by extension 'ros'
[1.314s] Level 1:colcon.colcon_core.package_identification:_identify(src/easynav_plugins) by extensions ['cmake', 'python']
[1.314s] Level 1:colcon.colcon_core.package_identification:_identify(src/easynav_plugins) by extension 'cmake'
[1.314s] Level 1:colcon.colcon_core.package_identification:_identify(src/easynav_plugins) by extension 'python'
[1.314s] Level 1:colcon.colcon_core.package_identification:_identify(src/easynav_plugins) by extensions ['python_setup_py']
[1.315s] Level 1:colcon.colcon_core.package_identification:_identify(src/easynav_plugins) by extension 'python_setup_py'
[1.315s] Level 1:colcon.colcon_core.package_identification:_identify(src/perception_pcl) by extensions ['ignore', 'ignore_ament_install']
[1.315s] Level 1:colcon.colcon_core.package_identification:_identify(src/perception_pcl) by extension 'ignore'
[1.315s] Level 1:colcon.colcon_core.package_identification:_identify(src/perception_pcl) by extension 'ignore_ament_install'
[1.316s] Level 1:colcon.colcon_core.package_identification:_identify(src/perception_pcl) by extensions ['colcon_pkg']
[1.316s] Level 1:colcon.colcon_core.package_identification:_identify(src/perception_pcl) by extension 'colcon_pkg'
[1.316s] Level 1:colcon.colcon_core.package_identification:_identify(src/perception_pcl) by extensions ['colcon_meta']
[1.316s] Level 1:colcon.colcon_core.package_identification:_identify(src/perception_pcl) by extension 'colcon_meta'
[1.316s] Level 1:colcon.colcon_core.package_identification:_identify(src/perception_pcl) by extensions ['ros']
[1.316s] Level 1:colcon.colcon_core.package_identification:_identify(src/perception_pcl) by extension 'ros'
[1.317s] Level 1:colcon.colcon_core.package_identification:_identify(src/perception_pcl) by extensions ['cmake', 'python']
[1.317s] Level 1:colcon.colcon_core.package_identification:_identify(src/perception_pcl) by extension 'cmake'
[1.317s] Level 1:colcon.colcon_core.package_identification:_identify(src/perception_pcl) by extension 'python'
[1.317s] Level 1:colcon.colcon_core.package_identification:_identify(src/perception_pcl) by extensions ['python_setup_py']
[1.317s] Level 1:colcon.colcon_core.package_identification:_identify(src/perception_pcl) by extension 'python_setup_py'
[1.318s] Level 1:colcon.colcon_core.package_identification:_identify(src/vision_opencv) by extensions ['ignore', 'ignore_ament_install']
[1.318s] Level 1:colcon.colcon_core.package_identification:_identify(src/vision_opencv) by extension 'ignore'
[1.318s] Level 1:colcon.colcon_core.package_identification:_identify(src/vision_opencv) by extension 'ignore_ament_install'
[1.318s] Level 1:colcon.colcon_core.package_identification:_identify(src/vision_opencv) by extensions ['colcon_pkg']
[1.318s] Level 1:colcon.colcon_core.package_identification:_identify(src/vision_opencv) by extension 'colcon_pkg'
[1.319s] Level 1:colcon.colcon_core.package_identification:_identify(src/vision_opencv) by extensions ['colcon_meta']
[1.319s] Level 1:colcon.colcon_core.package_identification:_identify(src/vision_opencv) by extension 'colcon_meta'
[1.319s] Level 1:colcon.colcon_core.package_identification:_identify(src/vision_opencv) by extensions ['ros']
[1.319s] Level 1:colcon.colcon_core.package_identification:_identify(src/vision_opencv) by extension 'ros'
[1.319s] Level 1:colcon.colcon_core.package_identification:_identify(src/vision_opencv) by extensions ['cmake', 'python']
[1.320s] Level 1:colcon.colcon_core.package_identification:_identify(src/vision_opencv) by extension 'cmake'
[1.320s] Level 1:colcon.colcon_core.package_identification:_identify(src/vision_opencv) by extension 'python'
[1.320s] Level 1:colcon.colcon_core.package_identification:_identify(src/vision_opencv) by extensions ['python_setup_py']
[1.320s] Level 1:colcon.colcon_core.package_identification:_identify(src/vision_opencv) by extension 'python_setup_py'
[1.320s] Level 1:colcon.colcon_core.package_identification:_identify(src/yaets) by extensions ['ignore', 'ignore_ament_install']
[1.321s] Level 1:colcon.colcon_core.package_identification:_identify(src/yaets) by extension 'ignore'
[1.321s] Level 1:colcon.colcon_core.package_identification:_identify(src/yaets) by extension 'ignore_ament_install'
[1.321s] Level 1:colcon.colcon_core.package_identification:_identify(src/yaets) by extensions ['colcon_pkg']
[1.321s] Level 1:colcon.colcon_core.package_identification:_identify(src/yaets) by extension 'colcon_pkg'
[1.321s] Level 1:colcon.colcon_core.package_identification:_identify(src/yaets) by extensions ['colcon_meta']
[1.322s] Level 1:colcon.colcon_core.package_identification:_identify(src/yaets) by extension 'colcon_meta'
[1.322s] Level 1:colcon.colcon_core.package_identification:_identify(src/yaets) by extensions ['ros']
[1.322s] Level 1:colcon.colcon_core.package_identification:_identify(src/yaets) by extension 'ros'
[1.322s] Level 1:colcon.colcon_core.package_identification:_identify(src/yaets) by extensions ['cmake', 'python']
[1.322s] Level 1:colcon.colcon_core.package_identification:_identify(src/yaets) by extension 'cmake'
[1.323s] Level 1:colcon.colcon_core.package_identification:_identify(src/yaets) by extension 'python'
[1.323s] Level 1:colcon.colcon_core.package_identification:_identify(src/yaets) by extensions ['python_setup_py']
[1.323s] Level 1:colcon.colcon_core.package_identification:_identify(src/yaets) by extension 'python_setup_py'
[1.323s] Level 1:colcon.colcon_core.package_discovery:discover_packages(recursive) using defaults
[1.323s] Level 1:colcon.colcon_core.package_discovery:discover_packages(ignore) discover
[1.323s] Level 1:colcon.colcon_core.package_discovery:discover_packages(ignore) using defaults
[1.323s] Level 1:colcon.colcon_core.package_discovery:discover_packages(path) discover
[1.323s] Level 1:colcon.colcon_core.package_discovery:discover_packages(path) using defaults
[1.414s] INFO:colcon.colcon_core.package_selection:Skipping package 'diablo_simpose_trans' in 'src/diablo_ros2/diablo_visualise/diablo_simpose_trans'
[1.415s] INFO:colcon.colcon_core.package_selection:Skipping package 'diablo_teleop' in 'src/diablo_ros2/diablo_interaction/diablo_teleop'
[1.415s] INFO:colcon.colcon_core.package_selection:Skipping package 'diablo_rviz2_control_plugin' in 'src/diablo_ros2/diablo_visualise/diablo_rviz2_plugin'
[1.415s] INFO:colcon.colcon_core.package_selection:Skipping package 'diablo_test' in 'src/diablo_test'
[1.415s] INFO:colcon.colcon_core.package_selection:Skipping package 'diablo_simulation' in 'src/diablo_ros2/diablo_visualise/diablo_simulation'
[1.417s] Level 1:colcon.colcon_core.package_discovery:discover_packages(prefix_path) check parameters
[1.417s] Level 1:colcon.colcon_core.package_discovery:discover_packages(prefix_path) discover
[1.429s] DEBUG:colcon.colcon_installed_package_information.package_discovery:Found 183 installed packages in /opt/ros/humble
[1.433s] Level 1:colcon.colcon_core.package_discovery:discover_packages(prefix_path) using defaults
[1.583s] Level 5:colcon.colcon_core.verb:set package 'ception_msgs' build argument 'cmake_args' from command line to 'None'
[1.584s] Level 5:colcon.colcon_core.verb:set package 'ception_msgs' build argument 'cmake_target' from command line to 'None'
[1.584s] Level 5:colcon.colcon_core.verb:set package 'ception_msgs' build argument 'cmake_target_skip_unavailable' from command line to 'False'
[1.584s] Level 5:colcon.colcon_core.verb:set package 'ception_msgs' build argument 'cmake_clean_cache' from command line to 'False'
[1.584s] Level 5:colcon.colcon_core.verb:set package 'ception_msgs' build argument 'cmake_clean_first' from command line to 'False'
[1.584s] Level 5:colcon.colcon_core.verb:set package 'ception_msgs' build argument 'cmake_force_configure' from command line to 'False'
[1.584s] Level 5:colcon.colcon_core.verb:set package 'ception_msgs' build argument 'ament_cmake_args' from command line to 'None'
[1.584s] Level 5:colcon.colcon_core.verb:set package 'ception_msgs' build argument 'catkin_cmake_args' from command line to 'None'
[1.584s] Level 5:colcon.colcon_core.verb:set package 'ception_msgs' build argument 'catkin_skip_building_tests' from command line to 'False'
[1.585s] DEBUG:colcon.colcon_core.verb:Building package 'ception_msgs' with the following arguments: {'ament_cmake_args': None, 'build_base': '/home/diablo/diablo_ws/build/ception_msgs', 'catkin_cmake_args': None, 'catkin_skip_building_tests': False, 'cmake_args': None, 'cmake_clean_cache': False, 'cmake_clean_first': False, 'cmake_force_configure': False, 'cmake_target': None, 'cmake_target_skip_unavailable': False, 'install_base': '/home/diablo/diablo_ws/install/ception_msgs', 'merge_install': False, 'path': '/home/diablo/diablo_ws/src/diablo_ros2/diablo_interfaces/ception_msgs', 'symlink_install': True, 'test_result_base': None}
[1.586s] Level 5:colcon.colcon_core.verb:set package 'motion_msgs' build argument 'cmake_args' from command line to 'None'
[1.586s] Level 5:colcon.colcon_core.verb:set package 'motion_msgs' build argument 'cmake_target' from command line to 'None'
[1.586s] Level 5:colcon.colcon_core.verb:set package 'motion_msgs' build argument 'cmake_target_skip_unavailable' from command line to 'False'
[1.586s] Level 5:colcon.colcon_core.verb:set package 'motion_msgs' build argument 'cmake_clean_cache' from command line to 'False'
[1.587s] Level 5:colcon.colcon_core.verb:set package 'motion_msgs' build argument 'cmake_clean_first' from command line to 'False'
[1.587s] Level 5:colcon.colcon_core.verb:set package 'motion_msgs' build argument 'cmake_force_configure' from command line to 'False'
[1.587s] Level 5:colcon.colcon_core.verb:set package 'motion_msgs' build argument 'ament_cmake_args' from command line to 'None'
[1.587s] Level 5:colcon.colcon_core.verb:set package 'motion_msgs' build argument 'catkin_cmake_args' from command line to 'None'
[1.587s] Level 5:colcon.colcon_core.verb:set package 'motion_msgs' build argument 'catkin_skip_building_tests' from command line to 'False'
[1.587s] DEBUG:colcon.colcon_core.verb:Building package 'motion_msgs' with the following arguments: {'ament_cmake_args': None, 'build_base': '/home/diablo/diablo_ws/build/motion_msgs', 'catkin_cmake_args': None, 'catkin_skip_building_tests': False, 'cmake_args': None, 'cmake_clean_cache': False, 'cmake_clean_first': False, 'cmake_force_configure': False, 'cmake_target': None, 'cmake_target_skip_unavailable': False, 'install_base': '/home/diablo/diablo_ws/install/motion_msgs', 'merge_install': False, 'path': '/home/diablo/diablo_ws/src/diablo_ros2/diablo_interfaces/motion_msgs', 'symlink_install': True, 'test_result_base': None}
[1.588s] Level 5:colcon.colcon_core.verb:set package 'diablo_utils' build argument 'cmake_args' from command line to 'None'
[1.589s] Level 5:colcon.colcon_core.verb:set package 'diablo_utils' build argument 'cmake_target' from command line to 'None'
[1.589s] Level 5:colcon.colcon_core.verb:set package 'diablo_utils' build argument 'cmake_target_skip_unavailable' from command line to 'False'
[1.589s] Level 5:colcon.colcon_core.verb:set package 'diablo_utils' build argument 'cmake_clean_cache' from command line to 'False'
[1.589s] Level 5:colcon.colcon_core.verb:set package 'diablo_utils' build argument 'cmake_clean_first' from command line to 'False'
[1.589s] Level 5:colcon.colcon_core.verb:set package 'diablo_utils' build argument 'cmake_force_configure' from command line to 'False'
[1.589s] Level 5:colcon.colcon_core.verb:set package 'diablo_utils' build argument 'ament_cmake_args' from command line to 'None'
[1.589s] Level 5:colcon.colcon_core.verb:set package 'diablo_utils' build argument 'catkin_cmake_args' from command line to 'None'
[1.589s] Level 5:colcon.colcon_core.verb:set package 'diablo_utils' build argument 'catkin_skip_building_tests' from command line to 'False'
[1.589s] DEBUG:colcon.colcon_core.verb:Building package 'diablo_utils' with the following arguments: {'ament_cmake_args': None, 'build_base': '/home/diablo/diablo_ws/build/diablo_utils', 'catkin_cmake_args': None, 'catkin_skip_building_tests': False, 'cmake_args': None, 'cmake_clean_cache': False, 'cmake_clean_first': False, 'cmake_force_configure': False, 'cmake_target': None, 'cmake_target_skip_unavailable': False, 'install_base': '/home/diablo/diablo_ws/install/diablo_utils', 'merge_install': False, 'path': '/home/diablo/diablo_ws/src/diablo_ros2/diablo_common/diablo_utils', 'symlink_install': True, 'test_result_base': None}
[1.591s] Level 5:colcon.colcon_core.verb:set package 'diablo_body' build argument 'cmake_args' from command line to 'None'
[1.591s] Level 5:colcon.colcon_core.verb:set package 'diablo_body' build argument 'cmake_target' from command line to 'None'
[1.591s] Level 5:colcon.colcon_core.verb:set package 'diablo_body' build argument 'cmake_target_skip_unavailable' from command line to 'False'
[1.591s] Level 5:colcon.colcon_core.verb:set package 'diablo_body' build argument 'cmake_clean_cache' from command line to 'False'
[1.591s] Level 5:colcon.colcon_core.verb:set package 'diablo_body' build argument 'cmake_clean_first' from command line to 'False'
[1.591s] Level 5:colcon.colcon_core.verb:set package 'diablo_body' build argument 'cmake_force_configure' from command line to 'False'
[1.592s] Level 5:colcon.colcon_core.verb:set package 'diablo_body' build argument 'ament_cmake_args' from command line to 'None'
[1.592s] Level 5:colcon.colcon_core.verb:set package 'diablo_body' build argument 'catkin_cmake_args' from command line to 'None'
[1.592s] Level 5:colcon.colcon_core.verb:set package 'diablo_body' build argument 'catkin_skip_building_tests' from command line to 'False'
[1.592s] DEBUG:colcon.colcon_core.verb:Building package 'diablo_body' with the following arguments: {'ament_cmake_args': None, 'build_base': '/home/diablo/diablo_ws/build/diablo_body', 'catkin_cmake_args': None, 'catkin_skip_building_tests': False, 'cmake_args': None, 'cmake_clean_cache': False, 'cmake_clean_first': False, 'cmake_force_configure': False, 'cmake_target': None, 'cmake_target_skip_unavailable': False, 'install_base': '/home/diablo/diablo_ws/install/diablo_body', 'merge_install': False, 'path': '/home/diablo/diablo_ws/src/diablo_ros2/diablo_ception/diablo_body', 'symlink_install': True, 'test_result_base': None}
[1.593s] Level 5:colcon.colcon_core.verb:set package 'diablo_ctrl' build argument 'cmake_args' from command line to 'None'
[1.593s] Level 5:colcon.colcon_core.verb:set package 'diablo_ctrl' build argument 'cmake_target' from command line to 'None'
[1.594s] Level 5:colcon.colcon_core.verb:set package 'diablo_ctrl' build argument 'cmake_target_skip_unavailable' from command line to 'False'
[1.594s] Level 5:colcon.colcon_core.verb:set package 'diablo_ctrl' build argument 'cmake_clean_cache' from command line to 'False'
[1.594s] Level 5:colcon.colcon_core.verb:set package 'diablo_ctrl' build argument 'cmake_clean_first' from command line to 'False'
[1.594s] Level 5:colcon.colcon_core.verb:set package 'diablo_ctrl' build argument 'cmake_force_configure' from command line to 'False'
[1.594s] Level 5:colcon.colcon_core.verb:set package 'diablo_ctrl' build argument 'ament_cmake_args' from command line to 'None'
[1.594s] Level 5:colcon.colcon_core.verb:set package 'diablo_ctrl' build argument 'catkin_cmake_args' from command line to 'None'
[1.594s] Level 5:colcon.colcon_core.verb:set package 'diablo_ctrl' build argument 'catkin_skip_building_tests' from command line to 'False'
[1.594s] DEBUG:colcon.colcon_core.verb:Building package 'diablo_ctrl' with the following arguments: {'ament_cmake_args': None, 'build_base': '/home/diablo/diablo_ws/build/diablo_ctrl', 'catkin_cmake_args': None, 'catkin_skip_building_tests': False, 'cmake_args': None, 'cmake_clean_cache': False, 'cmake_clean_first': False, 'cmake_force_configure': False, 'cmake_target': None, 'cmake_target_skip_unavailable': False, 'install_base': '/home/diablo/diablo_ws/install/diablo_ctrl', 'merge_install': False, 'path': '/home/diablo/diablo_ws/src/diablo_ros2/diablo_interaction/diablo_ctrl', 'symlink_install': True, 'test_result_base': None}
[1.595s] INFO:colcon.colcon_core.executor:Executing jobs using 'parallel' executor
[1.598s] DEBUG:colcon.colcon_parallel_executor.executor.parallel:run_until_complete
[1.599s] INFO:colcon.colcon_ros.task.ament_cmake.build:Building ROS package in '/home/diablo/diablo_ws/src/diablo_ros2/diablo_interfaces/motion_msgs' with build type 'ament_cmake'
[1.599s] INFO:colcon.colcon_cmake.task.cmake.build:Building CMake package in '/home/diablo/diablo_ws/src/diablo_ros2/diablo_interfaces/motion_msgs'
[1.610s] INFO:colcon.colcon_core.plugin_system:Skipping extension 'colcon_core.shell.bat': Not used on non-Windows systems
[1.611s] INFO:colcon.colcon_core.shell:Skip shell extension 'powershell' for command environment: Not usable outside of PowerShell
[1.611s] DEBUG:colcon.colcon_core.shell:Skip shell extension 'dsv' for command environment
[1.625s] INFO:colcon.colcon_ros.task.ament_cmake.build:Building ROS package in '/home/diablo/diablo_ws/src/diablo_ros2/diablo_interfaces/ception_msgs' with build type 'ament_cmake'
[1.626s] INFO:colcon.colcon_cmake.task.cmake.build:Building CMake package in '/home/diablo/diablo_ws/src/diablo_ros2/diablo_interfaces/ception_msgs'
[1.628s] INFO:colcon.colcon_core.shell:Skip shell extension 'powershell' for command environment: Not usable outside of PowerShell
[1.628s] DEBUG:colcon.colcon_core.shell:Skip shell extension 'dsv' for command environment
[1.664s] DEBUG:colcon.colcon_core.event_handler.log_command:Invoking command in '/home/diablo/diablo_ws/build/motion_msgs': CMAKE_PREFIX_PATH=/opt/ros/humble /usr/bin/cmake --build /home/diablo/diablo_ws/build/motion_msgs -- -j4 -l4
[1.685s] DEBUG:colcon.colcon_core.event_handler.log_command:Invoking command in '/home/diablo/diablo_ws/build/ception_msgs': CMAKE_PREFIX_PATH=/opt/ros/humble /usr/bin/cmake --build /home/diablo/diablo_ws/build/ception_msgs -- -j4 -l4
[3.921s] DEBUG:colcon.colcon_core.event_handler.log_command:Invoked command in '/home/diablo/diablo_ws/build/ception_msgs' returned '0': CMAKE_PREFIX_PATH=/opt/ros/humble /usr/bin/cmake --build /home/diablo/diablo_ws/build/ception_msgs -- -j4 -l4
[3.964s] DEBUG:colcon.colcon_core.event_handler.log_command:Invoking command in '/home/diablo/diablo_ws/build/ception_msgs': CMAKE_PREFIX_PATH=/opt/ros/humble /usr/bin/cmake --install /home/diablo/diablo_ws/build/ception_msgs
[3.968s] DEBUG:colcon.colcon_core.event_handler.log_command:Invoked command in '/home/diablo/diablo_ws/build/motion_msgs' returned '0': CMAKE_PREFIX_PATH=/opt/ros/humble /usr/bin/cmake --build /home/diablo/diablo_ws/build/motion_msgs -- -j4 -l4
[3.982s] DEBUG:colcon.colcon_core.event_handler.log_command:Invoking command in '/home/diablo/diablo_ws/build/motion_msgs': CMAKE_PREFIX_PATH=/opt/ros/humble /usr/bin/cmake --install /home/diablo/diablo_ws/build/motion_msgs
[4.357s] Level 1:colcon.colcon_core.environment:create_environment_scripts_only(ception_msgs)
[4.359s] DEBUG:colcon.colcon_core.event_handler.log_command:Invoked command in '/home/diablo/diablo_ws/build/ception_msgs' returned '0': CMAKE_PREFIX_PATH=/opt/ros/humble /usr/bin/cmake --install /home/diablo/diablo_ws/build/ception_msgs
[4.370s] Level 1:colcon.colcon_core.environment:checking '/home/diablo/diablo_ws/install/ception_msgs' for CMake module files
[4.375s] Level 1:colcon.colcon_core.environment:checking '/home/diablo/diablo_ws/install/ception_msgs' for CMake config files
[4.379s] Level 1:colcon.colcon_core.shell:create_environment_hook('ception_msgs', 'cmake_prefix_path')
[4.380s] INFO:colcon.colcon_core.shell:Creating environment hook '/home/diablo/diablo_ws/install/ception_msgs/share/ception_msgs/hook/cmake_prefix_path.ps1'
[4.383s] INFO:colcon.colcon_core.shell:Creating environment descriptor '/home/diablo/diablo_ws/install/ception_msgs/share/ception_msgs/hook/cmake_prefix_path.dsv'
[4.386s] INFO:colcon.colcon_core.shell:Creating environment hook '/home/diablo/diablo_ws/install/ception_msgs/share/ception_msgs/hook/cmake_prefix_path.sh'
[4.391s] Level 1:colcon.colcon_core.environment:checking '/home/diablo/diablo_ws/install/ception_msgs/lib'
[4.392s] Level 1:colcon.colcon_core.shell:create_environment_hook('ception_msgs', 'ld_library_path_lib')
[4.393s] INFO:colcon.colcon_core.shell:Creating environment hook '/home/diablo/diablo_ws/install/ception_msgs/share/ception_msgs/hook/ld_library_path_lib.ps1'
[4.395s] INFO:colcon.colcon_core.shell:Creating environment descriptor '/home/diablo/diablo_ws/install/ception_msgs/share/ception_msgs/hook/ld_library_path_lib.dsv'
[4.398s] INFO:colcon.colcon_core.shell:Creating environment hook '/home/diablo/diablo_ws/install/ception_msgs/share/ception_msgs/hook/ld_library_path_lib.sh'
[4.400s] Level 1:colcon.colcon_core.environment:checking '/home/diablo/diablo_ws/install/ception_msgs/bin'
[4.401s] Level 1:colcon.colcon_core.environment:checking '/home/diablo/diablo_ws/install/ception_msgs/lib/pkgconfig/ception_msgs.pc'
[4.402s] Level 1:colcon.colcon_core.environment:checking '/home/diablo/diablo_ws/install/ception_msgs/lib/python3.10/site-packages'
[4.403s] Level 1:colcon.colcon_core.environment:checking '/home/diablo/diablo_ws/install/ception_msgs/bin'
[4.405s] INFO:colcon.colcon_core.shell:Creating package script '/home/diablo/diablo_ws/install/ception_msgs/share/ception_msgs/package.ps1'
[4.410s] INFO:colcon.colcon_core.shell:Creating package descriptor '/home/diablo/diablo_ws/install/ception_msgs/share/ception_msgs/package.dsv'
[4.413s] INFO:colcon.colcon_core.shell:Creating package script '/home/diablo/diablo_ws/install/ception_msgs/share/ception_msgs/package.sh'
[4.418s] INFO:colcon.colcon_core.shell:Creating package script '/home/diablo/diablo_ws/install/ception_msgs/share/ception_msgs/package.bash'
[4.422s] INFO:colcon.colcon_core.shell:Creating package script '/home/diablo/diablo_ws/install/ception_msgs/share/ception_msgs/package.zsh'
[4.426s] Level 1:colcon.colcon_core.environment:create_file_with_runtime_dependencies(/home/diablo/diablo_ws/install/ception_msgs/share/colcon-core/packages/ception_msgs)
[4.436s] Level 1:colcon.colcon_core.environment:create_environment_scripts_only(ception_msgs)
[4.439s] Level 1:colcon.colcon_core.environment:checking '/home/diablo/diablo_ws/install/ception_msgs' for CMake module files
[4.445s] Level 1:colcon.colcon_core.environment:checking '/home/diablo/diablo_ws/install/ception_msgs' for CMake config files
[4.450s] Level 1:colcon.colcon_core.shell:create_environment_hook('ception_msgs', 'cmake_prefix_path')
[4.452s] INFO:colcon.colcon_core.shell:Creating environment hook '/home/diablo/diablo_ws/install/ception_msgs/share/ception_msgs/hook/cmake_prefix_path.ps1'
[4.456s] INFO:colcon.colcon_core.shell:Creating environment descriptor '/home/diablo/diablo_ws/install/ception_msgs/share/ception_msgs/hook/cmake_prefix_path.dsv'
[4.458s] INFO:colcon.colcon_core.shell:Creating environment hook '/home/diablo/diablo_ws/install/ception_msgs/share/ception_msgs/hook/cmake_prefix_path.sh'
[4.464s] Level 1:colcon.colcon_core.environment:checking '/home/diablo/diablo_ws/install/ception_msgs/lib'
[4.465s] Level 1:colcon.colcon_core.shell:create_environment_hook('ception_msgs', 'ld_library_path_lib')
[4.466s] INFO:colcon.colcon_core.shell:Creating environment hook '/home/diablo/diablo_ws/install/ception_msgs/share/ception_msgs/hook/ld_library_path_lib.ps1'
[4.471s] INFO:colcon.colcon_core.shell:Creating environment descriptor '/home/diablo/diablo_ws/install/ception_msgs/share/ception_msgs/hook/ld_library_path_lib.dsv'
[4.476s] INFO:colcon.colcon_core.shell:Creating environment hook '/home/diablo/diablo_ws/install/ception_msgs/share/ception_msgs/hook/ld_library_path_lib.sh'
[4.481s] Level 1:colcon.colcon_core.environment:checking '/home/diablo/diablo_ws/install/ception_msgs/bin'
[4.481s] Level 1:colcon.colcon_core.environment:checking '/home/diablo/diablo_ws/install/ception_msgs/lib/pkgconfig/ception_msgs.pc'
[4.482s] Level 1:colcon.colcon_core.environment:checking '/home/diablo/diablo_ws/install/ception_msgs/lib/python3.10/site-packages'
[4.483s] Level 1:colcon.colcon_core.environment:checking '/home/diablo/diablo_ws/install/ception_msgs/bin'
[4.484s] INFO:colcon.colcon_core.shell:Creating package script '/home/diablo/diablo_ws/install/ception_msgs/share/ception_msgs/package.ps1'
[4.487s] INFO:colcon.colcon_core.shell:Creating package descriptor '/home/diablo/diablo_ws/install/ception_msgs/share/ception_msgs/package.dsv'
[4.489s] INFO:colcon.colcon_core.shell:Creating package script '/home/diablo/diablo_ws/install/ception_msgs/share/ception_msgs/package.sh'
[4.492s] INFO:colcon.colcon_core.shell:Creating package script '/home/diablo/diablo_ws/install/ception_msgs/share/ception_msgs/package.bash'
[4.494s] INFO:colcon.colcon_core.shell:Creating package script '/home/diablo/diablo_ws/install/ception_msgs/share/ception_msgs/package.zsh'
[4.496s] Level 1:colcon.colcon_core.environment:create_file_with_runtime_dependencies(/home/diablo/diablo_ws/install/ception_msgs/share/colcon-core/packages/ception_msgs)
[4.500s] Level 1:colcon.colcon_core.environment:create_environment_scripts_only(motion_msgs)
[4.501s] Level 1:colcon.colcon_core.environment:checking '/home/diablo/diablo_ws/install/motion_msgs' for CMake module files
[4.503s] DEBUG:colcon.colcon_core.event_handler.log_command:Invoked command in '/home/diablo/diablo_ws/build/motion_msgs' returned '0': CMAKE_PREFIX_PATH=/opt/ros/humble /usr/bin/cmake --install /home/diablo/diablo_ws/build/motion_msgs
[4.507s] Level 1:colcon.colcon_core.environment:checking '/home/diablo/diablo_ws/install/motion_msgs' for CMake config files
[4.513s] Level 1:colcon.colcon_core.shell:create_environment_hook('motion_msgs', 'cmake_prefix_path')
[4.514s] INFO:colcon.colcon_core.shell:Creating environment hook '/home/diablo/diablo_ws/install/motion_msgs/share/motion_msgs/hook/cmake_prefix_path.ps1'
[4.516s] INFO:colcon.colcon_core.shell:Creating environment descriptor '/home/diablo/diablo_ws/install/motion_msgs/share/motion_msgs/hook/cmake_prefix_path.dsv'
[4.519s] INFO:colcon.colcon_core.shell:Creating environment hook '/home/diablo/diablo_ws/install/motion_msgs/share/motion_msgs/hook/cmake_prefix_path.sh'
[4.522s] Level 1:colcon.colcon_core.environment:checking '/home/diablo/diablo_ws/install/motion_msgs/lib'
[4.523s] Level 1:colcon.colcon_core.shell:create_environment_hook('motion_msgs', 'ld_library_path_lib')
[4.524s] INFO:colcon.colcon_core.shell:Creating environment hook '/home/diablo/diablo_ws/install/motion_msgs/share/motion_msgs/hook/ld_library_path_lib.ps1'
[4.526s] INFO:colcon.colcon_core.shell:Creating environment descriptor '/home/diablo/diablo_ws/install/motion_msgs/share/motion_msgs/hook/ld_library_path_lib.dsv'
[4.528s] INFO:colcon.colcon_core.shell:Creating environment hook '/home/diablo/diablo_ws/install/motion_msgs/share/motion_msgs/hook/ld_library_path_lib.sh'
[4.531s] Level 1:colcon.colcon_core.environment:checking '/home/diablo/diablo_ws/install/motion_msgs/bin'
[4.531s] Level 1:colcon.colcon_core.environment:checking '/home/diablo/diablo_ws/install/motion_msgs/lib/pkgconfig/motion_msgs.pc'
[4.532s] Level 1:colcon.colcon_core.environment:checking '/home/diablo/diablo_ws/install/motion_msgs/lib/python3.10/site-packages'
[4.533s] Level 1:colcon.colcon_core.environment:checking '/home/diablo/diablo_ws/install/motion_msgs/bin'
[4.535s] INFO:colcon.colcon_core.shell:Creating package script '/home/diablo/diablo_ws/install/motion_msgs/share/motion_msgs/package.ps1'
[4.537s] INFO:colcon.colcon_core.shell:Creating package descriptor '/home/diablo/diablo_ws/install/motion_msgs/share/motion_msgs/package.dsv'
[4.539s] INFO:colcon.colcon_core.shell:Creating package script '/home/diablo/diablo_ws/install/motion_msgs/share/motion_msgs/package.sh'
[4.541s] INFO:colcon.colcon_core.shell:Creating package script '/home/diablo/diablo_ws/install/motion_msgs/share/motion_msgs/package.bash'
[4.544s] INFO:colcon.colcon_core.shell:Creating package script '/home/diablo/diablo_ws/install/motion_msgs/share/motion_msgs/package.zsh'
[4.545s] Level 1:colcon.colcon_core.environment:create_file_with_runtime_dependencies(/home/diablo/diablo_ws/install/motion_msgs/share/colcon-core/packages/motion_msgs)
[4.548s] Level 1:colcon.colcon_core.environment:create_environment_scripts_only(motion_msgs)
[4.549s] Level 1:colcon.colcon_core.environment:checking '/home/diablo/diablo_ws/install/motion_msgs' for CMake module files
[4.553s] Level 1:colcon.colcon_core.environment:checking '/home/diablo/diablo_ws/install/motion_msgs' for CMake config files
[4.558s] Level 1:colcon.colcon_core.shell:create_environment_hook('motion_msgs', 'cmake_prefix_path')
[4.559s] INFO:colcon.colcon_core.shell:Creating environment hook '/home/diablo/diablo_ws/install/motion_msgs/share/motion_msgs/hook/cmake_prefix_path.ps1'
[4.561s] INFO:colcon.colcon_core.shell:Creating environment descriptor '/home/diablo/diablo_ws/install/motion_msgs/share/motion_msgs/hook/cmake_prefix_path.dsv'
[4.563s] INFO:colcon.colcon_core.shell:Creating environment hook '/home/diablo/diablo_ws/install/motion_msgs/share/motion_msgs/hook/cmake_prefix_path.sh'
[4.566s] Level 1:colcon.colcon_core.environment:checking '/home/diablo/diablo_ws/install/motion_msgs/lib'
[4.567s] Level 1:colcon.colcon_core.shell:create_environment_hook('motion_msgs', 'ld_library_path_lib')
[4.568s] INFO:colcon.colcon_core.shell:Creating environment hook '/home/diablo/diablo_ws/install/motion_msgs/share/motion_msgs/hook/ld_library_path_lib.ps1'
[4.570s] INFO:colcon.colcon_core.shell:Creating environment descriptor '/home/diablo/diablo_ws/install/motion_msgs/share/motion_msgs/hook/ld_library_path_lib.dsv'
[4.571s] INFO:colcon.colcon_core.shell:Creating environment hook '/home/diablo/diablo_ws/install/motion_msgs/share/motion_msgs/hook/ld_library_path_lib.sh'
[4.573s] Level 1:colcon.colcon_core.environment:checking '/home/diablo/diablo_ws/install/motion_msgs/bin'
[4.574s] Level 1:colcon.colcon_core.environment:checking '/home/diablo/diablo_ws/install/motion_msgs/lib/pkgconfig/motion_msgs.pc'
[4.575s] Level 1:colcon.colcon_core.environment:checking '/home/diablo/diablo_ws/install/motion_msgs/lib/python3.10/site-packages'
[4.576s] Level 1:colcon.colcon_core.environment:checking '/home/diablo/diablo_ws/install/motion_msgs/bin'
[4.577s] INFO:colcon.colcon_core.shell:Creating package script '/home/diablo/diablo_ws/install/motion_msgs/share/motion_msgs/package.ps1'
[4.580s] INFO:colcon.colcon_core.shell:Creating package descriptor '/home/diablo/diablo_ws/install/motion_msgs/share/motion_msgs/package.dsv'
[4.583s] INFO:colcon.colcon_core.shell:Creating package script '/home/diablo/diablo_ws/install/motion_msgs/share/motion_msgs/package.sh'
[4.586s] INFO:colcon.colcon_core.shell:Creating package script '/home/diablo/diablo_ws/install/motion_msgs/share/motion_msgs/package.bash'
[4.588s] INFO:colcon.colcon_core.shell:Creating package script '/home/diablo/diablo_ws/install/motion_msgs/share/motion_msgs/package.zsh'
[4.590s] Level 1:colcon.colcon_core.environment:create_file_with_runtime_dependencies(/home/diablo/diablo_ws/install/motion_msgs/share/colcon-core/packages/motion_msgs)
[4.592s] INFO:colcon.colcon_ros.task.ament_cmake.build:Building ROS package in '/home/diablo/diablo_ws/src/diablo_ros2/diablo_common/diablo_utils' with build type 'ament_cmake'
[4.592s] INFO:colcon.colcon_cmake.task.cmake.build:Building CMake package in '/home/diablo/diablo_ws/src/diablo_ros2/diablo_common/diablo_utils'
[4.593s] INFO:colcon.colcon_core.shell:Skip shell extension 'powershell' for command environment: Not usable outside of PowerShell
[4.594s] DEBUG:colcon.colcon_core.shell:Skip shell extension 'dsv' for command environment
[4.644s] DEBUG:colcon.colcon_core.event_handler.log_command:Invoking command in '/home/diablo/diablo_ws/build/diablo_utils': AMENT_PREFIX_PATH=/home/diablo/diablo_ws/install/motion_msgs:${AMENT_PREFIX_PATH} CMAKE_PREFIX_PATH=/home/diablo/diablo_ws/install/motion_msgs:/opt/ros/humble LD_LIBRARY_PATH=/home/diablo/diablo_ws/install/motion_msgs/lib:${LD_LIBRARY_PATH} PYTHONPATH=/home/diablo/diablo_ws/install/motion_msgs/local/lib/python3.10/dist-packages:${PYTHONPATH} /usr/bin/cmake /home/diablo/diablo_ws/src/diablo_ros2/diablo_common/diablo_utils -DAMENT_CMAKE_SYMLINK_INSTALL=1 -DCMAKE_INSTALL_PREFIX=/home/diablo/diablo_ws/install/diablo_utils
[12.268s] DEBUG:colcon.colcon_core.event_handler.log_command:Invoked command in '/home/diablo/diablo_ws/build/diablo_utils' returned '0': AMENT_PREFIX_PATH=/home/diablo/diablo_ws/install/motion_msgs:${AMENT_PREFIX_PATH} CMAKE_PREFIX_PATH=/home/diablo/diablo_ws/install/motion_msgs:/opt/ros/humble LD_LIBRARY_PATH=/home/diablo/diablo_ws/install/motion_msgs/lib:${LD_LIBRARY_PATH} PYTHONPATH=/home/diablo/diablo_ws/install/motion_msgs/local/lib/python3.10/dist-packages:${PYTHONPATH} /usr/bin/cmake /home/diablo/diablo_ws/src/diablo_ros2/diablo_common/diablo_utils -DAMENT_CMAKE_SYMLINK_INSTALL=1 -DCMAKE_INSTALL_PREFIX=/home/diablo/diablo_ws/install/diablo_utils
[12.276s] DEBUG:colcon.colcon_core.event_handler.log_command:Invoking command in '/home/diablo/diablo_ws/build/diablo_utils': AMENT_PREFIX_PATH=/home/diablo/diablo_ws/install/motion_msgs:${AMENT_PREFIX_PATH} CMAKE_PREFIX_PATH=/home/diablo/diablo_ws/install/motion_msgs:/opt/ros/humble LD_LIBRARY_PATH=/home/diablo/diablo_ws/install/motion_msgs/lib:${LD_LIBRARY_PATH} PYTHONPATH=/home/diablo/diablo_ws/install/motion_msgs/local/lib/python3.10/dist-packages:${PYTHONPATH} /usr/bin/cmake --build /home/diablo/diablo_ws/build/diablo_utils -- -j4 -l4
[22.560s] DEBUG:colcon.colcon_core.event_handler.log_command:Invoked command in '/home/diablo/diablo_ws/build/diablo_utils' returned '0': AMENT_PREFIX_PATH=/home/diablo/diablo_ws/install/motion_msgs:${AMENT_PREFIX_PATH} CMAKE_PREFIX_PATH=/home/diablo/diablo_ws/install/motion_msgs:/opt/ros/humble LD_LIBRARY_PATH=/home/diablo/diablo_ws/install/motion_msgs/lib:${LD_LIBRARY_PATH} PYTHONPATH=/home/diablo/diablo_ws/install/motion_msgs/local/lib/python3.10/dist-packages:${PYTHONPATH} /usr/bin/cmake --build /home/diablo/diablo_ws/build/diablo_utils -- -j4 -l4
[22.579s] DEBUG:colcon.colcon_core.event_handler.log_command:Invoking command in '/home/diablo/diablo_ws/build/diablo_utils': AMENT_PREFIX_PATH=/home/diablo/diablo_ws/install/motion_msgs:${AMENT_PREFIX_PATH} CMAKE_PREFIX_PATH=/home/diablo/diablo_ws/install/motion_msgs:/opt/ros/humble LD_LIBRARY_PATH=/home/diablo/diablo_ws/install/motion_msgs/lib:${LD_LIBRARY_PATH} PYTHONPATH=/home/diablo/diablo_ws/install/motion_msgs/local/lib/python3.10/dist-packages:${PYTHONPATH} /usr/bin/cmake --install /home/diablo/diablo_ws/build/diablo_utils
[23.773s] Level 1:colcon.colcon_core.environment:create_environment_scripts_only(diablo_utils)
[23.774s] Level 1:colcon.colcon_core.environment:checking '/home/diablo/diablo_ws/install/diablo_utils' for CMake module files
[23.776s] DEBUG:colcon.colcon_core.event_handler.log_command:Invoked command in '/home/diablo/diablo_ws/build/diablo_utils' returned '0': AMENT_PREFIX_PATH=/home/diablo/diablo_ws/install/motion_msgs:${AMENT_PREFIX_PATH} CMAKE_PREFIX_PATH=/home/diablo/diablo_ws/install/motion_msgs:/opt/ros/humble LD_LIBRARY_PATH=/home/diablo/diablo_ws/install/motion_msgs/lib:${LD_LIBRARY_PATH} PYTHONPATH=/home/diablo/diablo_ws/install/motion_msgs/local/lib/python3.10/dist-packages:${PYTHONPATH} /usr/bin/cmake --install /home/diablo/diablo_ws/build/diablo_utils
[23.778s] Level 1:colcon.colcon_core.environment:checking '/home/diablo/diablo_ws/install/diablo_utils' for CMake config files
[23.780s] Level 1:colcon.colcon_core.shell:create_environment_hook('diablo_utils', 'cmake_prefix_path')
[23.781s] INFO:colcon.colcon_core.shell:Creating environment hook '/home/diablo/diablo_ws/install/diablo_utils/share/diablo_utils/hook/cmake_prefix_path.ps1'
[23.787s] INFO:colcon.colcon_core.shell:Creating environment descriptor '/home/diablo/diablo_ws/install/diablo_utils/share/diablo_utils/hook/cmake_prefix_path.dsv'
[23.791s] INFO:colcon.colcon_core.shell:Creating environment hook '/home/diablo/diablo_ws/install/diablo_utils/share/diablo_utils/hook/cmake_prefix_path.sh'
[23.797s] Level 1:colcon.colcon_core.environment:checking '/home/diablo/diablo_ws/install/diablo_utils/lib'
[23.797s] Level 1:colcon.colcon_core.shell:create_environment_hook('diablo_utils', 'ld_library_path_lib')
[23.799s] INFO:colcon.colcon_core.shell:Creating environment hook '/home/diablo/diablo_ws/install/diablo_utils/share/diablo_utils/hook/ld_library_path_lib.ps1'
[23.801s] INFO:colcon.colcon_core.shell:Creating environment descriptor '/home/diablo/diablo_ws/install/diablo_utils/share/diablo_utils/hook/ld_library_path_lib.dsv'
[23.803s] INFO:colcon.colcon_core.shell:Creating environment hook '/home/diablo/diablo_ws/install/diablo_utils/share/diablo_utils/hook/ld_library_path_lib.sh'
[23.804s] Level 1:colcon.colcon_core.environment:checking '/home/diablo/diablo_ws/install/diablo_utils/bin'
[23.805s] Level 1:colcon.colcon_core.environment:checking '/home/diablo/diablo_ws/install/diablo_utils/lib/pkgconfig/diablo_utils.pc'
[23.806s] Level 1:colcon.colcon_core.environment:checking '/home/diablo/diablo_ws/install/diablo_utils/lib/python3.10/site-packages'
[23.807s] Level 1:colcon.colcon_core.environment:checking '/home/diablo/diablo_ws/install/diablo_utils/bin'
[23.809s] INFO:colcon.colcon_core.shell:Creating package script '/home/diablo/diablo_ws/install/diablo_utils/share/diablo_utils/package.ps1'
[23.812s] INFO:colcon.colcon_core.shell:Creating package descriptor '/home/diablo/diablo_ws/install/diablo_utils/share/diablo_utils/package.dsv'
[23.815s] INFO:colcon.colcon_core.shell:Creating package script '/home/diablo/diablo_ws/install/diablo_utils/share/diablo_utils/package.sh'
[23.817s] INFO:colcon.colcon_core.shell:Creating package script '/home/diablo/diablo_ws/install/diablo_utils/share/diablo_utils/package.bash'
[23.821s] INFO:colcon.colcon_core.shell:Creating package script '/home/diablo/diablo_ws/install/diablo_utils/share/diablo_utils/package.zsh'
[23.824s] Level 1:colcon.colcon_core.environment:create_file_with_runtime_dependencies(/home/diablo/diablo_ws/install/diablo_utils/share/colcon-core/packages/diablo_utils)
[23.827s] Level 1:colcon.colcon_core.environment:create_environment_scripts_only(diablo_utils)
[23.828s] Level 1:colcon.colcon_core.environment:checking '/home/diablo/diablo_ws/install/diablo_utils' for CMake module files
[23.831s] Level 1:colcon.colcon_core.environment:checking '/home/diablo/diablo_ws/install/diablo_utils' for CMake config files
[23.833s] Level 1:colcon.colcon_core.shell:create_environment_hook('diablo_utils', 'cmake_prefix_path')
[23.833s] INFO:colcon.colcon_core.shell:Creating environment hook '/home/diablo/diablo_ws/install/diablo_utils/share/diablo_utils/hook/cmake_prefix_path.ps1'
[23.836s] INFO:colcon.colcon_core.shell:Creating environment descriptor '/home/diablo/diablo_ws/install/diablo_utils/share/diablo_utils/hook/cmake_prefix_path.dsv'
[23.839s] INFO:colcon.colcon_core.shell:Creating environment hook '/home/diablo/diablo_ws/install/diablo_utils/share/diablo_utils/hook/cmake_prefix_path.sh'
[23.842s] Level 1:colcon.colcon_core.environment:checking '/home/diablo/diablo_ws/install/diablo_utils/lib'
[23.842s] Level 1:colcon.colcon_core.shell:create_environment_hook('diablo_utils', 'ld_library_path_lib')
[23.843s] INFO:colcon.colcon_core.shell:Creating environment hook '/home/diablo/diablo_ws/install/diablo_utils/share/diablo_utils/hook/ld_library_path_lib.ps1'
[23.846s] INFO:colcon.colcon_core.shell:Creating environment descriptor '/home/diablo/diablo_ws/install/diablo_utils/share/diablo_utils/hook/ld_library_path_lib.dsv'
[23.848s] INFO:colcon.colcon_core.shell:Creating environment hook '/home/diablo/diablo_ws/install/diablo_utils/share/diablo_utils/hook/ld_library_path_lib.sh'
[23.850s] Level 1:colcon.colcon_core.environment:checking '/home/diablo/diablo_ws/install/diablo_utils/bin'
[23.850s] Level 1:colcon.colcon_core.environment:checking '/home/diablo/diablo_ws/install/diablo_utils/lib/pkgconfig/diablo_utils.pc'
[23.852s] Level 1:colcon.colcon_core.environment:checking '/home/diablo/diablo_ws/install/diablo_utils/lib/python3.10/site-packages'
[23.853s] Level 1:colcon.colcon_core.environment:checking '/home/diablo/diablo_ws/install/diablo_utils/bin'
[23.855s] INFO:colcon.colcon_core.shell:Creating package script '/home/diablo/diablo_ws/install/diablo_utils/share/diablo_utils/package.ps1'
[23.858s] INFO:colcon.colcon_core.shell:Creating package descriptor '/home/diablo/diablo_ws/install/diablo_utils/share/diablo_utils/package.dsv'
[23.860s] INFO:colcon.colcon_core.shell:Creating package script '/home/diablo/diablo_ws/install/diablo_utils/share/diablo_utils/package.sh'
[23.862s] INFO:colcon.colcon_core.shell:Creating package script '/home/diablo/diablo_ws/install/diablo_utils/share/diablo_utils/package.bash'
[23.864s] INFO:colcon.colcon_core.shell:Creating package script '/home/diablo/diablo_ws/install/diablo_utils/share/diablo_utils/package.zsh'
[23.867s] Level 1:colcon.colcon_core.environment:create_file_with_runtime_dependencies(/home/diablo/diablo_ws/install/diablo_utils/share/colcon-core/packages/diablo_utils)
[23.868s] INFO:colcon.colcon_ros.task.ament_cmake.build:Building ROS package in '/home/diablo/diablo_ws/src/diablo_ros2/diablo_ception/diablo_body' with build type 'ament_cmake'
[23.869s] INFO:colcon.colcon_cmake.task.cmake.build:Building CMake package in '/home/diablo/diablo_ws/src/diablo_ros2/diablo_ception/diablo_body'
[23.870s] INFO:colcon.colcon_core.shell:Skip shell extension 'powershell' for command environment: Not usable outside of PowerShell
[23.870s] DEBUG:colcon.colcon_core.shell:Skip shell extension 'dsv' for command environment
[23.984s] DEBUG:colcon.colcon_core.event_handler.log_command:Invoking command in '/home/diablo/diablo_ws/build/diablo_body': AMENT_PREFIX_PATH=/home/diablo/diablo_ws/install/diablo_utils:/home/diablo/diablo_ws/install/motion_msgs:/home/diablo/diablo_ws/install/ception_msgs:${AMENT_PREFIX_PATH} CMAKE_PREFIX_PATH=/home/diablo/diablo_ws/install/diablo_utils:/home/diablo/diablo_ws/install/motion_msgs:/home/diablo/diablo_ws/install/ception_msgs:/opt/ros/humble LD_LIBRARY_PATH=/home/diablo/diablo_ws/install/diablo_utils/lib:/home/diablo/diablo_ws/install/motion_msgs/lib:/home/diablo/diablo_ws/install/ception_msgs/lib:${LD_LIBRARY_PATH} PYTHONPATH=/home/diablo/diablo_ws/install/motion_msgs/local/lib/python3.10/dist-packages:/home/diablo/diablo_ws/install/ception_msgs/local/lib/python3.10/dist-packages:${PYTHONPATH} /usr/bin/cmake /home/diablo/diablo_ws/src/diablo_ros2/diablo_ception/diablo_body -DAMENT_CMAKE_SYMLINK_INSTALL=1 -DCMAKE_INSTALL_PREFIX=/home/diablo/diablo_ws/install/diablo_body
[31.473s] DEBUG:colcon.colcon_core.event_handler.log_command:Invoked command in '/home/diablo/diablo_ws/build/diablo_body' returned '0': AMENT_PREFIX_PATH=/home/diablo/diablo_ws/install/diablo_utils:/home/diablo/diablo_ws/install/motion_msgs:/home/diablo/diablo_ws/install/ception_msgs:${AMENT_PREFIX_PATH} CMAKE_PREFIX_PATH=/home/diablo/diablo_ws/install/diablo_utils:/home/diablo/diablo_ws/install/motion_msgs:/home/diablo/diablo_ws/install/ception_msgs:/opt/ros/humble LD_LIBRARY_PATH=/home/diablo/diablo_ws/install/diablo_utils/lib:/home/diablo/diablo_ws/install/motion_msgs/lib:/home/diablo/diablo_ws/install/ception_msgs/lib:${LD_LIBRARY_PATH} PYTHONPATH=/home/diablo/diablo_ws/install/motion_msgs/local/lib/python3.10/dist-packages:/home/diablo/diablo_ws/install/ception_msgs/local/lib/python3.10/dist-packages:${PYTHONPATH} /usr/bin/cmake /home/diablo/diablo_ws/src/diablo_ros2/diablo_ception/diablo_body -DAMENT_CMAKE_SYMLINK_INSTALL=1 -DCMAKE_INSTALL_PREFIX=/home/diablo/diablo_ws/install/diablo_body
[31.485s] DEBUG:colcon.colcon_core.event_handler.log_command:Invoking command in '/home/diablo/diablo_ws/build/diablo_body': AMENT_PREFIX_PATH=/home/diablo/diablo_ws/install/diablo_utils:/home/diablo/diablo_ws/install/motion_msgs:/home/diablo/diablo_ws/install/ception_msgs:${AMENT_PREFIX_PATH} CMAKE_PREFIX_PATH=/home/diablo/diablo_ws/install/diablo_utils:/home/diablo/diablo_ws/install/motion_msgs:/home/diablo/diablo_ws/install/ception_msgs:/opt/ros/humble LD_LIBRARY_PATH=/home/diablo/diablo_ws/install/diablo_utils/lib:/home/diablo/diablo_ws/install/motion_msgs/lib:/home/diablo/diablo_ws/install/ception_msgs/lib:${LD_LIBRARY_PATH} PYTHONPATH=/home/diablo/diablo_ws/install/motion_msgs/local/lib/python3.10/dist-packages:/home/diablo/diablo_ws/install/ception_msgs/local/lib/python3.10/dist-packages:${PYTHONPATH} /usr/bin/cmake --build /home/diablo/diablo_ws/build/diablo_body -- -j4 -l4
