[0.062s] Invoking command in '/home/diablo/diablo_ws/build/motion_msgs': CMAKE_PREFIX_PATH=/opt/ros/humble /usr/bin/cmake --build /home/diablo/diablo_ws/build/motion_msgs -- -j4 -l4
[0.326s] [  1%] Built target motion_msgs__cpp
[0.348s] [ 12%] Built target motion_msgs__rosidl_generator_c
[0.478s] [ 12%] Built target ament_cmake_python_symlink_motion_msgs
[0.526s] [ 23%] Built target motion_msgs__rosidl_typesupport_fastrtps_cpp
[0.579s] [ 35%] Built target motion_msgs__rosidl_typesupport_introspection_cpp
[0.587s] [ 46%] Built target motion_msgs__rosidl_typesupport_cpp
[0.717s] [ 57%] Built target motion_msgs__rosidl_typesupport_fastrtps_c
[0.728s] [ 69%] Built target motion_msgs__rosidl_typesupport_introspection_c
[0.784s] [ 80%] Built target motion_msgs__rosidl_typesupport_c
[0.907s] [ 80%] Built target motion_msgs
[1.024s] [ 81%] Built target motion_msgs__py
[1.158s] [ 91%] Built target motion_msgs__rosidl_generator_py
[1.398s] [ 94%] Built target motion_msgs__rosidl_typesupport_fastrtps_c__pyext
[1.455s] [100%] Built target motion_msgs__rosidl_typesupport_introspection_c__pyext
[1.457s] [100%] Built target motion_msgs__rosidl_typesupport_c__pyext
[2.083s] running egg_info
[2.087s] writing motion_msgs.egg-info/PKG-INFO
[2.090s] writing dependency_links to motion_msgs.egg-info/dependency_links.txt
[2.093s] writing top-level names to motion_msgs.egg-info/top_level.txt
[2.113s] reading manifest file 'motion_msgs.egg-info/SOURCES.txt'
[2.122s] writing manifest file 'motion_msgs.egg-info/SOURCES.txt'
[2.300s] [100%] Built target ament_cmake_python_build_motion_msgs_egg
[2.366s] Invoked command in '/home/diablo/diablo_ws/build/motion_msgs' returned '0': CMAKE_PREFIX_PATH=/opt/ros/humble /usr/bin/cmake --build /home/diablo/diablo_ws/build/motion_msgs -- -j4 -l4
[2.379s] Invoking command in '/home/diablo/diablo_ws/build/motion_msgs': CMAKE_PREFIX_PATH=/opt/ros/humble /usr/bin/cmake --install /home/diablo/diablo_ws/build/motion_msgs
[2.406s] -- Install configuration: "Release"
[2.409s] -- Execute custom install script
[2.410s] -- Up-to-date symlink: /home/diablo/diablo_ws/install/motion_msgs/share/ament_index/resource_index/rosidl_interfaces/motion_msgs
[2.414s] -- Up-to-date symlink: /home/diablo/diablo_ws/install/motion_msgs/include/motion_msgs/motion_msgs/msg/ctrl_plot.h
[2.415s] -- Up-to-date symlink: /home/diablo/diablo_ws/install/motion_msgs/include/motion_msgs/motion_msgs/msg/detail/ctrl_plot__functions.h
[2.416s] -- Up-to-date symlink: /home/diablo/diablo_ws/install/motion_msgs/include/motion_msgs/motion_msgs/msg/detail/ctrl_plot__struct.h
[2.418s] -- Up-to-date symlink: /home/diablo/diablo_ws/install/motion_msgs/include/motion_msgs/motion_msgs/msg/detail/ctrl_plot__type_support.h
[2.419s] -- Up-to-date symlink: /home/diablo/diablo_ws/install/motion_msgs/include/motion_msgs/motion_msgs/msg/detail/leg_motors__functions.h
[2.421s] -- Up-to-date symlink: /home/diablo/diablo_ws/install/motion_msgs/include/motion_msgs/motion_msgs/msg/detail/leg_motors__struct.h
[2.423s] -- Up-to-date symlink: /home/diablo/diablo_ws/install/motion_msgs/include/motion_msgs/motion_msgs/msg/detail/leg_motors__type_support.h
[2.424s] -- Up-to-date symlink: /home/diablo/diablo_ws/install/motion_msgs/include/motion_msgs/motion_msgs/msg/detail/motion_ctrl__functions.h
[2.425s] -- Up-to-date symlink: /home/diablo/diablo_ws/install/motion_msgs/include/motion_msgs/motion_msgs/msg/detail/motion_ctrl__struct.h
[2.426s] -- Up-to-date symlink: /home/diablo/diablo_ws/install/motion_msgs/include/motion_msgs/motion_msgs/msg/detail/motion_ctrl__type_support.h
[2.428s] -- Up-to-date symlink: /home/diablo/diablo_ws/install/motion_msgs/include/motion_msgs/motion_msgs/msg/detail/movement_ctrl_data__functions.h
[2.430s] -- Up-to-date symlink: /home/diablo/diablo_ws/install/motion_msgs/include/motion_msgs/motion_msgs/msg/detail/movement_ctrl_data__struct.h
[2.431s] -- Up-to-date symlink: /home/diablo/diablo_ws/install/motion_msgs/include/motion_msgs/motion_msgs/msg/detail/movement_ctrl_data__type_support.h
[2.433s] -- Up-to-date symlink: /home/diablo/diablo_ws/install/motion_msgs/include/motion_msgs/motion_msgs/msg/detail/movement_ctrl_mode__functions.h
[2.435s] -- Up-to-date symlink: /home/diablo/diablo_ws/install/motion_msgs/include/motion_msgs/motion_msgs/msg/detail/movement_ctrl_mode__struct.h
[2.436s] -- Up-to-date symlink: /home/diablo/diablo_ws/install/motion_msgs/include/motion_msgs/motion_msgs/msg/detail/movement_ctrl_mode__type_support.h
[2.436s] -- Up-to-date symlink: /home/diablo/diablo_ws/install/motion_msgs/include/motion_msgs/motion_msgs/msg/detail/robot_status__functions.h
[2.437s] -- Up-to-date symlink: /home/diablo/diablo_ws/install/motion_msgs/include/motion_msgs/motion_msgs/msg/detail/robot_status__struct.h
[2.438s] -- Up-to-date symlink: /home/diablo/diablo_ws/install/motion_msgs/include/motion_msgs/motion_msgs/msg/detail/robot_status__type_support.h
[2.439s] -- Up-to-date symlink: /home/diablo/diablo_ws/install/motion_msgs/include/motion_msgs/motion_msgs/msg/leg_motors.h
[2.441s] -- Up-to-date symlink: /home/diablo/diablo_ws/install/motion_msgs/include/motion_msgs/motion_msgs/msg/motion_ctrl.h
[2.441s] -- Up-to-date symlink: /home/diablo/diablo_ws/install/motion_msgs/include/motion_msgs/motion_msgs/msg/movement_ctrl_data.h
[2.442s] -- Up-to-date symlink: /home/diablo/diablo_ws/install/motion_msgs/include/motion_msgs/motion_msgs/msg/movement_ctrl_mode.h
[2.442s] -- Up-to-date symlink: /home/diablo/diablo_ws/install/motion_msgs/include/motion_msgs/motion_msgs/msg/robot_status.h
[2.443s] -- Up-to-date symlink: /home/diablo/diablo_ws/install/motion_msgs/include/motion_msgs/motion_msgs/msg/rosidl_generator_c__visibility_control.h
[2.444s] -- Up-to-date symlink: /home/diablo/diablo_ws/install/motion_msgs/share/motion_msgs/environment/library_path.sh
[2.445s] -- Up-to-date symlink: /home/diablo/diablo_ws/install/motion_msgs/share/motion_msgs/environment/library_path.dsv
[2.449s] -- Up-to-date symlink: /home/diablo/diablo_ws/install/motion_msgs/include/motion_msgs/motion_msgs/msg/detail/ctrl_plot__rosidl_typesupport_fastrtps_c.h
[2.450s] -- Up-to-date symlink: /home/diablo/diablo_ws/install/motion_msgs/include/motion_msgs/motion_msgs/msg/detail/leg_motors__rosidl_typesupport_fastrtps_c.h
[2.451s] -- Up-to-date symlink: /home/diablo/diablo_ws/install/motion_msgs/include/motion_msgs/motion_msgs/msg/detail/motion_ctrl__rosidl_typesupport_fastrtps_c.h
[2.452s] -- Up-to-date symlink: /home/diablo/diablo_ws/install/motion_msgs/include/motion_msgs/motion_msgs/msg/detail/movement_ctrl_data__rosidl_typesupport_fastrtps_c.h
[2.453s] -- Up-to-date symlink: /home/diablo/diablo_ws/install/motion_msgs/include/motion_msgs/motion_msgs/msg/detail/movement_ctrl_mode__rosidl_typesupport_fastrtps_c.h
[2.454s] -- Up-to-date symlink: /home/diablo/diablo_ws/install/motion_msgs/include/motion_msgs/motion_msgs/msg/detail/robot_status__rosidl_typesupport_fastrtps_c.h
[2.454s] -- Up-to-date symlink: /home/diablo/diablo_ws/install/motion_msgs/include/motion_msgs/motion_msgs/msg/rosidl_typesupport_fastrtps_c__visibility_control.h
[2.456s] -- Up-to-date symlink: /home/diablo/diablo_ws/install/motion_msgs/include/motion_msgs/motion_msgs/msg/detail/ctrl_plot__rosidl_typesupport_introspection_c.h
[2.457s] -- Up-to-date symlink: /home/diablo/diablo_ws/install/motion_msgs/include/motion_msgs/motion_msgs/msg/detail/leg_motors__rosidl_typesupport_introspection_c.h
[2.459s] -- Up-to-date symlink: /home/diablo/diablo_ws/install/motion_msgs/include/motion_msgs/motion_msgs/msg/detail/motion_ctrl__rosidl_typesupport_introspection_c.h
[2.459s] -- Up-to-date symlink: /home/diablo/diablo_ws/install/motion_msgs/include/motion_msgs/motion_msgs/msg/detail/movement_ctrl_data__rosidl_typesupport_introspection_c.h
[2.460s] -- Up-to-date symlink: /home/diablo/diablo_ws/install/motion_msgs/include/motion_msgs/motion_msgs/msg/detail/movement_ctrl_mode__rosidl_typesupport_introspection_c.h
[2.462s] -- Up-to-date symlink: /home/diablo/diablo_ws/install/motion_msgs/include/motion_msgs/motion_msgs/msg/detail/robot_status__rosidl_typesupport_introspection_c.h
[2.463s] -- Up-to-date symlink: /home/diablo/diablo_ws/install/motion_msgs/include/motion_msgs/motion_msgs/msg/rosidl_typesupport_introspection_c__visibility_control.h
[2.466s] -- Up-to-date symlink: /home/diablo/diablo_ws/install/motion_msgs/include/motion_msgs/motion_msgs/msg/ctrl_plot.hpp
[2.467s] -- Up-to-date symlink: /home/diablo/diablo_ws/install/motion_msgs/include/motion_msgs/motion_msgs/msg/detail/ctrl_plot__builder.hpp
[2.468s] -- Up-to-date symlink: /home/diablo/diablo_ws/install/motion_msgs/include/motion_msgs/motion_msgs/msg/detail/ctrl_plot__struct.hpp
[2.469s] -- Up-to-date symlink: /home/diablo/diablo_ws/install/motion_msgs/include/motion_msgs/motion_msgs/msg/detail/ctrl_plot__traits.hpp
[2.470s] -- Up-to-date symlink: /home/diablo/diablo_ws/install/motion_msgs/include/motion_msgs/motion_msgs/msg/detail/ctrl_plot__type_support.hpp
[2.471s] -- Up-to-date symlink: /home/diablo/diablo_ws/install/motion_msgs/include/motion_msgs/motion_msgs/msg/detail/leg_motors__builder.hpp
[2.472s] -- Up-to-date symlink: /home/diablo/diablo_ws/install/motion_msgs/include/motion_msgs/motion_msgs/msg/detail/leg_motors__struct.hpp
[2.474s] -- Up-to-date symlink: /home/diablo/diablo_ws/install/motion_msgs/include/motion_msgs/motion_msgs/msg/detail/leg_motors__traits.hpp
[2.475s] -- Up-to-date symlink: /home/diablo/diablo_ws/install/motion_msgs/include/motion_msgs/motion_msgs/msg/detail/leg_motors__type_support.hpp
[2.476s] -- Up-to-date symlink: /home/diablo/diablo_ws/install/motion_msgs/include/motion_msgs/motion_msgs/msg/detail/motion_ctrl__builder.hpp
[2.477s] -- Up-to-date symlink: /home/diablo/diablo_ws/install/motion_msgs/include/motion_msgs/motion_msgs/msg/detail/motion_ctrl__struct.hpp
[2.479s] -- Up-to-date symlink: /home/diablo/diablo_ws/install/motion_msgs/include/motion_msgs/motion_msgs/msg/detail/motion_ctrl__traits.hpp
[2.480s] -- Up-to-date symlink: /home/diablo/diablo_ws/install/motion_msgs/include/motion_msgs/motion_msgs/msg/detail/motion_ctrl__type_support.hpp
[2.481s] -- Up-to-date symlink: /home/diablo/diablo_ws/install/motion_msgs/include/motion_msgs/motion_msgs/msg/detail/movement_ctrl_data__builder.hpp
[2.483s] -- Up-to-date symlink: /home/diablo/diablo_ws/install/motion_msgs/include/motion_msgs/motion_msgs/msg/detail/movement_ctrl_data__struct.hpp
[2.484s] -- Up-to-date symlink: /home/diablo/diablo_ws/install/motion_msgs/include/motion_msgs/motion_msgs/msg/detail/movement_ctrl_data__traits.hpp
[2.486s] -- Up-to-date symlink: /home/diablo/diablo_ws/install/motion_msgs/include/motion_msgs/motion_msgs/msg/detail/movement_ctrl_data__type_support.hpp
[2.487s] -- Up-to-date symlink: /home/diablo/diablo_ws/install/motion_msgs/include/motion_msgs/motion_msgs/msg/detail/movement_ctrl_mode__builder.hpp
[2.489s] -- Up-to-date symlink: /home/diablo/diablo_ws/install/motion_msgs/include/motion_msgs/motion_msgs/msg/detail/movement_ctrl_mode__struct.hpp
[2.490s] -- Up-to-date symlink: /home/diablo/diablo_ws/install/motion_msgs/include/motion_msgs/motion_msgs/msg/detail/movement_ctrl_mode__traits.hpp
[2.492s] -- Up-to-date symlink: /home/diablo/diablo_ws/install/motion_msgs/include/motion_msgs/motion_msgs/msg/detail/movement_ctrl_mode__type_support.hpp
[2.493s] -- Up-to-date symlink: /home/diablo/diablo_ws/install/motion_msgs/include/motion_msgs/motion_msgs/msg/detail/robot_status__builder.hpp
[2.495s] -- Up-to-date symlink: /home/diablo/diablo_ws/install/motion_msgs/include/motion_msgs/motion_msgs/msg/detail/robot_status__struct.hpp
[2.496s] -- Up-to-date symlink: /home/diablo/diablo_ws/install/motion_msgs/include/motion_msgs/motion_msgs/msg/detail/robot_status__traits.hpp
[2.497s] -- Up-to-date symlink: /home/diablo/diablo_ws/install/motion_msgs/include/motion_msgs/motion_msgs/msg/detail/robot_status__type_support.hpp
[2.499s] -- Up-to-date symlink: /home/diablo/diablo_ws/install/motion_msgs/include/motion_msgs/motion_msgs/msg/leg_motors.hpp
[2.500s] -- Up-to-date symlink: /home/diablo/diablo_ws/install/motion_msgs/include/motion_msgs/motion_msgs/msg/motion_ctrl.hpp
[2.501s] -- Up-to-date symlink: /home/diablo/diablo_ws/install/motion_msgs/include/motion_msgs/motion_msgs/msg/movement_ctrl_data.hpp
[2.503s] -- Up-to-date symlink: /home/diablo/diablo_ws/install/motion_msgs/include/motion_msgs/motion_msgs/msg/movement_ctrl_mode.hpp
[2.503s] -- Up-to-date symlink: /home/diablo/diablo_ws/install/motion_msgs/include/motion_msgs/motion_msgs/msg/robot_status.hpp
[2.504s] -- Up-to-date symlink: /home/diablo/diablo_ws/install/motion_msgs/include/motion_msgs/motion_msgs/msg/rosidl_generator_cpp__visibility_control.hpp
[2.509s] -- Up-to-date symlink: /home/diablo/diablo_ws/install/motion_msgs/include/motion_msgs/motion_msgs/msg/detail/ctrl_plot__rosidl_typesupport_fastrtps_cpp.hpp
[2.510s] -- Up-to-date symlink: /home/diablo/diablo_ws/install/motion_msgs/include/motion_msgs/motion_msgs/msg/detail/leg_motors__rosidl_typesupport_fastrtps_cpp.hpp
[2.511s] -- Up-to-date symlink: /home/diablo/diablo_ws/install/motion_msgs/include/motion_msgs/motion_msgs/msg/detail/motion_ctrl__rosidl_typesupport_fastrtps_cpp.hpp
[2.513s] -- Up-to-date symlink: /home/diablo/diablo_ws/install/motion_msgs/include/motion_msgs/motion_msgs/msg/detail/movement_ctrl_data__rosidl_typesupport_fastrtps_cpp.hpp
[2.513s] -- Up-to-date symlink: /home/diablo/diablo_ws/install/motion_msgs/include/motion_msgs/motion_msgs/msg/detail/movement_ctrl_mode__rosidl_typesupport_fastrtps_cpp.hpp
[2.514s] -- Up-to-date symlink: /home/diablo/diablo_ws/install/motion_msgs/include/motion_msgs/motion_msgs/msg/detail/robot_status__rosidl_typesupport_fastrtps_cpp.hpp
[2.515s] -- Up-to-date symlink: /home/diablo/diablo_ws/install/motion_msgs/include/motion_msgs/motion_msgs/msg/rosidl_typesupport_fastrtps_cpp__visibility_control.h
[2.519s] -- Up-to-date symlink: /home/diablo/diablo_ws/install/motion_msgs/include/motion_msgs/motion_msgs/msg/detail/ctrl_plot__rosidl_typesupport_introspection_cpp.hpp
[2.521s] -- Up-to-date symlink: /home/diablo/diablo_ws/install/motion_msgs/include/motion_msgs/motion_msgs/msg/detail/leg_motors__rosidl_typesupport_introspection_cpp.hpp
[2.523s] -- Up-to-date symlink: /home/diablo/diablo_ws/install/motion_msgs/include/motion_msgs/motion_msgs/msg/detail/motion_ctrl__rosidl_typesupport_introspection_cpp.hpp
[2.523s] -- Up-to-date symlink: /home/diablo/diablo_ws/install/motion_msgs/include/motion_msgs/motion_msgs/msg/detail/movement_ctrl_data__rosidl_typesupport_introspection_cpp.hpp
[2.524s] -- Up-to-date symlink: /home/diablo/diablo_ws/install/motion_msgs/include/motion_msgs/motion_msgs/msg/detail/movement_ctrl_mode__rosidl_typesupport_introspection_cpp.hpp
[2.524s] -- Up-to-date symlink: /home/diablo/diablo_ws/install/motion_msgs/include/motion_msgs/motion_msgs/msg/detail/robot_status__rosidl_typesupport_introspection_cpp.hpp
[2.525s] -- Up-to-date symlink: /home/diablo/diablo_ws/install/motion_msgs/share/motion_msgs/environment/pythonpath.sh
[2.526s] -- Up-to-date symlink: /home/diablo/diablo_ws/install/motion_msgs/share/motion_msgs/environment/pythonpath.dsv
[2.528s] -- Up-to-date symlink: /home/diablo/diablo_ws/install/motion_msgs/local/lib/python3.10/dist-packages/motion_msgs-1.0.0-py3.10.egg-info/PKG-INFO
[2.529s] -- Up-to-date symlink: /home/diablo/diablo_ws/install/motion_msgs/local/lib/python3.10/dist-packages/motion_msgs-1.0.0-py3.10.egg-info/SOURCES.txt
[2.530s] -- Up-to-date symlink: /home/diablo/diablo_ws/install/motion_msgs/local/lib/python3.10/dist-packages/motion_msgs-1.0.0-py3.10.egg-info/dependency_links.txt
[2.531s] -- Up-to-date symlink: /home/diablo/diablo_ws/install/motion_msgs/local/lib/python3.10/dist-packages/motion_msgs-1.0.0-py3.10.egg-info/top_level.txt
[2.539s] -- Up-to-date symlink: /home/diablo/diablo_ws/install/motion_msgs/local/lib/python3.10/dist-packages/motion_msgs/__init__.py
[2.539s] -- Up-to-date symlink: /home/diablo/diablo_ws/install/motion_msgs/local/lib/python3.10/dist-packages/motion_msgs/_motion_msgs_s.ep.rosidl_typesupport_c.c
[2.541s] -- Up-to-date symlink: /home/diablo/diablo_ws/install/motion_msgs/local/lib/python3.10/dist-packages/motion_msgs/_motion_msgs_s.ep.rosidl_typesupport_fastrtps_c.c
[2.542s] -- Up-to-date symlink: /home/diablo/diablo_ws/install/motion_msgs/local/lib/python3.10/dist-packages/motion_msgs/_motion_msgs_s.ep.rosidl_typesupport_introspection_c.c
[2.543s] -- Up-to-date symlink: /home/diablo/diablo_ws/install/motion_msgs/local/lib/python3.10/dist-packages/motion_msgs/libmotion_msgs__rosidl_generator_py.so
[2.544s] -- Up-to-date symlink: /home/diablo/diablo_ws/install/motion_msgs/local/lib/python3.10/dist-packages/motion_msgs/motion_msgs_s__rosidl_typesupport_c.cpython-310-aarch64-linux-gnu.so
[2.545s] -- Up-to-date symlink: /home/diablo/diablo_ws/install/motion_msgs/local/lib/python3.10/dist-packages/motion_msgs/motion_msgs_s__rosidl_typesupport_fastrtps_c.cpython-310-aarch64-linux-gnu.so
[2.546s] -- Up-to-date symlink: /home/diablo/diablo_ws/install/motion_msgs/local/lib/python3.10/dist-packages/motion_msgs/motion_msgs_s__rosidl_typesupport_introspection_c.cpython-310-aarch64-linux-gnu.so
[2.547s] -- Up-to-date symlink: /home/diablo/diablo_ws/install/motion_msgs/local/lib/python3.10/dist-packages/motion_msgs/msg/__init__.py
[2.548s] -- Up-to-date symlink: /home/diablo/diablo_ws/install/motion_msgs/local/lib/python3.10/dist-packages/motion_msgs/msg/_ctrl_plot.py
[2.549s] -- Up-to-date symlink: /home/diablo/diablo_ws/install/motion_msgs/local/lib/python3.10/dist-packages/motion_msgs/msg/_ctrl_plot_s.c
[2.550s] -- Up-to-date symlink: /home/diablo/diablo_ws/install/motion_msgs/local/lib/python3.10/dist-packages/motion_msgs/msg/_leg_motors.py
[2.551s] -- Up-to-date symlink: /home/diablo/diablo_ws/install/motion_msgs/local/lib/python3.10/dist-packages/motion_msgs/msg/_leg_motors_s.c
[2.552s] -- Up-to-date symlink: /home/diablo/diablo_ws/install/motion_msgs/local/lib/python3.10/dist-packages/motion_msgs/msg/_motion_ctrl.py
[2.553s] -- Up-to-date symlink: /home/diablo/diablo_ws/install/motion_msgs/local/lib/python3.10/dist-packages/motion_msgs/msg/_motion_ctrl_s.c
[2.554s] -- Up-to-date symlink: /home/diablo/diablo_ws/install/motion_msgs/local/lib/python3.10/dist-packages/motion_msgs/msg/_movement_ctrl_data.py
[2.555s] -- Up-to-date symlink: /home/diablo/diablo_ws/install/motion_msgs/local/lib/python3.10/dist-packages/motion_msgs/msg/_movement_ctrl_data_s.c
[2.556s] -- Up-to-date symlink: /home/diablo/diablo_ws/install/motion_msgs/local/lib/python3.10/dist-packages/motion_msgs/msg/_movement_ctrl_mode.py
[2.557s] -- Up-to-date symlink: /home/diablo/diablo_ws/install/motion_msgs/local/lib/python3.10/dist-packages/motion_msgs/msg/_movement_ctrl_mode_s.c
[2.558s] -- Up-to-date symlink: /home/diablo/diablo_ws/install/motion_msgs/local/lib/python3.10/dist-packages/motion_msgs/msg/_robot_status.py
[2.559s] -- Up-to-date symlink: /home/diablo/diablo_ws/install/motion_msgs/local/lib/python3.10/dist-packages/motion_msgs/msg/_robot_status_s.c
[2.561s] -- Up-to-date symlink: /home/diablo/diablo_ws/install/motion_msgs/local/lib/python3.10/dist-packages/motion_msgs/motion_msgs_s__rosidl_typesupport_fastrtps_c.cpython-310-aarch64-linux-gnu.so
[2.563s] -- Up-to-date symlink: /home/diablo/diablo_ws/install/motion_msgs/local/lib/python3.10/dist-packages/motion_msgs/motion_msgs_s__rosidl_typesupport_introspection_c.cpython-310-aarch64-linux-gnu.so
[2.565s] -- Up-to-date symlink: /home/diablo/diablo_ws/install/motion_msgs/local/lib/python3.10/dist-packages/motion_msgs/motion_msgs_s__rosidl_typesupport_c.cpython-310-aarch64-linux-gnu.so
[2.566s] -- Up-to-date symlink: /home/diablo/diablo_ws/install/motion_msgs/share/motion_msgs/msg/CtrlPlot.idl
[2.567s] -- Up-to-date symlink: /home/diablo/diablo_ws/install/motion_msgs/share/motion_msgs/msg/LegMotors.idl
[2.568s] -- Up-to-date symlink: /home/diablo/diablo_ws/install/motion_msgs/share/motion_msgs/msg/MotionCtrl.idl
[2.570s] -- Up-to-date symlink: /home/diablo/diablo_ws/install/motion_msgs/share/motion_msgs/msg/RobotStatus.idl
[2.571s] -- Up-to-date symlink: /home/diablo/diablo_ws/install/motion_msgs/share/motion_msgs/msg/MovementCtrlData.idl
[2.572s] -- Up-to-date symlink: /home/diablo/diablo_ws/install/motion_msgs/share/motion_msgs/msg/MovementCtrlMode.idl
[2.573s] -- Up-to-date symlink: /home/diablo/diablo_ws/install/motion_msgs/share/motion_msgs/msg/CtrlPlot.msg
[2.574s] -- Up-to-date symlink: /home/diablo/diablo_ws/install/motion_msgs/share/motion_msgs/msg/LegMotors.msg
[2.575s] -- Up-to-date symlink: /home/diablo/diablo_ws/install/motion_msgs/share/motion_msgs/msg/MotionCtrl.msg
[2.576s] -- Up-to-date symlink: /home/diablo/diablo_ws/install/motion_msgs/share/motion_msgs/msg/RobotStatus.msg
[2.577s] -- Up-to-date symlink: /home/diablo/diablo_ws/install/motion_msgs/share/motion_msgs/msg/MovementCtrlData.msg
[2.578s] -- Up-to-date symlink: /home/diablo/diablo_ws/install/motion_msgs/share/motion_msgs/msg/MovementCtrlMode.msg
[2.580s] -- Up-to-date symlink: /home/diablo/diablo_ws/install/motion_msgs/share/ament_index/resource_index/package_run_dependencies/motion_msgs
[2.581s] -- Up-to-date symlink: /home/diablo/diablo_ws/install/motion_msgs/share/ament_index/resource_index/parent_prefix_path/motion_msgs
[2.583s] -- Up-to-date symlink: /home/diablo/diablo_ws/install/motion_msgs/share/motion_msgs/environment/ament_prefix_path.sh
[2.584s] -- Up-to-date symlink: /home/diablo/diablo_ws/install/motion_msgs/share/motion_msgs/environment/ament_prefix_path.dsv
[2.585s] -- Up-to-date symlink: /home/diablo/diablo_ws/install/motion_msgs/share/motion_msgs/environment/path.sh
[2.586s] -- Up-to-date symlink: /home/diablo/diablo_ws/install/motion_msgs/share/motion_msgs/environment/path.dsv
[2.587s] -- Up-to-date symlink: /home/diablo/diablo_ws/install/motion_msgs/share/motion_msgs/local_setup.bash
[2.588s] -- Up-to-date symlink: /home/diablo/diablo_ws/install/motion_msgs/share/motion_msgs/local_setup.sh
[2.589s] -- Up-to-date symlink: /home/diablo/diablo_ws/install/motion_msgs/share/motion_msgs/local_setup.zsh
[2.590s] -- Up-to-date symlink: /home/diablo/diablo_ws/install/motion_msgs/share/motion_msgs/local_setup.dsv
[2.590s] -- Symlinking: /home/diablo/diablo_ws/install/motion_msgs/share/motion_msgs/package.dsv
[2.627s] -- Up-to-date symlink: /home/diablo/diablo_ws/install/motion_msgs/share/ament_index/resource_index/packages/motion_msgs
[2.628s] -- Up-to-date symlink: /home/diablo/diablo_ws/install/motion_msgs/share/motion_msgs/cmake/rosidl_cmake-extras.cmake
[2.629s] -- Up-to-date symlink: /home/diablo/diablo_ws/install/motion_msgs/share/motion_msgs/cmake/ament_cmake_export_dependencies-extras.cmake
[2.630s] -- Up-to-date symlink: /home/diablo/diablo_ws/install/motion_msgs/share/motion_msgs/cmake/ament_cmake_export_include_directories-extras.cmake
[2.631s] -- Up-to-date symlink: /home/diablo/diablo_ws/install/motion_msgs/share/motion_msgs/cmake/ament_cmake_export_libraries-extras.cmake
[2.633s] -- Up-to-date symlink: /home/diablo/diablo_ws/install/motion_msgs/share/motion_msgs/cmake/ament_cmake_export_targets-extras.cmake
[2.634s] -- Up-to-date symlink: /home/diablo/diablo_ws/install/motion_msgs/share/motion_msgs/cmake/rosidl_cmake_export_typesupport_targets-extras.cmake
[2.635s] -- Up-to-date symlink: /home/diablo/diablo_ws/install/motion_msgs/share/motion_msgs/cmake/rosidl_cmake_export_typesupport_libraries-extras.cmake
[2.636s] -- Up-to-date symlink: /home/diablo/diablo_ws/install/motion_msgs/share/motion_msgs/cmake/motion_msgsConfig.cmake
[2.637s] -- Up-to-date symlink: /home/diablo/diablo_ws/install/motion_msgs/share/motion_msgs/cmake/motion_msgsConfig-version.cmake
[2.638s] -- Up-to-date symlink: /home/diablo/diablo_ws/install/motion_msgs/share/motion_msgs/package.xml
[2.640s] -- Up-to-date: /home/diablo/diablo_ws/install/motion_msgs/lib/libmotion_msgs__rosidl_generator_c.so
[2.642s] -- Up-to-date: /home/diablo/diablo_ws/install/motion_msgs/lib/libmotion_msgs__rosidl_typesupport_fastrtps_c.so
[2.645s] -- Up-to-date: /home/diablo/diablo_ws/install/motion_msgs/lib/libmotion_msgs__rosidl_typesupport_introspection_c.so
[2.647s] -- Up-to-date: /home/diablo/diablo_ws/install/motion_msgs/lib/libmotion_msgs__rosidl_typesupport_c.so
[2.649s] -- Up-to-date: /home/diablo/diablo_ws/install/motion_msgs/lib/libmotion_msgs__rosidl_typesupport_fastrtps_cpp.so
[2.651s] -- Up-to-date: /home/diablo/diablo_ws/install/motion_msgs/lib/libmotion_msgs__rosidl_typesupport_introspection_cpp.so
[2.654s] -- Up-to-date: /home/diablo/diablo_ws/install/motion_msgs/lib/libmotion_msgs__rosidl_typesupport_cpp.so
[2.828s] Listing '/home/diablo/diablo_ws/install/motion_msgs/local/lib/python3.10/dist-packages/motion_msgs'...
[2.832s] Listing '/home/diablo/diablo_ws/install/motion_msgs/local/lib/python3.10/dist-packages/motion_msgs/msg'...
[2.857s] -- Up-to-date: /home/diablo/diablo_ws/install/motion_msgs/lib/libmotion_msgs__rosidl_generator_py.so
[2.859s] -- Up-to-date: /home/diablo/diablo_ws/install/motion_msgs/share/motion_msgs/cmake/export_motion_msgs__rosidl_generator_cExport.cmake
[2.860s] -- Up-to-date: /home/diablo/diablo_ws/install/motion_msgs/share/motion_msgs/cmake/export_motion_msgs__rosidl_generator_cExport-release.cmake
[2.861s] -- Up-to-date: /home/diablo/diablo_ws/install/motion_msgs/share/motion_msgs/cmake/export_motion_msgs__rosidl_typesupport_fastrtps_cExport.cmake
[2.862s] -- Up-to-date: /home/diablo/diablo_ws/install/motion_msgs/share/motion_msgs/cmake/export_motion_msgs__rosidl_typesupport_fastrtps_cExport-release.cmake
[2.863s] -- Up-to-date: /home/diablo/diablo_ws/install/motion_msgs/share/motion_msgs/cmake/motion_msgs__rosidl_typesupport_introspection_cExport.cmake
[2.866s] -- Up-to-date: /home/diablo/diablo_ws/install/motion_msgs/share/motion_msgs/cmake/motion_msgs__rosidl_typesupport_introspection_cExport-release.cmake
[2.867s] -- Up-to-date: /home/diablo/diablo_ws/install/motion_msgs/share/motion_msgs/cmake/motion_msgs__rosidl_typesupport_cExport.cmake
[2.868s] -- Up-to-date: /home/diablo/diablo_ws/install/motion_msgs/share/motion_msgs/cmake/motion_msgs__rosidl_typesupport_cExport-release.cmake
[2.869s] -- Up-to-date: /home/diablo/diablo_ws/install/motion_msgs/share/motion_msgs/cmake/export_motion_msgs__rosidl_generator_cppExport.cmake
[2.870s] -- Up-to-date: /home/diablo/diablo_ws/install/motion_msgs/share/motion_msgs/cmake/export_motion_msgs__rosidl_typesupport_fastrtps_cppExport.cmake
[2.871s] -- Up-to-date: /home/diablo/diablo_ws/install/motion_msgs/share/motion_msgs/cmake/export_motion_msgs__rosidl_typesupport_fastrtps_cppExport-release.cmake
[2.873s] -- Up-to-date: /home/diablo/diablo_ws/install/motion_msgs/share/motion_msgs/cmake/motion_msgs__rosidl_typesupport_introspection_cppExport.cmake
[2.874s] -- Up-to-date: /home/diablo/diablo_ws/install/motion_msgs/share/motion_msgs/cmake/motion_msgs__rosidl_typesupport_introspection_cppExport-release.cmake
[2.875s] -- Up-to-date: /home/diablo/diablo_ws/install/motion_msgs/share/motion_msgs/cmake/motion_msgs__rosidl_typesupport_cppExport.cmake
[2.876s] -- Up-to-date: /home/diablo/diablo_ws/install/motion_msgs/share/motion_msgs/cmake/motion_msgs__rosidl_typesupport_cppExport-release.cmake
[2.877s] -- Up-to-date: /home/diablo/diablo_ws/install/motion_msgs/share/motion_msgs/cmake/export_motion_msgs__rosidl_generator_pyExport.cmake
[2.878s] -- Up-to-date: /home/diablo/diablo_ws/install/motion_msgs/share/motion_msgs/cmake/export_motion_msgs__rosidl_generator_pyExport-release.cmake
[2.901s] Invoked command in '/home/diablo/diablo_ws/build/motion_msgs' returned '0': CMAKE_PREFIX_PATH=/opt/ros/humble /usr/bin/cmake --install /home/diablo/diablo_ws/build/motion_msgs
