[8.516s] Invoking command in '/home/diablo/diablo_ws/build/diablo_simulation': PYTHONPATH=/home/diablo/diablo_ws/build/diablo_simulation/prefix_override:/usr/lib/python3/dist-packages/colcon_core/task/python/colcon_distutils_commands:/home/diablo/diablo_ws/install/diablo_simulation/lib/python3.10/site-packages:${PYTHONPATH} /usr/bin/python3 -W ignore:setup.py install is deprecated -W ignore:easy_install command is deprecated setup.py develop --editable --build-directory /home/diablo/diablo_ws/build/diablo_simulation/build --no-deps symlink_data
[10.416s] running develop
[11.074s] running egg_info
[11.075s] creating diablo_simulation.egg-info
[11.077s] writing diablo_simulation.egg-info/PKG-INFO
[11.080s] writing dependency_links to diablo_simulation.egg-info/dependency_links.txt
[11.082s] writing entry points to diablo_simulation.egg-info/entry_points.txt
[11.085s] writing requirements to diablo_simulation.egg-info/requires.txt
[11.086s] writing top-level names to diablo_simulation.egg-info/top_level.txt
[11.088s] writing manifest file 'diablo_simulation.egg-info/SOURCES.txt'
[11.108s] reading manifest file 'diablo_simulation.egg-info/SOURCES.txt'
[11.124s] writing manifest file 'diablo_simulation.egg-info/SOURCES.txt'
[11.131s] running build_ext
[11.134s] Creating /home/diablo/diablo_ws/install/diablo_simulation/lib/python3.10/site-packages/diablo-simulation.egg-link (link to .)
[11.143s] 
[11.148s] Installed /home/diablo/diablo_ws/build/diablo_simulation
[11.149s] running symlink_data
[11.151s] creating /home/diablo/diablo_ws/install/diablo_simulation/share/ament_index
[11.152s] creating /home/diablo/diablo_ws/install/diablo_simulation/share/ament_index/resource_index
[11.153s] creating /home/diablo/diablo_ws/install/diablo_simulation/share/ament_index/resource_index/packages
[11.155s] symbolically linking /home/diablo/diablo_ws/build/diablo_simulation/resource/diablo_simulation -> /home/diablo/diablo_ws/install/diablo_simulation/share/ament_index/resource_index/packages
[11.157s] symbolically linking /home/diablo/diablo_ws/build/diablo_simulation/package.xml -> /home/diablo/diablo_ws/install/diablo_simulation/share/diablo_simulation
[11.168s] creating /home/diablo/diablo_ws/install/diablo_simulation/share/diablo_simulation/launch
[11.170s] symbolically linking /home/diablo/diablo_ws/build/diablo_simulation/launch/ctrl.launch.py -> /home/diablo/diablo_ws/install/diablo_simulation/share/diablo_simulation/launch
[11.172s] symbolically linking /home/diablo/diablo_ws/build/diablo_simulation/launch/display.launch.py -> /home/diablo/diablo_ws/install/diablo_simulation/share/diablo_simulation/launch
[11.174s] symbolically linking /home/diablo/diablo_ws/build/diablo_simulation/launch/gazebo.launch.py -> /home/diablo/diablo_ws/install/diablo_simulation/share/diablo_simulation/launch
[11.175s] creating /home/diablo/diablo_ws/install/diablo_simulation/share/diablo_simulation/urdf
[11.177s] symbolically linking /home/diablo/diablo_ws/build/diablo_simulation/urdf/diablo_simulation.urdf -> /home/diablo/diablo_ws/install/diablo_simulation/share/diablo_simulation/urdf
[11.179s] symbolically linking /home/diablo/diablo_ws/build/diablo_simulation/urdf/materials.xacro -> /home/diablo/diablo_ws/install/diablo_simulation/share/diablo_simulation/urdf
[11.180s] symbolically linking /home/diablo/diablo_ws/build/diablo_simulation/urdf/diablo_simulation.trans -> /home/diablo/diablo_ws/install/diablo_simulation/share/diablo_simulation/urdf
[11.182s] symbolically linking /home/diablo/diablo_ws/build/diablo_simulation/urdf/diablo_simulation.gazebo -> /home/diablo/diablo_ws/install/diablo_simulation/share/diablo_simulation/urdf
[11.184s] symbolically linking /home/diablo/diablo_ws/build/diablo_simulation/urdf/diablo_simulation.xacro -> /home/diablo/diablo_ws/install/diablo_simulation/share/diablo_simulation/urdf
[11.186s] creating /home/diablo/diablo_ws/install/diablo_simulation/share/diablo_simulation/meshes
[11.200s] symbolically linking /home/diablo/diablo_ws/build/diablo_simulation/meshes/leg2_right_link_1.stl -> /home/diablo/diablo_ws/install/diablo_simulation/share/diablo_simulation/meshes
[11.202s] symbolically linking /home/diablo/diablo_ws/build/diablo_simulation/meshes/leg2_left_link_1.stl -> /home/diablo/diablo_ws/install/diablo_simulation/share/diablo_simulation/meshes
[11.203s] symbolically linking /home/diablo/diablo_ws/build/diablo_simulation/meshes/wheel_left_link_1.stl -> /home/diablo/diablo_ws/install/diablo_simulation/share/diablo_simulation/meshes
[11.205s] symbolically linking /home/diablo/diablo_ws/build/diablo_simulation/meshes/motor_right_link_1.stl -> /home/diablo/diablo_ws/install/diablo_simulation/share/diablo_simulation/meshes
[11.207s] symbolically linking /home/diablo/diablo_ws/build/diablo_simulation/meshes/motor_left_link_1.stl -> /home/diablo/diablo_ws/install/diablo_simulation/share/diablo_simulation/meshes
[11.209s] symbolically linking /home/diablo/diablo_ws/build/diablo_simulation/meshes/leg_left_link_1.stl -> /home/diablo/diablo_ws/install/diablo_simulation/share/diablo_simulation/meshes
[11.212s] symbolically linking /home/diablo/diablo_ws/build/diablo_simulation/meshes/base_link.stl -> /home/diablo/diablo_ws/install/diablo_simulation/share/diablo_simulation/meshes
[11.214s] symbolically linking /home/diablo/diablo_ws/build/diablo_simulation/meshes/leg_right_link_1.stl -> /home/diablo/diablo_ws/install/diablo_simulation/share/diablo_simulation/meshes
[11.216s] symbolically linking /home/diablo/diablo_ws/build/diablo_simulation/meshes/wheel_right_link_1.stl -> /home/diablo/diablo_ws/install/diablo_simulation/share/diablo_simulation/meshes
[11.218s] creating /home/diablo/diablo_ws/install/diablo_simulation/share/diablo_simulation/config
[11.220s] symbolically linking /home/diablo/diablo_ws/build/diablo_simulation/config/ctrl.rviz -> /home/diablo/diablo_ws/install/diablo_simulation/share/diablo_simulation/config
[11.221s] symbolically linking /home/diablo/diablo_ws/build/diablo_simulation/config/display.rviz -> /home/diablo/diablo_ws/install/diablo_simulation/share/diablo_simulation/config
[11.456s] Invoked command in '/home/diablo/diablo_ws/build/diablo_simulation' returned '0': PYTHONPATH=/home/diablo/diablo_ws/build/diablo_simulation/prefix_override:/usr/lib/python3/dist-packages/colcon_core/task/python/colcon_distutils_commands:/home/diablo/diablo_ws/install/diablo_simulation/lib/python3.10/site-packages:${PYTHONPATH} /usr/bin/python3 -W ignore:setup.py install is deprecated -W ignore:easy_install command is deprecated setup.py develop --editable --build-directory /home/diablo/diablo_ws/build/diablo_simulation/build --no-deps symlink_data
