[0.096s] Invoking command in '/home/diablo/diablo_ws/build/ception_msgs': CMAKE_PREFIX_PATH=/opt/ros/humble /usr/bin/cmake /home/diablo/diablo_ws/src/diablo_ros2/diablo_interfaces/ception_msgs -DCMAKE_BUILD_TYPE=Release -DAMENT_CMAKE_SYMLINK_INSTALL=1 -DCMAKE_INSTALL_PREFIX=/home/diablo/diablo_ws/install/ception_msgs
[1.580s] -- The C compiler identification is GNU 11.4.0
[2.689s] -- The CXX compiler identification is GNU 11.4.0
[5.794s] -- Detecting C compiler ABI info
[6.399s] -- Detecting C compiler ABI info - done
[6.432s] -- Check for working C compiler: /usr/bin/cc - skipped
[6.434s] -- Detecting C compile features
[6.437s] -- Detecting C compile features - done
[6.454s] -- Detecting CXX compiler ABI info
[7.051s] -- Detecting CXX compiler ABI info - done
[7.085s] -- Check for working CXX compiler: /usr/bin/c++ - skipped
[7.086s] -- Detecting CXX compile features
[7.088s] -- Detecting CXX compile features - done
[7.111s] -- Found ament_cmake: 1.3.12 (/opt/ros/humble/share/ament_cmake/cmake)
[8.508s] -- Found Python3: /usr/bin/python3 (found version "3.10.12") found components: Interpreter 
[9.061s] -- Override CMake install command with custom implementation using symlinks instead of copying resources
[9.462s] -- Found rosidl_default_generators: 1.2.0 (/opt/ros/humble/share/rosidl_default_generators/cmake)
[9.484s] -- Using all available rosidl_typesupport_c: rosidl_typesupport_fastrtps_c;rosidl_typesupport_introspection_c
[9.584s] -- Found rosidl_adapter: 3.1.8 (/opt/ros/humble/share/rosidl_adapter/cmake)
[11.115s] -- Using all available rosidl_typesupport_cpp: rosidl_typesupport_fastrtps_cpp;rosidl_typesupport_introspection_cpp
[11.487s] -- Found std_msgs: 4.9.0 (/opt/ros/humble/share/std_msgs/cmake)
[15.745s] -- Found ament_cmake_ros: 0.10.0 (/opt/ros/humble/share/ament_cmake_ros/cmake)
[18.662s] -- Using all available rosidl_typesupport_c: rosidl_typesupport_fastrtps_c;rosidl_typesupport_introspection_c
[20.637s] -- Using all available rosidl_typesupport_cpp: rosidl_typesupport_fastrtps_cpp;rosidl_typesupport_introspection_cpp
[20.794s] -- Found PythonInterp: /usr/bin/python3 (found suitable version "3.10.12", minimum required is "3.6") 
[20.810s] -- Found python_cmake_module: 0.10.0 (/opt/ros/humble/share/python_cmake_module/cmake)
[20.987s] -- Found PythonLibs: /usr/lib/aarch64-linux-gnu/libpython3.10.so (found suitable version "3.10.12", minimum required is "3.5") 
[20.989s] -- Using PYTHON_EXECUTABLE: /usr/bin/python3
[20.990s] -- Using PYTHON_INCLUDE_DIRS: /usr/include/python3.10
[20.991s] -- Using PYTHON_LIBRARIES: /usr/lib/aarch64-linux-gnu/libpython3.10.so
[21.155s] -- Found PythonExtra: .so  
[21.760s] -- Configuring done
[22.014s] -- Generating done
[22.077s] -- Build files have been written to: /home/diablo/diablo_ws/build/ception_msgs
[22.118s] Invoked command in '/home/diablo/diablo_ws/build/ception_msgs' returned '0': CMAKE_PREFIX_PATH=/opt/ros/humble /usr/bin/cmake /home/diablo/diablo_ws/src/diablo_ros2/diablo_interfaces/ception_msgs -DCMAKE_BUILD_TYPE=Release -DAMENT_CMAKE_SYMLINK_INSTALL=1 -DCMAKE_INSTALL_PREFIX=/home/diablo/diablo_ws/install/ception_msgs
[22.132s] Invoking command in '/home/diablo/diablo_ws/build/ception_msgs': CMAKE_PREFIX_PATH=/opt/ros/humble /usr/bin/cmake --build /home/diablo/diablo_ws/build/ception_msgs -- -j4 -l4
[22.478s] [  3%] [34m[1mGenerating C code for ROS interfaces[0m
[22.595s] [  6%] [34m[1mGenerating C++ code for ROS interfaces[0m
[22.810s] [  6%] Built target ament_cmake_python_symlink_ception_msgs
[27.067s] [  6%] Built target ception_msgs__cpp
[27.223s] [  9%] [34m[1mGenerating C++ type support dispatch for ROS interfaces[0m
[27.224s] [ 12%] [34m[1mGenerating C++ type support for eProsima Fast-RTPS[0m
[27.224s] [ 16%] [32mBuilding C object CMakeFiles/ception_msgs__rosidl_generator_c.dir/rosidl_generator_c/ception_msgs/msg/detail/imu_euler__functions.c.o[0m
[27.570s] running egg_info
[27.577s] creating ception_msgs.egg-info
[27.579s] writing ception_msgs.egg-info/PKG-INFO
[27.582s] writing dependency_links to ception_msgs.egg-info/dependency_links.txt
[27.584s] writing top-level names to ception_msgs.egg-info/top_level.txt
[27.587s] writing manifest file 'ception_msgs.egg-info/SOURCES.txt'
[27.602s] reading manifest file 'ception_msgs.egg-info/SOURCES.txt'
[27.607s] writing manifest file 'ception_msgs.egg-info/SOURCES.txt'
[28.076s] [ 16%] Built target ament_cmake_python_build_ception_msgs_egg
[28.208s] [ 19%] [34m[1mGenerating C++ introspection for ROS interfaces[0m
[29.352s] [ 22%] [32m[1mLinking C shared library libception_msgs__rosidl_generator_c.so[0m
[30.076s] [ 22%] Built target ception_msgs__rosidl_generator_c
[30.310s] [ 25%] [34m[1mGenerating C type support for eProsima Fast-RTPS[0m
[30.632s] [ 29%] [32mBuilding CXX object CMakeFiles/ception_msgs__rosidl_typesupport_cpp.dir/rosidl_typesupport_cpp/ception_msgs/msg/imu_euler__type_support.cpp.o[0m
[31.382s] [ 32%] [32mBuilding CXX object CMakeFiles/ception_msgs__rosidl_typesupport_fastrtps_cpp.dir/rosidl_typesupport_fastrtps_cpp/ception_msgs/msg/detail/dds_fastrtps/imu_euler__type_support.cpp.o[0m
[31.791s] [ 35%] [32mBuilding CXX object CMakeFiles/ception_msgs__rosidl_typesupport_introspection_cpp.dir/rosidl_typesupport_introspection_cpp/ception_msgs/msg/detail/imu_euler__type_support.cpp.o[0m
[36.008s] [ 38%] [32mBuilding CXX object CMakeFiles/ception_msgs__rosidl_typesupport_fastrtps_c.dir/rosidl_typesupport_fastrtps_c/ception_msgs/msg/detail/imu_euler__type_support_c.cpp.o[0m
[36.411s] [ 41%] [32m[1mLinking CXX shared library libception_msgs__rosidl_typesupport_cpp.so[0m
[36.640s] [ 45%] [32m[1mLinking CXX shared library libception_msgs__rosidl_typesupport_fastrtps_cpp.so[0m
[36.681s] [ 48%] [32m[1mLinking CXX shared library libception_msgs__rosidl_typesupport_introspection_cpp.so[0m
[37.009s] [ 48%] Built target ception_msgs__rosidl_typesupport_cpp
[37.573s] [ 48%] Built target ception_msgs__rosidl_typesupport_introspection_cpp
[37.676s] [ 48%] Built target ception_msgs__rosidl_typesupport_fastrtps_cpp
[40.218s] [ 51%] [32m[1mLinking CXX shared library libception_msgs__rosidl_typesupport_fastrtps_c.so[0m
[41.000s] [ 51%] Built target ception_msgs__rosidl_typesupport_fastrtps_c
[41.163s] [ 54%] [34m[1mGenerating C type support dispatch for ROS interfaces[0m
[43.195s] [ 58%] [32mBuilding CXX object CMakeFiles/ception_msgs__rosidl_typesupport_c.dir/rosidl_typesupport_c/ception_msgs/msg/imu_euler__type_support.cpp.o[0m
[43.408s] [ 61%] [32m[1mLinking CXX shared library libception_msgs__rosidl_typesupport_c.so[0m
[43.639s] [ 61%] Built target ception_msgs__rosidl_typesupport_c
[43.698s] [ 64%] [34m[1mGenerating C introspection for ROS interfaces[0m
[45.348s] [ 67%] [32mBuilding C object CMakeFiles/ception_msgs__rosidl_typesupport_introspection_c.dir/rosidl_typesupport_introspection_c/ception_msgs/msg/detail/imu_euler__type_support.c.o[0m
[45.611s] [ 70%] [32m[1mLinking C shared library libception_msgs__rosidl_typesupport_introspection_c.so[0m
[45.803s] [ 70%] Built target ception_msgs__rosidl_typesupport_introspection_c
[45.908s] [ 70%] Built target ception_msgs
[46.025s] [ 74%] [34m[1mGenerating Python code for ROS interfaces[0m
[48.194s] [ 74%] Built target ception_msgs__py
[48.297s] [ 77%] [32mBuilding C object CMakeFiles/ception_msgs__rosidl_generator_py.dir/rosidl_generator_py/ception_msgs/msg/_imu_euler_s.c.o[0m
[49.237s] [ 80%] [32m[1mLinking C shared library rosidl_generator_py/ception_msgs/libception_msgs__rosidl_generator_py.so[0m
[49.497s] [ 80%] Built target ception_msgs__rosidl_generator_py
[49.603s] [ 83%] [32mBuilding C object CMakeFiles/ception_msgs__rosidl_typesupport_fastrtps_c__pyext.dir/rosidl_generator_py/ception_msgs/_ception_msgs_s.ep.rosidl_typesupport_fastrtps_c.c.o[0m
[50.476s] [ 87%] [32m[1mLinking C shared library rosidl_generator_py/ception_msgs/ception_msgs_s__rosidl_typesupport_fastrtps_c.cpython-310-aarch64-linux-gnu.so[0m
[50.765s] [ 87%] Built target ception_msgs__rosidl_typesupport_fastrtps_c__pyext
[50.896s] [ 90%] [32mBuilding C object CMakeFiles/ception_msgs__rosidl_typesupport_c__pyext.dir/rosidl_generator_py/ception_msgs/_ception_msgs_s.ep.rosidl_typesupport_c.c.o[0m
[51.784s] [ 93%] [32m[1mLinking C shared library rosidl_generator_py/ception_msgs/ception_msgs_s__rosidl_typesupport_c.cpython-310-aarch64-linux-gnu.so[0m
[52.031s] [ 93%] Built target ception_msgs__rosidl_typesupport_c__pyext
[52.140s] [ 96%] [32mBuilding C object CMakeFiles/ception_msgs__rosidl_typesupport_introspection_c__pyext.dir/rosidl_generator_py/ception_msgs/_ception_msgs_s.ep.rosidl_typesupport_introspection_c.c.o[0m
[52.965s] [100%] [32m[1mLinking C shared library rosidl_generator_py/ception_msgs/ception_msgs_s__rosidl_typesupport_introspection_c.cpython-310-aarch64-linux-gnu.so[0m
[53.227s] [100%] Built target ception_msgs__rosidl_typesupport_introspection_c__pyext
[53.288s] Invoked command in '/home/diablo/diablo_ws/build/ception_msgs' returned '0': CMAKE_PREFIX_PATH=/opt/ros/humble /usr/bin/cmake --build /home/diablo/diablo_ws/build/ception_msgs -- -j4 -l4
[53.342s] Invoking command in '/home/diablo/diablo_ws/build/ception_msgs': CMAKE_PREFIX_PATH=/opt/ros/humble /usr/bin/cmake --install /home/diablo/diablo_ws/build/ception_msgs
[53.395s] -- Install configuration: "Release"
[53.396s] -- Execute custom install script
[53.397s] -- Symlinking: /home/diablo/diablo_ws/install/ception_msgs/share/ament_index/resource_index/rosidl_interfaces/ception_msgs
[53.437s] -- Symlinking: /home/diablo/diablo_ws/install/ception_msgs/include/ception_msgs/ception_msgs/msg/detail/imu_euler__functions.h
[53.498s] -- Symlinking: /home/diablo/diablo_ws/install/ception_msgs/include/ception_msgs/ception_msgs/msg/detail/imu_euler__struct.h
[53.539s] -- Symlinking: /home/diablo/diablo_ws/install/ception_msgs/include/ception_msgs/ception_msgs/msg/detail/imu_euler__type_support.h
[53.580s] -- Symlinking: /home/diablo/diablo_ws/install/ception_msgs/include/ception_msgs/ception_msgs/msg/imu_euler.h
[53.622s] -- Symlinking: /home/diablo/diablo_ws/install/ception_msgs/include/ception_msgs/ception_msgs/msg/rosidl_generator_c__visibility_control.h
[53.663s] -- Symlinking: /home/diablo/diablo_ws/install/ception_msgs/share/ception_msgs/environment/library_path.sh
[53.706s] -- Symlinking: /home/diablo/diablo_ws/install/ception_msgs/share/ception_msgs/environment/library_path.dsv
[53.750s] -- Symlinking: /home/diablo/diablo_ws/install/ception_msgs/include/ception_msgs/ception_msgs/msg/detail/imu_euler__rosidl_typesupport_fastrtps_c.h
[53.793s] -- Symlinking: /home/diablo/diablo_ws/install/ception_msgs/include/ception_msgs/ception_msgs/msg/rosidl_typesupport_fastrtps_c__visibility_control.h
[53.847s] -- Symlinking: /home/diablo/diablo_ws/install/ception_msgs/include/ception_msgs/ception_msgs/msg/detail/imu_euler__rosidl_typesupport_introspection_c.h
[53.897s] -- Symlinking: /home/diablo/diablo_ws/install/ception_msgs/include/ception_msgs/ception_msgs/msg/rosidl_typesupport_introspection_c__visibility_control.h
[53.944s] -- Symlinking: /home/diablo/diablo_ws/install/ception_msgs/include/ception_msgs/ception_msgs/msg/detail/imu_euler__builder.hpp
[53.988s] -- Symlinking: /home/diablo/diablo_ws/install/ception_msgs/include/ception_msgs/ception_msgs/msg/detail/imu_euler__struct.hpp
[54.031s] -- Symlinking: /home/diablo/diablo_ws/install/ception_msgs/include/ception_msgs/ception_msgs/msg/detail/imu_euler__traits.hpp
[54.075s] -- Symlinking: /home/diablo/diablo_ws/install/ception_msgs/include/ception_msgs/ception_msgs/msg/detail/imu_euler__type_support.hpp
[54.123s] -- Symlinking: /home/diablo/diablo_ws/install/ception_msgs/include/ception_msgs/ception_msgs/msg/imu_euler.hpp
[54.167s] -- Symlinking: /home/diablo/diablo_ws/install/ception_msgs/include/ception_msgs/ception_msgs/msg/rosidl_generator_cpp__visibility_control.hpp
[54.215s] -- Symlinking: /home/diablo/diablo_ws/install/ception_msgs/include/ception_msgs/ception_msgs/msg/detail/imu_euler__rosidl_typesupport_fastrtps_cpp.hpp
[54.271s] -- Symlinking: /home/diablo/diablo_ws/install/ception_msgs/include/ception_msgs/ception_msgs/msg/rosidl_typesupport_fastrtps_cpp__visibility_control.h
[54.331s] -- Symlinking: /home/diablo/diablo_ws/install/ception_msgs/include/ception_msgs/ception_msgs/msg/detail/imu_euler__rosidl_typesupport_introspection_cpp.hpp
[54.384s] -- Symlinking: /home/diablo/diablo_ws/install/ception_msgs/share/ception_msgs/environment/pythonpath.sh
[54.439s] -- Symlinking: /home/diablo/diablo_ws/install/ception_msgs/share/ception_msgs/environment/pythonpath.dsv
[54.495s] -- Symlinking: /home/diablo/diablo_ws/install/ception_msgs/local/lib/python3.10/dist-packages/ception_msgs-1.0.0-py3.10.egg-info/PKG-INFO
[54.555s] -- Symlinking: /home/diablo/diablo_ws/install/ception_msgs/local/lib/python3.10/dist-packages/ception_msgs-1.0.0-py3.10.egg-info/SOURCES.txt
[54.637s] -- Symlinking: /home/diablo/diablo_ws/install/ception_msgs/local/lib/python3.10/dist-packages/ception_msgs-1.0.0-py3.10.egg-info/dependency_links.txt
[54.684s] -- Symlinking: /home/diablo/diablo_ws/install/ception_msgs/local/lib/python3.10/dist-packages/ception_msgs-1.0.0-py3.10.egg-info/top_level.txt
[54.742s] -- Symlinking: /home/diablo/diablo_ws/install/ception_msgs/local/lib/python3.10/dist-packages/ception_msgs/__init__.py
[54.786s] -- Symlinking: /home/diablo/diablo_ws/install/ception_msgs/local/lib/python3.10/dist-packages/ception_msgs/_ception_msgs_s.ep.rosidl_typesupport_c.c
[54.834s] -- Symlinking: /home/diablo/diablo_ws/install/ception_msgs/local/lib/python3.10/dist-packages/ception_msgs/_ception_msgs_s.ep.rosidl_typesupport_fastrtps_c.c
[54.878s] -- Symlinking: /home/diablo/diablo_ws/install/ception_msgs/local/lib/python3.10/dist-packages/ception_msgs/_ception_msgs_s.ep.rosidl_typesupport_introspection_c.c
[54.920s] -- Symlinking: /home/diablo/diablo_ws/install/ception_msgs/local/lib/python3.10/dist-packages/ception_msgs/ception_msgs_s__rosidl_typesupport_c.cpython-310-aarch64-linux-gnu.so
[54.971s] -- Symlinking: /home/diablo/diablo_ws/install/ception_msgs/local/lib/python3.10/dist-packages/ception_msgs/ception_msgs_s__rosidl_typesupport_fastrtps_c.cpython-310-aarch64-linux-gnu.so
[55.041s] -- Symlinking: /home/diablo/diablo_ws/install/ception_msgs/local/lib/python3.10/dist-packages/ception_msgs/ception_msgs_s__rosidl_typesupport_introspection_c.cpython-310-aarch64-linux-gnu.so
[55.105s] -- Symlinking: /home/diablo/diablo_ws/install/ception_msgs/local/lib/python3.10/dist-packages/ception_msgs/libception_msgs__rosidl_generator_py.so
[55.146s] -- Symlinking: /home/diablo/diablo_ws/install/ception_msgs/local/lib/python3.10/dist-packages/ception_msgs/msg/__init__.py
[55.186s] -- Symlinking: /home/diablo/diablo_ws/install/ception_msgs/local/lib/python3.10/dist-packages/ception_msgs/msg/_imu_euler.py
[55.227s] -- Symlinking: /home/diablo/diablo_ws/install/ception_msgs/local/lib/python3.10/dist-packages/ception_msgs/msg/_imu_euler_s.c
[55.275s] -- Up-to-date symlink: /home/diablo/diablo_ws/install/ception_msgs/local/lib/python3.10/dist-packages/ception_msgs/ception_msgs_s__rosidl_typesupport_fastrtps_c.cpython-310-aarch64-linux-gnu.so
[55.279s] -- Up-to-date symlink: /home/diablo/diablo_ws/install/ception_msgs/local/lib/python3.10/dist-packages/ception_msgs/ception_msgs_s__rosidl_typesupport_introspection_c.cpython-310-aarch64-linux-gnu.so
[55.284s] -- Up-to-date symlink: /home/diablo/diablo_ws/install/ception_msgs/local/lib/python3.10/dist-packages/ception_msgs/ception_msgs_s__rosidl_typesupport_c.cpython-310-aarch64-linux-gnu.so
[55.287s] -- Symlinking: /home/diablo/diablo_ws/install/ception_msgs/share/ception_msgs/msg/IMUEuler.idl
[55.337s] -- Symlinking: /home/diablo/diablo_ws/install/ception_msgs/share/ception_msgs/msg/IMUEuler.msg
[55.385s] -- Symlinking: /home/diablo/diablo_ws/install/ception_msgs/share/ament_index/resource_index/package_run_dependencies/ception_msgs
[55.428s] -- Symlinking: /home/diablo/diablo_ws/install/ception_msgs/share/ament_index/resource_index/parent_prefix_path/ception_msgs
[55.467s] -- Symlinking: /home/diablo/diablo_ws/install/ception_msgs/share/ception_msgs/environment/ament_prefix_path.sh
[55.509s] -- Symlinking: /home/diablo/diablo_ws/install/ception_msgs/share/ception_msgs/environment/ament_prefix_path.dsv
[55.553s] -- Symlinking: /home/diablo/diablo_ws/install/ception_msgs/share/ception_msgs/environment/path.sh
[55.597s] -- Symlinking: /home/diablo/diablo_ws/install/ception_msgs/share/ception_msgs/environment/path.dsv
[55.644s] -- Symlinking: /home/diablo/diablo_ws/install/ception_msgs/share/ception_msgs/local_setup.bash
[55.690s] -- Symlinking: /home/diablo/diablo_ws/install/ception_msgs/share/ception_msgs/local_setup.sh
[55.739s] -- Symlinking: /home/diablo/diablo_ws/install/ception_msgs/share/ception_msgs/local_setup.zsh
[55.784s] -- Symlinking: /home/diablo/diablo_ws/install/ception_msgs/share/ception_msgs/local_setup.dsv
[55.831s] -- Symlinking: /home/diablo/diablo_ws/install/ception_msgs/share/ception_msgs/package.dsv
[55.879s] -- Symlinking: /home/diablo/diablo_ws/install/ception_msgs/share/ament_index/resource_index/packages/ception_msgs
[55.928s] -- Symlinking: /home/diablo/diablo_ws/install/ception_msgs/share/ception_msgs/cmake/rosidl_cmake-extras.cmake
[55.970s] -- Symlinking: /home/diablo/diablo_ws/install/ception_msgs/share/ception_msgs/cmake/ament_cmake_export_dependencies-extras.cmake
[56.023s] -- Symlinking: /home/diablo/diablo_ws/install/ception_msgs/share/ception_msgs/cmake/ament_cmake_export_include_directories-extras.cmake
[56.089s] -- Symlinking: /home/diablo/diablo_ws/install/ception_msgs/share/ception_msgs/cmake/ament_cmake_export_libraries-extras.cmake
[56.136s] -- Symlinking: /home/diablo/diablo_ws/install/ception_msgs/share/ception_msgs/cmake/ament_cmake_export_targets-extras.cmake
[56.187s] -- Symlinking: /home/diablo/diablo_ws/install/ception_msgs/share/ception_msgs/cmake/rosidl_cmake_export_typesupport_targets-extras.cmake
[56.234s] -- Symlinking: /home/diablo/diablo_ws/install/ception_msgs/share/ception_msgs/cmake/rosidl_cmake_export_typesupport_libraries-extras.cmake
[56.281s] -- Symlinking: /home/diablo/diablo_ws/install/ception_msgs/share/ception_msgs/cmake/ception_msgsConfig.cmake
[56.327s] -- Symlinking: /home/diablo/diablo_ws/install/ception_msgs/share/ception_msgs/cmake/ception_msgsConfig-version.cmake
[56.377s] -- Symlinking: /home/diablo/diablo_ws/install/ception_msgs/share/ception_msgs/package.xml
[56.424s] -- Installing: /home/diablo/diablo_ws/install/ception_msgs/lib/libception_msgs__rosidl_generator_c.so
[56.430s] -- Set runtime path of "/home/diablo/diablo_ws/install/ception_msgs/lib/libception_msgs__rosidl_generator_c.so" to ""
[56.432s] -- Installing: /home/diablo/diablo_ws/install/ception_msgs/lib/libception_msgs__rosidl_typesupport_fastrtps_c.so
[56.437s] -- Set runtime path of "/home/diablo/diablo_ws/install/ception_msgs/lib/libception_msgs__rosidl_typesupport_fastrtps_c.so" to ""
[56.440s] -- Installing: /home/diablo/diablo_ws/install/ception_msgs/lib/libception_msgs__rosidl_typesupport_introspection_c.so
[56.445s] -- Set runtime path of "/home/diablo/diablo_ws/install/ception_msgs/lib/libception_msgs__rosidl_typesupport_introspection_c.so" to ""
[56.449s] -- Installing: /home/diablo/diablo_ws/install/ception_msgs/lib/libception_msgs__rosidl_typesupport_c.so
[56.455s] -- Set runtime path of "/home/diablo/diablo_ws/install/ception_msgs/lib/libception_msgs__rosidl_typesupport_c.so" to ""
[56.457s] -- Installing: /home/diablo/diablo_ws/install/ception_msgs/lib/libception_msgs__rosidl_typesupport_fastrtps_cpp.so
[56.462s] -- Set runtime path of "/home/diablo/diablo_ws/install/ception_msgs/lib/libception_msgs__rosidl_typesupport_fastrtps_cpp.so" to ""
[56.464s] -- Installing: /home/diablo/diablo_ws/install/ception_msgs/lib/libception_msgs__rosidl_typesupport_introspection_cpp.so
[56.470s] -- Set runtime path of "/home/diablo/diablo_ws/install/ception_msgs/lib/libception_msgs__rosidl_typesupport_introspection_cpp.so" to ""
[56.472s] -- Installing: /home/diablo/diablo_ws/install/ception_msgs/lib/libception_msgs__rosidl_typesupport_cpp.so
[56.476s] -- Set runtime path of "/home/diablo/diablo_ws/install/ception_msgs/lib/libception_msgs__rosidl_typesupport_cpp.so" to ""
[56.759s] Listing '/home/diablo/diablo_ws/install/ception_msgs/local/lib/python3.10/dist-packages/ception_msgs'...
[56.761s] Compiling '/home/diablo/diablo_ws/install/ception_msgs/local/lib/python3.10/dist-packages/ception_msgs/__init__.py'...
[56.762s] Listing '/home/diablo/diablo_ws/install/ception_msgs/local/lib/python3.10/dist-packages/ception_msgs/msg'...
[56.763s] Compiling '/home/diablo/diablo_ws/install/ception_msgs/local/lib/python3.10/dist-packages/ception_msgs/msg/__init__.py'...
[56.763s] Compiling '/home/diablo/diablo_ws/install/ception_msgs/local/lib/python3.10/dist-packages/ception_msgs/msg/_imu_euler.py'...
[56.808s] -- Installing: /home/diablo/diablo_ws/install/ception_msgs/lib/libception_msgs__rosidl_generator_py.so
[56.815s] -- Set runtime path of "/home/diablo/diablo_ws/install/ception_msgs/lib/libception_msgs__rosidl_generator_py.so" to ""
[56.817s] -- Installing: /home/diablo/diablo_ws/install/ception_msgs/share/ception_msgs/cmake/export_ception_msgs__rosidl_generator_cExport.cmake
[56.823s] -- Installing: /home/diablo/diablo_ws/install/ception_msgs/share/ception_msgs/cmake/export_ception_msgs__rosidl_generator_cExport-release.cmake
[56.827s] -- Installing: /home/diablo/diablo_ws/install/ception_msgs/share/ception_msgs/cmake/export_ception_msgs__rosidl_typesupport_fastrtps_cExport.cmake
[56.831s] -- Installing: /home/diablo/diablo_ws/install/ception_msgs/share/ception_msgs/cmake/export_ception_msgs__rosidl_typesupport_fastrtps_cExport-release.cmake
[56.836s] -- Installing: /home/diablo/diablo_ws/install/ception_msgs/share/ception_msgs/cmake/ception_msgs__rosidl_typesupport_introspection_cExport.cmake
[56.840s] -- Installing: /home/diablo/diablo_ws/install/ception_msgs/share/ception_msgs/cmake/ception_msgs__rosidl_typesupport_introspection_cExport-release.cmake
[56.844s] -- Installing: /home/diablo/diablo_ws/install/ception_msgs/share/ception_msgs/cmake/ception_msgs__rosidl_typesupport_cExport.cmake
[56.849s] -- Installing: /home/diablo/diablo_ws/install/ception_msgs/share/ception_msgs/cmake/ception_msgs__rosidl_typesupport_cExport-release.cmake
[56.853s] -- Installing: /home/diablo/diablo_ws/install/ception_msgs/share/ception_msgs/cmake/export_ception_msgs__rosidl_generator_cppExport.cmake
[56.857s] -- Installing: /home/diablo/diablo_ws/install/ception_msgs/share/ception_msgs/cmake/export_ception_msgs__rosidl_typesupport_fastrtps_cppExport.cmake
[56.863s] -- Installing: /home/diablo/diablo_ws/install/ception_msgs/share/ception_msgs/cmake/export_ception_msgs__rosidl_typesupport_fastrtps_cppExport-release.cmake
[56.867s] -- Installing: /home/diablo/diablo_ws/install/ception_msgs/share/ception_msgs/cmake/ception_msgs__rosidl_typesupport_introspection_cppExport.cmake
[56.871s] -- Installing: /home/diablo/diablo_ws/install/ception_msgs/share/ception_msgs/cmake/ception_msgs__rosidl_typesupport_introspection_cppExport-release.cmake
[56.875s] -- Installing: /home/diablo/diablo_ws/install/ception_msgs/share/ception_msgs/cmake/ception_msgs__rosidl_typesupport_cppExport.cmake
[56.880s] -- Installing: /home/diablo/diablo_ws/install/ception_msgs/share/ception_msgs/cmake/ception_msgs__rosidl_typesupport_cppExport-release.cmake
[56.884s] -- Installing: /home/diablo/diablo_ws/install/ception_msgs/share/ception_msgs/cmake/export_ception_msgs__rosidl_generator_pyExport.cmake
[56.889s] -- Installing: /home/diablo/diablo_ws/install/ception_msgs/share/ception_msgs/cmake/export_ception_msgs__rosidl_generator_pyExport-release.cmake
[56.907s] Invoked command in '/home/diablo/diablo_ws/build/ception_msgs' returned '0': CMAKE_PREFIX_PATH=/opt/ros/humble /usr/bin/cmake --install /home/diablo/diablo_ws/build/ception_msgs
