[0.058s] Invoking command in '/home/diablo/diablo_ws/build/ception_msgs': CMAKE_PREFIX_PATH=/opt/ros/humble /usr/bin/cmake --build /home/diablo/diablo_ws/build/ception_msgs -- -j4 -l4
[0.351s] [  9%] Built target ception_msgs__rosidl_generator_c
[0.389s] [ 12%] Built target ception_msgs__cpp
[0.415s] [ 12%] Built target ament_cmake_python_symlink_ception_msgs
[0.573s] [ 22%] Built target ception_msgs__rosidl_typesupport_fastrtps_cpp
[0.595s] [ 32%] Built target ception_msgs__rosidl_typesupport_introspection_c
[0.607s] [ 41%] Built target ception_msgs__rosidl_typesupport_fastrtps_c
[0.625s] [ 51%] Built target ception_msgs__rosidl_typesupport_c
[0.767s] [ 61%] Built target ception_msgs__rosidl_typesupport_cpp
[0.772s] [ 70%] Built target ception_msgs__rosidl_typesupport_introspection_cpp
[0.906s] [ 70%] Built target ception_msgs
[1.031s] [ 74%] Built target ception_msgs__py
[1.162s] [ 80%] Built target ception_msgs__rosidl_generator_py
[1.402s] [ 87%] Built target ception_msgs__rosidl_typesupport_introspection_c__pyext
[1.420s] [100%] Built target ception_msgs__rosidl_typesupport_c__pyext
[1.426s] [100%] Built target ception_msgs__rosidl_typesupport_fastrtps_c__pyext
[2.039s] running egg_info
[2.043s] writing ception_msgs.egg-info/PKG-INFO
[2.044s] writing dependency_links to ception_msgs.egg-info/dependency_links.txt
[2.045s] writing top-level names to ception_msgs.egg-info/top_level.txt
[2.056s] reading manifest file 'ception_msgs.egg-info/SOURCES.txt'
[2.060s] writing manifest file 'ception_msgs.egg-info/SOURCES.txt'
[2.248s] [100%] Built target ament_cmake_python_build_ception_msgs_egg
[2.294s] Invoked command in '/home/diablo/diablo_ws/build/ception_msgs' returned '0': CMAKE_PREFIX_PATH=/opt/ros/humble /usr/bin/cmake --build /home/diablo/diablo_ws/build/ception_msgs -- -j4 -l4
[2.337s] Invoking command in '/home/diablo/diablo_ws/build/ception_msgs': CMAKE_PREFIX_PATH=/opt/ros/humble /usr/bin/cmake --install /home/diablo/diablo_ws/build/ception_msgs
[2.367s] -- Install configuration: "Release"
[2.369s] -- Execute custom install script
[2.371s] -- Up-to-date symlink: /home/diablo/diablo_ws/install/ception_msgs/share/ament_index/resource_index/rosidl_interfaces/ception_msgs
[2.374s] -- Up-to-date symlink: /home/diablo/diablo_ws/install/ception_msgs/include/ception_msgs/ception_msgs/msg/detail/imu_euler__functions.h
[2.375s] -- Up-to-date symlink: /home/diablo/diablo_ws/install/ception_msgs/include/ception_msgs/ception_msgs/msg/detail/imu_euler__struct.h
[2.376s] -- Up-to-date symlink: /home/diablo/diablo_ws/install/ception_msgs/include/ception_msgs/ception_msgs/msg/detail/imu_euler__type_support.h
[2.377s] -- Up-to-date symlink: /home/diablo/diablo_ws/install/ception_msgs/include/ception_msgs/ception_msgs/msg/imu_euler.h
[2.378s] -- Up-to-date symlink: /home/diablo/diablo_ws/install/ception_msgs/include/ception_msgs/ception_msgs/msg/rosidl_generator_c__visibility_control.h
[2.379s] -- Up-to-date symlink: /home/diablo/diablo_ws/install/ception_msgs/share/ception_msgs/environment/library_path.sh
[2.380s] -- Up-to-date symlink: /home/diablo/diablo_ws/install/ception_msgs/share/ception_msgs/environment/library_path.dsv
[2.383s] -- Up-to-date symlink: /home/diablo/diablo_ws/install/ception_msgs/include/ception_msgs/ception_msgs/msg/detail/imu_euler__rosidl_typesupport_fastrtps_c.h
[2.385s] -- Up-to-date symlink: /home/diablo/diablo_ws/install/ception_msgs/include/ception_msgs/ception_msgs/msg/rosidl_typesupport_fastrtps_c__visibility_control.h
[2.386s] -- Up-to-date symlink: /home/diablo/diablo_ws/install/ception_msgs/include/ception_msgs/ception_msgs/msg/detail/imu_euler__rosidl_typesupport_introspection_c.h
[2.388s] -- Up-to-date symlink: /home/diablo/diablo_ws/install/ception_msgs/include/ception_msgs/ception_msgs/msg/rosidl_typesupport_introspection_c__visibility_control.h
[2.390s] -- Up-to-date symlink: /home/diablo/diablo_ws/install/ception_msgs/include/ception_msgs/ception_msgs/msg/detail/imu_euler__builder.hpp
[2.391s] -- Up-to-date symlink: /home/diablo/diablo_ws/install/ception_msgs/include/ception_msgs/ception_msgs/msg/detail/imu_euler__struct.hpp
[2.392s] -- Up-to-date symlink: /home/diablo/diablo_ws/install/ception_msgs/include/ception_msgs/ception_msgs/msg/detail/imu_euler__traits.hpp
[2.395s] -- Up-to-date symlink: /home/diablo/diablo_ws/install/ception_msgs/include/ception_msgs/ception_msgs/msg/detail/imu_euler__type_support.hpp
[2.396s] -- Up-to-date symlink: /home/diablo/diablo_ws/install/ception_msgs/include/ception_msgs/ception_msgs/msg/imu_euler.hpp
[2.398s] -- Up-to-date symlink: /home/diablo/diablo_ws/install/ception_msgs/include/ception_msgs/ception_msgs/msg/rosidl_generator_cpp__visibility_control.hpp
[2.402s] -- Up-to-date symlink: /home/diablo/diablo_ws/install/ception_msgs/include/ception_msgs/ception_msgs/msg/detail/imu_euler__rosidl_typesupport_fastrtps_cpp.hpp
[2.405s] -- Up-to-date symlink: /home/diablo/diablo_ws/install/ception_msgs/include/ception_msgs/ception_msgs/msg/rosidl_typesupport_fastrtps_cpp__visibility_control.h
[2.407s] -- Up-to-date symlink: /home/diablo/diablo_ws/install/ception_msgs/include/ception_msgs/ception_msgs/msg/detail/imu_euler__rosidl_typesupport_introspection_cpp.hpp
[2.408s] -- Up-to-date symlink: /home/diablo/diablo_ws/install/ception_msgs/share/ception_msgs/environment/pythonpath.sh
[2.410s] -- Up-to-date symlink: /home/diablo/diablo_ws/install/ception_msgs/share/ception_msgs/environment/pythonpath.dsv
[2.412s] -- Up-to-date symlink: /home/diablo/diablo_ws/install/ception_msgs/local/lib/python3.10/dist-packages/ception_msgs-1.0.0-py3.10.egg-info/PKG-INFO
[2.413s] -- Up-to-date symlink: /home/diablo/diablo_ws/install/ception_msgs/local/lib/python3.10/dist-packages/ception_msgs-1.0.0-py3.10.egg-info/SOURCES.txt
[2.413s] -- Up-to-date symlink: /home/diablo/diablo_ws/install/ception_msgs/local/lib/python3.10/dist-packages/ception_msgs-1.0.0-py3.10.egg-info/dependency_links.txt
[2.415s] -- Up-to-date symlink: /home/diablo/diablo_ws/install/ception_msgs/local/lib/python3.10/dist-packages/ception_msgs-1.0.0-py3.10.egg-info/top_level.txt
[2.419s] -- Up-to-date symlink: /home/diablo/diablo_ws/install/ception_msgs/local/lib/python3.10/dist-packages/ception_msgs/__init__.py
[2.420s] -- Up-to-date symlink: /home/diablo/diablo_ws/install/ception_msgs/local/lib/python3.10/dist-packages/ception_msgs/_ception_msgs_s.ep.rosidl_typesupport_c.c
[2.421s] -- Up-to-date symlink: /home/diablo/diablo_ws/install/ception_msgs/local/lib/python3.10/dist-packages/ception_msgs/_ception_msgs_s.ep.rosidl_typesupport_fastrtps_c.c
[2.421s] -- Up-to-date symlink: /home/diablo/diablo_ws/install/ception_msgs/local/lib/python3.10/dist-packages/ception_msgs/_ception_msgs_s.ep.rosidl_typesupport_introspection_c.c
[2.422s] -- Up-to-date symlink: /home/diablo/diablo_ws/install/ception_msgs/local/lib/python3.10/dist-packages/ception_msgs/ception_msgs_s__rosidl_typesupport_c.cpython-310-aarch64-linux-gnu.so
[2.422s] -- Up-to-date symlink: /home/diablo/diablo_ws/install/ception_msgs/local/lib/python3.10/dist-packages/ception_msgs/ception_msgs_s__rosidl_typesupport_fastrtps_c.cpython-310-aarch64-linux-gnu.so
[2.423s] -- Up-to-date symlink: /home/diablo/diablo_ws/install/ception_msgs/local/lib/python3.10/dist-packages/ception_msgs/ception_msgs_s__rosidl_typesupport_introspection_c.cpython-310-aarch64-linux-gnu.so
[2.423s] -- Up-to-date symlink: /home/diablo/diablo_ws/install/ception_msgs/local/lib/python3.10/dist-packages/ception_msgs/libception_msgs__rosidl_generator_py.so
[2.425s] -- Up-to-date symlink: /home/diablo/diablo_ws/install/ception_msgs/local/lib/python3.10/dist-packages/ception_msgs/msg/__init__.py
[2.426s] -- Up-to-date symlink: /home/diablo/diablo_ws/install/ception_msgs/local/lib/python3.10/dist-packages/ception_msgs/msg/_imu_euler.py
[2.427s] -- Up-to-date symlink: /home/diablo/diablo_ws/install/ception_msgs/local/lib/python3.10/dist-packages/ception_msgs/msg/_imu_euler_s.c
[2.428s] -- Up-to-date symlink: /home/diablo/diablo_ws/install/ception_msgs/local/lib/python3.10/dist-packages/ception_msgs/ception_msgs_s__rosidl_typesupport_fastrtps_c.cpython-310-aarch64-linux-gnu.so
[2.430s] -- Up-to-date symlink: /home/diablo/diablo_ws/install/ception_msgs/local/lib/python3.10/dist-packages/ception_msgs/ception_msgs_s__rosidl_typesupport_introspection_c.cpython-310-aarch64-linux-gnu.so
[2.431s] -- Up-to-date symlink: /home/diablo/diablo_ws/install/ception_msgs/local/lib/python3.10/dist-packages/ception_msgs/ception_msgs_s__rosidl_typesupport_c.cpython-310-aarch64-linux-gnu.so
[2.431s] -- Up-to-date symlink: /home/diablo/diablo_ws/install/ception_msgs/share/ception_msgs/msg/IMUEuler.idl
[2.432s] -- Up-to-date symlink: /home/diablo/diablo_ws/install/ception_msgs/share/ception_msgs/msg/IMUEuler.msg
[2.434s] -- Up-to-date symlink: /home/diablo/diablo_ws/install/ception_msgs/share/ament_index/resource_index/package_run_dependencies/ception_msgs
[2.435s] -- Up-to-date symlink: /home/diablo/diablo_ws/install/ception_msgs/share/ament_index/resource_index/parent_prefix_path/ception_msgs
[2.436s] -- Up-to-date symlink: /home/diablo/diablo_ws/install/ception_msgs/share/ception_msgs/environment/ament_prefix_path.sh
[2.437s] -- Up-to-date symlink: /home/diablo/diablo_ws/install/ception_msgs/share/ception_msgs/environment/ament_prefix_path.dsv
[2.438s] -- Up-to-date symlink: /home/diablo/diablo_ws/install/ception_msgs/share/ception_msgs/environment/path.sh
[2.439s] -- Up-to-date symlink: /home/diablo/diablo_ws/install/ception_msgs/share/ception_msgs/environment/path.dsv
[2.439s] -- Up-to-date symlink: /home/diablo/diablo_ws/install/ception_msgs/share/ception_msgs/local_setup.bash
[2.440s] -- Up-to-date symlink: /home/diablo/diablo_ws/install/ception_msgs/share/ception_msgs/local_setup.sh
[2.440s] -- Up-to-date symlink: /home/diablo/diablo_ws/install/ception_msgs/share/ception_msgs/local_setup.zsh
[2.442s] -- Up-to-date symlink: /home/diablo/diablo_ws/install/ception_msgs/share/ception_msgs/local_setup.dsv
[2.443s] -- Symlinking: /home/diablo/diablo_ws/install/ception_msgs/share/ception_msgs/package.dsv
[2.477s] -- Up-to-date symlink: /home/diablo/diablo_ws/install/ception_msgs/share/ament_index/resource_index/packages/ception_msgs
[2.478s] -- Up-to-date symlink: /home/diablo/diablo_ws/install/ception_msgs/share/ception_msgs/cmake/rosidl_cmake-extras.cmake
[2.479s] -- Up-to-date symlink: /home/diablo/diablo_ws/install/ception_msgs/share/ception_msgs/cmake/ament_cmake_export_dependencies-extras.cmake
[2.480s] -- Up-to-date symlink: /home/diablo/diablo_ws/install/ception_msgs/share/ception_msgs/cmake/ament_cmake_export_include_directories-extras.cmake
[2.481s] -- Up-to-date symlink: /home/diablo/diablo_ws/install/ception_msgs/share/ception_msgs/cmake/ament_cmake_export_libraries-extras.cmake
[2.481s] -- Up-to-date symlink: /home/diablo/diablo_ws/install/ception_msgs/share/ception_msgs/cmake/ament_cmake_export_targets-extras.cmake
[2.482s] -- Up-to-date symlink: /home/diablo/diablo_ws/install/ception_msgs/share/ception_msgs/cmake/rosidl_cmake_export_typesupport_targets-extras.cmake
[2.483s] -- Up-to-date symlink: /home/diablo/diablo_ws/install/ception_msgs/share/ception_msgs/cmake/rosidl_cmake_export_typesupport_libraries-extras.cmake
[2.484s] -- Up-to-date symlink: /home/diablo/diablo_ws/install/ception_msgs/share/ception_msgs/cmake/ception_msgsConfig.cmake
[2.485s] -- Up-to-date symlink: /home/diablo/diablo_ws/install/ception_msgs/share/ception_msgs/cmake/ception_msgsConfig-version.cmake
[2.486s] -- Up-to-date symlink: /home/diablo/diablo_ws/install/ception_msgs/share/ception_msgs/package.xml
[2.489s] -- Up-to-date: /home/diablo/diablo_ws/install/ception_msgs/lib/libception_msgs__rosidl_generator_c.so
[2.490s] -- Up-to-date: /home/diablo/diablo_ws/install/ception_msgs/lib/libception_msgs__rosidl_typesupport_fastrtps_c.so
[2.492s] -- Up-to-date: /home/diablo/diablo_ws/install/ception_msgs/lib/libception_msgs__rosidl_typesupport_introspection_c.so
[2.495s] -- Up-to-date: /home/diablo/diablo_ws/install/ception_msgs/lib/libception_msgs__rosidl_typesupport_c.so
[2.497s] -- Up-to-date: /home/diablo/diablo_ws/install/ception_msgs/lib/libception_msgs__rosidl_typesupport_fastrtps_cpp.so
[2.499s] -- Up-to-date: /home/diablo/diablo_ws/install/ception_msgs/lib/libception_msgs__rosidl_typesupport_introspection_cpp.so
[2.501s] -- Up-to-date: /home/diablo/diablo_ws/install/ception_msgs/lib/libception_msgs__rosidl_typesupport_cpp.so
[2.679s] Listing '/home/diablo/diablo_ws/install/ception_msgs/local/lib/python3.10/dist-packages/ception_msgs'...
[2.681s] Listing '/home/diablo/diablo_ws/install/ception_msgs/local/lib/python3.10/dist-packages/ception_msgs/msg'...
[2.710s] -- Up-to-date: /home/diablo/diablo_ws/install/ception_msgs/lib/libception_msgs__rosidl_generator_py.so
[2.711s] -- Up-to-date: /home/diablo/diablo_ws/install/ception_msgs/share/ception_msgs/cmake/export_ception_msgs__rosidl_generator_cExport.cmake
[2.712s] -- Up-to-date: /home/diablo/diablo_ws/install/ception_msgs/share/ception_msgs/cmake/export_ception_msgs__rosidl_generator_cExport-release.cmake
[2.713s] -- Up-to-date: /home/diablo/diablo_ws/install/ception_msgs/share/ception_msgs/cmake/export_ception_msgs__rosidl_typesupport_fastrtps_cExport.cmake
[2.714s] -- Up-to-date: /home/diablo/diablo_ws/install/ception_msgs/share/ception_msgs/cmake/export_ception_msgs__rosidl_typesupport_fastrtps_cExport-release.cmake
[2.715s] -- Up-to-date: /home/diablo/diablo_ws/install/ception_msgs/share/ception_msgs/cmake/ception_msgs__rosidl_typesupport_introspection_cExport.cmake
[2.715s] -- Up-to-date: /home/diablo/diablo_ws/install/ception_msgs/share/ception_msgs/cmake/ception_msgs__rosidl_typesupport_introspection_cExport-release.cmake
[2.716s] -- Up-to-date: /home/diablo/diablo_ws/install/ception_msgs/share/ception_msgs/cmake/ception_msgs__rosidl_typesupport_cExport.cmake
[2.718s] -- Up-to-date: /home/diablo/diablo_ws/install/ception_msgs/share/ception_msgs/cmake/ception_msgs__rosidl_typesupport_cExport-release.cmake
[2.719s] -- Up-to-date: /home/diablo/diablo_ws/install/ception_msgs/share/ception_msgs/cmake/export_ception_msgs__rosidl_generator_cppExport.cmake
[2.719s] -- Up-to-date: /home/diablo/diablo_ws/install/ception_msgs/share/ception_msgs/cmake/export_ception_msgs__rosidl_typesupport_fastrtps_cppExport.cmake
[2.719s] -- Up-to-date: /home/diablo/diablo_ws/install/ception_msgs/share/ception_msgs/cmake/export_ception_msgs__rosidl_typesupport_fastrtps_cppExport-release.cmake
[2.720s] -- Up-to-date: /home/diablo/diablo_ws/install/ception_msgs/share/ception_msgs/cmake/ception_msgs__rosidl_typesupport_introspection_cppExport.cmake
[2.721s] -- Up-to-date: /home/diablo/diablo_ws/install/ception_msgs/share/ception_msgs/cmake/ception_msgs__rosidl_typesupport_introspection_cppExport-release.cmake
[2.722s] -- Up-to-date: /home/diablo/diablo_ws/install/ception_msgs/share/ception_msgs/cmake/ception_msgs__rosidl_typesupport_cppExport.cmake
[2.722s] -- Up-to-date: /home/diablo/diablo_ws/install/ception_msgs/share/ception_msgs/cmake/ception_msgs__rosidl_typesupport_cppExport-release.cmake
[2.723s] -- Up-to-date: /home/diablo/diablo_ws/install/ception_msgs/share/ception_msgs/cmake/export_ception_msgs__rosidl_generator_pyExport.cmake
[2.724s] -- Up-to-date: /home/diablo/diablo_ws/install/ception_msgs/share/ception_msgs/cmake/export_ception_msgs__rosidl_generator_pyExport-release.cmake
[2.732s] Invoked command in '/home/diablo/diablo_ws/build/ception_msgs' returned '0': CMAKE_PREFIX_PATH=/opt/ros/humble /usr/bin/cmake --install /home/diablo/diablo_ws/build/ception_msgs
