[ 20%] [32mBuilding CXX object CMakeFiles/diablo_body_core.dir/src/diablo_imu.cpp.o[0m
[ 40%] [32mBuilding CXX object CMakeFiles/diablo_body_core.dir/src/diablo_battery.cpp.o[0m
[ 60%] [32mBuilding CXX object CMakeFiles/diablo_body_core.dir/src/diablo_legmotors.cpp.o[0m
[ 80%] [32mBuilding CXX object CMakeFiles/diablo_body_core.dir/src/diablo_body_state.cpp.o[0m
[100%] [32m[1mLinking CXX shared library libdiablo_body_core.so[0m
[100%] Built target diablo_body_core
-- Install configuration: ""
-- Execute custom install script
-- Symlinking: /home/diablo/diablo_ws/install/diablo_body/include//diablo_battery.hpp
-- Symlinking: /home/diablo/diablo_ws/install/diablo_body/include//diablo_body_state.hpp
-- Symlinking: /home/diablo/diablo_ws/install/diablo_body/include//diablo_imu.hpp
-- Symlinking: /home/diablo/diablo_ws/install/diablo_body/include//diablo_legmotors.hpp
-- Symlinking: /home/diablo/diablo_ws/install/diablo_body/lib/libdiablo_body_core.so
-- Symlinking: /home/diablo/diablo_ws/install/diablo_body/share/diablo_body/environment/library_path.sh
-- Symlinking: /home/diablo/diablo_ws/install/diablo_body/share/diablo_body/environment/library_path.dsv
-- Symlinking: /home/diablo/diablo_ws/install/diablo_body/share/ament_index/resource_index/package_run_dependencies/diablo_body
-- Symlinking: /home/diablo/diablo_ws/install/diablo_body/share/ament_index/resource_index/parent_prefix_path/diablo_body
-- Symlinking: /home/diablo/diablo_ws/install/diablo_body/share/diablo_body/environment/ament_prefix_path.sh
-- Symlinking: /home/diablo/diablo_ws/install/diablo_body/share/diablo_body/environment/ament_prefix_path.dsv
-- Symlinking: /home/diablo/diablo_ws/install/diablo_body/share/diablo_body/environment/path.sh
-- Symlinking: /home/diablo/diablo_ws/install/diablo_body/share/diablo_body/environment/path.dsv
-- Symlinking: /home/diablo/diablo_ws/install/diablo_body/share/diablo_body/local_setup.bash
-- Symlinking: /home/diablo/diablo_ws/install/diablo_body/share/diablo_body/local_setup.sh
-- Symlinking: /home/diablo/diablo_ws/install/diablo_body/share/diablo_body/local_setup.zsh
-- Symlinking: /home/diablo/diablo_ws/install/diablo_body/share/diablo_body/local_setup.dsv
-- Symlinking: /home/diablo/diablo_ws/install/diablo_body/share/diablo_body/package.dsv
-- Symlinking: /home/diablo/diablo_ws/install/diablo_body/share/ament_index/resource_index/packages/diablo_body
-- Symlinking: /home/diablo/diablo_ws/install/diablo_body/share/diablo_body/cmake/ament_cmake_export_include_directories-extras.cmake
-- Symlinking: /home/diablo/diablo_ws/install/diablo_body/share/diablo_body/cmake/ament_cmake_export_libraries-extras.cmake
-- Symlinking: /home/diablo/diablo_ws/install/diablo_body/share/diablo_body/cmake/ament_cmake_export_dependencies-extras.cmake
-- Symlinking: /home/diablo/diablo_ws/install/diablo_body/share/diablo_body/cmake/diablo_bodyConfig.cmake
-- Symlinking: /home/diablo/diablo_ws/install/diablo_body/share/diablo_body/cmake/diablo_bodyConfig-version.cmake
-- Symlinking: /home/diablo/diablo_ws/install/diablo_body/share/diablo_body/package.xml
